Component: ARM Compiler 5.06 update 6 (build 750) Tool: armlink [4d35ed]

==============================================================================

Section Cross References

    main.o(.text) refers to stm32f4xx_usart.o(.text) for USART_GetFlagStatus
    main.o(.text) refers to queue.o(.text) for xQueueGenericSendFromISR
    main.o(.text) refers to stm32f4_discovery.o(.text) for STM_EVAL_LEDToggle
    main.o(.text) refers to tasks.o(.text) for vTaskDelay
    main.o(.text) refers to printfa.o(i.__0vsnprintf) for __c89vsnprintf
    main.o(.text) refers to tm_stm32f4_usart_dma.o(.text) for TM_USART_DMA_Send
    main.o(.text) refers to custom_stm32f4_board.o(.text) for CUSTOM_GPIO_Init
    main.o(.text) refers to stm32f4x7_eth_bsp.o(.text) for ETH_BSP_Config
    main.o(.text) refers to netconf.o(.text) for LwIP_Init
    main.o(.text) refers to httpserver-netconn.o(.text) for http_server_netconn_init
    main.o(.text) refers to main.o(.bss) for .bss
    main.o(.text) refers to main.o(.data) for .data
    main.o(.text) refers to stm32f4xx_gpio.o(.text) for GPIO_SetBits
    main.o(.text) refers to stm32f4xx_tim.o(.text) for TIM_ITConfig
    main.o(.text) refers to stm32f4xx_it.o(.data) for pwm_count
    main.o(.text) refers to memcpya.o(.text) for __aeabi_memcpy
    main.o(.text) refers to pbuf.o(.text) for pbuf_free
    main.o(.text) refers to udp.o(.text) for udp_sendto_if
    main.o(.text) refers to netconf.o(.data) for p
    main.o(.text) refers to netconf.o(.bss) for xnetif
    main.o(.text) refers to netconf.o(.constdata) for dst_port
    main.o(.text) refers to netconf.o(.data) for dst_addr
    system_stm32f4xx.o(.text) refers to system_stm32f4xx.o(.data) for .data
    stm32f4xx_it.o(.text) refers to port.o(.text) for xPortSysTickHandler
    stm32f4xx_it.o(.text) refers to stm32f4x7_eth.o(.text) for ETH_GetDMAFlagStatus
    stm32f4xx_it.o(.text) refers to queue.o(.text) for xQueueGenericSendFromISR
    stm32f4xx_it.o(.text) refers to stm32f4xx_exti.o(.text) for EXTI_GetITStatus
    stm32f4xx_it.o(.text) refers to stm32f4xx_gpio.o(.text) for GPIO_ReadInputDataBit
    stm32f4xx_it.o(.text) refers to stm32f4xx_tim.o(.text) for TIM_GetITStatus
    stm32f4xx_it.o(.text) refers to ethernetif.o(.data) for s_xSemaphore
    stm32f4xx_it.o(.text) refers to main.o(.data) for exti_xSemaphore
    stm32f4xx_it.o(.text) refers to stm32f4xx_it.o(.data) for .data
    netconf.o(.text) refers to tcpip.o(.text) for tcpip_init
    netconf.o(.text) refers to inet.o(.text) for htonl
    netconf.o(.text) refers to netif.o(.text) for netif_add
    netconf.o(.text) refers to udp.o(.text) for udp_new
    netconf.o(.text) refers to ethernetif.o(.text) for ethernetif_init
    netconf.o(.text) refers to netconf.o(.bss) for .bss
    netconf.o(.text) refers to netconf.o(.data) for .data
    netconf.o(.text) refers to ip_addr.o(.constdata) for ip_addr_any
    netconf.o(.text) refers to main.o(.text) for udp_recv_fn
    stm32f4x7_eth_bsp.o(.text) refers to stm32f4xx_rcc.o(.text) for RCC_AHB1PeriphClockCmd
    stm32f4x7_eth_bsp.o(.text) refers to stm32f4x7_eth.o(.text) for ETH_DeInit
    stm32f4x7_eth_bsp.o(.text) refers to misc.o(.text) for NVIC_PriorityGroupConfig
    stm32f4x7_eth_bsp.o(.text) refers to stm32f4xx_syscfg.o(.text) for SYSCFG_ETH_MediaInterfaceConfig
    stm32f4x7_eth_bsp.o(.text) refers to stm32f4xx_gpio.o(.text) for GPIO_Init
    stm32f4x7_eth_bsp.o(.text) refers to stm32f4_discovery_lcd.o(.text) for LCD_SetTextColor
    stm32f4x7_eth_bsp.o(.text) refers to stm32f4x7_eth_bsp.o(.data) for .data
    fs.o(.text) refers to strcmp.o(.text) for strcmp
    fs.o(.text) refers to memcpya.o(.text) for __aeabi_memcpy
    fs.o(.text) refers to fs.o(.bss) for .bss
    fs.o(.text) refers to fs.o(.constdata) for .constdata
    fs.o(.constdata) refers to fs.o(.constdata) for data__STM32F4x7_files_logo_jpg
    fs.o(.constdata) refers to fs.o(.constdata) for file__STM32F4x7_files_logo_jpg
    fs.o(.constdata) refers to fs.o(.constdata) for data__STM32F4x7_files_ST_gif
    fs.o(.constdata) refers to fs.o(.constdata) for file__STM32F4x7_files_ST_gif
    fs.o(.constdata) refers to fs.o(.constdata) for data__STM32F4x7_files_stm32_jpg
    fs.o(.constdata) refers to fs.o(.constdata) for file__STM32F4x7_files_stm32_jpg
    fs.o(.constdata) refers to fs.o(.constdata) for data__404_html
    fs.o(.constdata) refers to fs.o(.constdata) for file__404_html
    fs.o(.constdata) refers to fs.o(.constdata) for data__STM32F4x7_html
    httpserver-netconn.o(.text) refers to memseta.o(.text) for __aeabi_memclr4
    httpserver-netconn.o(.text) refers to printf3.o(i.__0sprintf$3) for __2sprintf
    httpserver-netconn.o(.text) refers to strcat.o(.text) for strcat
    httpserver-netconn.o(.text) refers to strlen.o(.text) for strlen
    httpserver-netconn.o(.text) refers to tasks.o(.text) for vTaskList
    httpserver-netconn.o(.text) refers to api_lib.o(.text) for netconn_write
    httpserver-netconn.o(.text) refers to netbuf.o(.text) for netbuf_data
[...]
    USART_IrDAConfig                         0x08006c91   Thumb Code    16  stm32f4xx_usart.o(.text)
    USART_IrDACmd                            0x08006ca1   Thumb Code    24  stm32f4xx_usart.o(.text)
    USART_DMACmd                             0x08006cb9   Thumb Code    20  stm32f4xx_usart.o(.text)
    USART_ITConfig                           0x08006ccd   Thumb Code    54  stm32f4xx_usart.o(.text)
    USART_GetFlagStatus                      0x08006d03   Thumb Code    14  stm32f4xx_usart.o(.text)
    USART_ClearFlag                          0x08006d11   Thumb Code     8  stm32f4xx_usart.o(.text)
    USART_GetITStatus                        0x08006d19   Thumb Code    64  stm32f4xx_usart.o(.text)
    USART_ClearITPendingBit                  0x08006d59   Thumb Code    16  stm32f4xx_usart.o(.text)
    NVIC_PriorityGroupConfig                 0x08006d81   Thumb Code    10  misc.o(.text)
    NVIC_Init                                0x08006d8b   Thumb Code    98  misc.o(.text)
    NVIC_SetVectorTable                      0x08006ded   Thumb Code    14  misc.o(.text)
    NVIC_SystemLPConfig                      0x08006dfb   Thumb Code    24  misc.o(.text)
    SysTick_CLKSourceConfig                  0x08006e13   Thumb Code    28  misc.o(.text)
    DMA_DeInit                               0x08006e3d   Thumb Code   278  stm32f4xx_dma.o(.text)
    DMA_Init                                 0x08006f53   Thumb Code    80  stm32f4xx_dma.o(.text)
    DMA_StructInit                           0x08006fa3   Thumb Code    34  stm32f4xx_dma.o(.text)
    DMA_Cmd                                  0x08006fc5   Thumb Code    24  stm32f4xx_dma.o(.text)
    DMA_PeriphIncOffsetSizeConfig            0x08006fdd   Thumb Code    24  stm32f4xx_dma.o(.text)
    DMA_FlowControllerConfig                 0x08006ff5   Thumb Code    24  stm32f4xx_dma.o(.text)
    DMA_SetCurrDataCounter                   0x0800700d   Thumb Code     4  stm32f4xx_dma.o(.text)
    DMA_GetCurrDataCounter                   0x08007011   Thumb Code     6  stm32f4xx_dma.o(.text)
    DMA_DoubleBufferModeConfig               0x08007017   Thumb Code    26  stm32f4xx_dma.o(.text)
    DMA_DoubleBufferModeCmd                  0x08007031   Thumb Code    24  stm32f4xx_dma.o(.text)
    DMA_MemoryTargetConfig                   0x08007049   Thumb Code    12  stm32f4xx_dma.o(.text)
    DMA_GetCurrentMemoryTarget               0x08007055   Thumb Code    14  stm32f4xx_dma.o(.text)
    DMA_GetCmdStatus                         0x08007063   Thumb Code    14  stm32f4xx_dma.o(.text)
    DMA_GetFIFOStatus                        0x08007071   Thumb Code     8  stm32f4xx_dma.o(.text)
    DMA_GetFlagStatus                        0x08007079   Thumb Code    42  stm32f4xx_dma.o(.text)
    DMA_ClearFlag                            0x080070a3   Thumb Code    34  stm32f4xx_dma.o(.text)
    DMA_ITConfig                             0x080070c5   Thumb Code    50  stm32f4xx_dma.o(.text)
    DMA_GetITStatus                          0x080070f7   Thumb Code    70  stm32f4xx_dma.o(.text)
    DMA_ClearITPendingBit                    0x0800713d   Thumb Code    34  stm32f4xx_dma.o(.text)
    TIM_DeInit                               0x08007181   Thumb Code   376  stm32f4xx_tim.o(.text)
    TIM_TimeBaseInit                         0x080072f9   Thumb Code    96  stm32f4xx_tim.o(.text)
    TIM_TimeBaseStructInit                   0x08007359   Thumb Code    18  stm32f4xx_tim.o(.text)
    TIM_PrescalerConfig                      0x0800736b   Thumb Code     6  stm32f4xx_tim.o(.text)
    TIM_CounterModeConfig                    0x08007371   Thumb Code    12  stm32f4xx_tim.o(.text)
    TIM_SetCounter                           0x0800737d   Thumb Code     4  stm32f4xx_tim.o(.text)
    TIM_SetAutoreload                        0x08007381   Thumb Code     4  stm32f4xx_tim.o(.text)
    TIM_GetCounter                           0x08007385   Thumb Code     4  stm32f4xx_tim.o(.text)
    TIM_GetPrescaler                         0x08007389   Thumb Code     4  stm32f4xx_tim.o(.text)
    TIM_UpdateDisableConfig                  0x0800738d   Thumb Code    24  stm32f4xx_tim.o(.text)
    TIM_UpdateRequestConfig                  0x080073a5   Thumb Code    24  stm32f4xx_tim.o(.text)
    TIM_ARRPreloadConfig                     0x080073bd   Thumb Code    24  stm32f4xx_tim.o(.text)
    TIM_SelectOnePulseMode                   0x080073d5   Thumb Code    16  stm32f4xx_tim.o(.text)
    TIM_SetClockDivision                     0x080073e5   Thumb Code    16  stm32f4xx_tim.o(.text)
    TIM_Cmd                                  0x080073f5   Thumb Code    24  stm32f4xx_tim.o(.text)
    TIM_OC1Init                              0x0800740d   Thumb Code    96  stm32f4xx_tim.o(.text)
    TIM_OC2Init                              0x0800746d   Thumb Code   128  stm32f4xx_tim.o(.text)
    TIM_OC3Init                              0x080074ed   Thumb Code   176  stm32f4xx_tim.o(.text)
    TIM_OC4Init                              0x0800759d   Thumb Code    92  stm32f4xx_tim.o(.text)
    TIM_OCStructInit                         0x080075f9   Thumb Code    20  stm32f4xx_tim.o(.text)
    TIM_SelectOCxM                           0x0800760d   Thumb Code    80  stm32f4xx_tim.o(.text)
    TIM_SetCompare1                          0x0800765d   Thumb Code     4  stm32f4xx_tim.o(.text)
    TIM_SetCompare2                          0x08007661   Thumb Code     4  stm32f4xx_tim.o(.text)
    TIM_SetCompare3                          0x08007665   Thumb Code     4  stm32f4xx_tim.o(.text)
    TIM_SetCompare4                          0x08007669   Thumb Code     4  stm32f4xx_tim.o(.text)
    TIM_ForcedOC1Config                      0x0800766d   Thumb Code    12  stm32f4xx_tim.o(.text)
    TIM_ForcedOC2Config                      0x08007679   Thumb Code    20  stm32f4xx_tim.o(.text)
    TIM_ForcedOC3Config                      0x0800768d   Thumb Code    12  stm32f4xx_tim.o(.text)
    TIM_ForcedOC4Config                      0x08007699   Thumb Code    20  stm32f4xx_tim.o(.text)
    TIM_OC1PreloadConfig                     0x080076ad   Thumb Code    12  stm32f4xx_tim.o(.text)
    TIM_OC2PreloadConfig                     0x080076b9   Thumb Code    20  stm32f4xx_tim.o(.text)
    TIM_OC3PreloadConfig                     0x080076cd   Thumb Code    12  stm32f4xx_tim.o(.text)
    TIM_OC4PreloadConfig                     0x080076d9   Thumb Code    20  stm32f4xx_tim.o(.text)
    TIM_OC1FastConfig                        0x080076ed   Thumb Code    12  stm32f4xx_tim.o(.text)
    TIM_OC2FastConfig                        0x080076f9   Thumb Code    20  stm32f4xx_tim.o(.text)
    TIM_OC3FastConfig                        0x0800770d   Thumb Code    12  stm32f4xx_tim.o(.text)
    TIM_OC4FastConfig                        0x08007719   Thumb Code    20  stm32f4xx_tim.o(.text)
    TIM_ClearOC1Ref                          0x0800772d   Thumb Code    12  stm32f4xx_tim.o(.text)
    TIM_ClearOC2Ref                          0x08007739   Thumb Code    20  stm32f4xx_tim.o(.text)
    TIM_ClearOC3Ref                          0x0800774d   Thumb Code    12  stm32f4xx_tim.o(.text)
    TIM_ClearOC4Ref                          0x08007759   Thumb Code    20  stm32f4xx_tim.o(.text)
    TIM_OC1PolarityConfig                    0x0800776d   Thumb Code    12  stm32f4xx_tim.o(.text)
    TIM_OC1NPolarityConfig                   0x08007779   Thumb Code    12  stm32f4xx_tim.o(.text)
    TIM_OC2PolarityConfig                    0x08007785   Thumb Code    20  stm32f4xx_tim.o(.text)
    TIM_OC2NPolarityConfig                   0x08007799   Thumb Code    20  stm32f4xx_tim.o(.text)
    TIM_OC3PolarityConfig                    0x080077ad   Thumb Code    20  stm32f4xx_tim.o(.text)
    TIM_OC3NPolarityConfig                   0x080077c1   Thumb Code    20  stm32f4xx_tim.o(.text)
    TIM_OC4PolarityConfig                    0x080077d5   Thumb Code    20  stm32f4xx_tim.o(.text)
    TIM_CCxCmd                               0x080077e9   Thumb Code    22  stm32f4xx_tim.o(.text)
    TIM_CCxNCmd                              0x080077ff   Thumb Code    22  stm32f4xx_tim.o(.text)
    TIM_SetIC4Prescaler                      0x08007815   Thumb Code    24  stm32f4xx_tim.o(.text)
    TIM_SetIC3Prescaler                      0x08007863   Thumb Code    16  stm32f4xx_tim.o(.text)
    TIM_SetIC2Prescaler                      0x080078a5   Thumb Code    24  stm32f4xx_tim.o(.text)
    TIM_SetIC1Prescaler                      0x080078f3   Thumb Code    16  stm32f4xx_tim.o(.text)
    TIM_ICInit                               0x08007931   Thumb Code    90  stm32f4xx_tim.o(.text)
    TIM_ICStructInit                         0x0800798b   Thumb Code    16  stm32f4xx_tim.o(.text)
    TIM_PWMIConfig                           0x0800799b   Thumb Code   116  stm32f4xx_tim.o(.text)
    TIM_GetCapture1                          0x08007a0f   Thumb Code     4  stm32f4xx_tim.o(.text)
    TIM_GetCapture2                          0x08007a13   Thumb Code     4  stm32f4xx_tim.o(.text)
    TIM_GetCapture3                          0x08007a17   Thumb Code     4  stm32f4xx_tim.o(.text)
    TIM_GetCapture4                          0x08007a1b   Thumb Code     4  stm32f4xx_tim.o(.text)
    TIM_BDTRConfig                           0x08007a1f   Thumb Code    34  stm32f4xx_tim.o(.text)
    TIM_BDTRStructInit                       0x08007a41   Thumb Code    18  stm32f4xx_tim.o(.text)
    TIM_CtrlPWMOutputs                       0x08007a53   Thumb Code    28  stm32f4xx_tim.o(.text)
    TIM_SelectCOM                            0x08007a6f   Thumb Code    24  stm32f4xx_tim.o(.text)
    TIM_CCPreloadControl                     0x08007a87   Thumb Code    24  stm32f4xx_tim.o(.text)
    TIM_ITConfig                             0x08007a9f   Thumb Code    20  stm32f4xx_tim.o(.text)
    TIM_GenerateEvent                        0x08007ab3   Thumb Code     4  stm32f4xx_tim.o(.text)
    TIM_GetFlagStatus                        0x08007ab7   Thumb Code    14  stm32f4xx_tim.o(.text)
    TIM_ClearFlag                            0x08007ac5   Thumb Code     6  stm32f4xx_tim.o(.text)
    TIM_GetITStatus                          0x08007acb   Thumb Code    24  stm32f4xx_tim.o(.text)
    TIM_ClearITPendingBit                    0x08007ae3   Thumb Code     6  stm32f4xx_tim.o(.text)
    TIM_DMAConfig                            0x08007ae9   Thumb Code     8  stm32f4xx_tim.o(.text)
    TIM_DMACmd                               0x08007af1   Thumb Code    20  stm32f4xx_tim.o(.text)
    TIM_SelectCCDMA                          0x08007b05   Thumb Code    24  stm32f4xx_tim.o(.text)
    TIM_InternalClockConfig                  0x08007b1d   Thumb Code    10  stm32f4xx_tim.o(.text)
    TIM_SelectInputTrigger                   0x08007b27   Thumb Code    12  stm32f4xx_tim.o(.text)
    TIM_ITRxExternalClockConfig              0x08007b33   Thumb Code    20  stm32f4xx_tim.o(.text)
    TIM_TIxExternalClockConfig               0x08007b47   Thumb Code    48  stm32f4xx_tim.o(.text)
    TIM_ETRConfig                            0x08007b77   Thumb Code    24  stm32f4xx_tim.o(.text)
    TIM_ETRClockMode1Config                  0x08007b8f   Thumb Code    32  stm32f4xx_tim.o(.text)
    TIM_ETRClockMode2Config                  0x08007baf   Thumb Code    20  stm32f4xx_tim.o(.text)
    TIM_SelectOutputTrigger                  0x08007bc3   Thumb Code    16  stm32f4xx_tim.o(.text)
    TIM_SelectSlaveMode                      0x08007bd3   Thumb Code    16  stm32f4xx_tim.o(.text)
    TIM_SelectMasterSlaveMode                0x08007be3   Thumb Code    16  stm32f4xx_tim.o(.text)
    TIM_EncoderInterfaceConfig               0x08007bf3   Thumb Code    50  stm32f4xx_tim.o(.text)
    TIM_SelectHallSensor                     0x08007c25   Thumb Code    24  stm32f4xx_tim.o(.text)
    TIM_RemapConfig                          0x08007c3d   Thumb Code     6  stm32f4xx_tim.o(.text)
    ETH_DeInit                               0x08007c5d   Thumb Code    24  stm32f4x7_eth.o(.text)
    ETH_StructInit                           0x08007c75   Thumb Code   154  stm32f4x7_eth.o(.text)
    ETH_WritePHYRegister                     0x08007d0f   Thumb Code    80  stm32f4x7_eth.o(.text)
    ETH_ReadPHYRegister                      0x08007d5f   Thumb Code    80  stm32f4x7_eth.o(.text)
    ETH_Init                                 0x08007daf   Thumb Code   560  stm32f4x7_eth.o(.text)
    ETH_DMAReceptionCmd                      0x08007fdf   Thumb Code    26  stm32f4x7_eth.o(.text)
    ETH_DMATransmissionCmd                   0x08007ff9   Thumb Code    26  stm32f4x7_eth.o(.text)
    ETH_MACReceptionCmd                      0x08008013   Thumb Code    26  stm32f4x7_eth.o(.text)
    ETH_FlushTransmitFIFO                    0x0800802d   Thumb Code    12  stm32f4x7_eth.o(.text)
    ETH_MACTransmissionCmd                   0x08008039   Thumb Code    26  stm32f4x7_eth.o(.text)
    ETH_Start                                0x08008053   Thumb Code    32  stm32f4x7_eth.o(.text)
    ETH_GetFlowControlBusyStatus             0x08008073   Thumb Code    14  stm32f4x7_eth.o(.text)
    ETH_InitiatePauseControlFrame            0x08008081   Thumb Code    12  stm32f4x7_eth.o(.text)
    ETH_BackPressureActivationCmd            0x0800808d   Thumb Code    26  stm32f4x7_eth.o(.text)
    ETH_GetMACFlagStatus                     0x080080a7   Thumb Code    16  stm32f4x7_eth.o(.text)
    ETH_GetMACITStatus                       0x080080b7   Thumb Code    16  stm32f4x7_eth.o(.text)
    ETH_MACITConfig                          0x080080c7   Thumb Code    22  stm32f4x7_eth.o(.text)
    ETH_MACAddressConfig                     0x080080dd   Thumb Code    96  stm32f4x7_eth.o(.text)
    ETH_GetMACAddress                        0x0800813d   Thumb Code    30  stm32f4x7_eth.o(.text)
    ETH_MACAddressPerfectFilterCmd           0x0800815b   Thumb Code    28  stm32f4x7_eth.o(.text)
    ETH_MACAddressFilterConfig               0x08008177   Thumb Code    28  stm32f4x7_eth.o(.text)
    ETH_MACAddressMaskBytesFilterConfig      0x08008193   Thumb Code    20  stm32f4x7_eth.o(.text)
    ETH_Get_Received_Frame                   0x080081a7   Thumb Code    56  stm32f4x7_eth.o(.text)
    ETH_Get_Received_Frame_interrupt         0x080081df   Thumb Code   156  stm32f4x7_eth.o(.text)
    ETH_Prepare_Transmit_Descriptors         0x0800827b   Thumb Code   166  stm32f4x7_eth.o(.text)
    ETH_DMARxDescChainInit                   0x08008321   Thumb Code    78  stm32f4x7_eth.o(.text)
    ETH_CheckFrameReceived                   0x0800836f   Thumb Code   100  stm32f4x7_eth.o(.text)
    ETH_DMATxDescChainInit                   0x080083d3   Thumb Code    62  stm32f4x7_eth.o(.text)
    ETH_GetDMATxDescFlagStatus               0x08008411   Thumb Code    14  stm32f4x7_eth.o(.text)
    ETH_GetDMATxDescCollisionCount           0x0800841f   Thumb Code     8  stm32f4x7_eth.o(.text)
    ETH_SetDMATxDescOwnBit                   0x08008427   Thumb Code    10  stm32f4x7_eth.o(.text)
    ETH_DMATxDescTransmitITConfig            0x08008431   Thumb Code    24  stm32f4x7_eth.o(.text)
    ETH_DMATxDescFrameSegmentConfig          0x08008449   Thumb Code     8  stm32f4x7_eth.o(.text)
    ETH_DMATxDescChecksumInsertionConfig     0x08008451   Thumb Code     8  stm32f4x7_eth.o(.text)
    ETH_DMATxDescCRCCmd                      0x08008459   Thumb Code    24  stm32f4x7_eth.o(.text)
    ETH_DMATxDescSecondAddressChainedCmd     0x08008471   Thumb Code    24  stm32f4x7_eth.o(.text)
    ETH_DMATxDescShortFramePaddingCmd        0x08008489   Thumb Code    24  stm32f4x7_eth.o(.text)
    ETH_DMATxDescBufferSizeConfig            0x080084a1   Thumb Code    12  stm32f4x7_eth.o(.text)
    ETH_GetDMARxDescFlagStatus               0x080084ad   Thumb Code    14  stm32f4x7_eth.o(.text)
    ETH_GetDMAPTPRxDescExtendedFlagStatus    0x080084bb   Thumb Code    14  stm32f4x7_eth.o(.text)
    ETH_SetDMARxDescOwnBit                   0x080084c9   Thumb Code    10  stm32f4x7_eth.o(.text)
    ETH_GetDMARxDescFrameLength              0x080084d3   Thumb Code     8  stm32f4x7_eth.o(.text)
    ETH_DMARxDescReceiveITConfig             0x080084db   Thumb Code    22  stm32f4x7_eth.o(.text)
    ETH_GetDMARxDescBufferSize               0x080084f1   Thumb Code    18  stm32f4x7_eth.o(.text)
    ETH_GetRxPktSize                         0x08008503   Thumb Code    50  stm32f4x7_eth.o(.text)
    ETH_EnhancedDescriptorCmd                0x08008535   Thumb Code    26  stm32f4x7_eth.o(.text)
    ETH_SoftwareReset                        0x0800854f   Thumb Code    12  stm32f4x7_eth.o(.text)
    ETH_GetSoftwareResetStatus               0x0800855b   Thumb Code    14  stm32f4x7_eth.o(.text)
    ETH_GetDMAFlagStatus                     0x08008569   Thumb Code    16  stm32f4x7_eth.o(.text)
    ETH_DMAClearFlag                         0x08008579   Thumb Code     6  stm32f4x7_eth.o(.text)
    ETH_DMAITConfig                          0x0800857f   Thumb Code    22  stm32f4x7_eth.o(.text)
    ETH_GetDMAITStatus                       0x08008595   Thumb Code    16  stm32f4x7_eth.o(.text)
    ETH_DMAClearITPendingBit                 0x080085a5   Thumb Code     6  stm32f4x7_eth.o(.text)
    ETH_GetTransmitProcessState              0x080085ab   Thumb Code    10  stm32f4x7_eth.o(.text)
    ETH_GetReceiveProcessState               0x080085b5   Thumb Code    10  stm32f4x7_eth.o(.text)
    ETH_GetFlushTransmitFIFOStatus           0x080085bf   Thumb Code    14  stm32f4x7_eth.o(.text)
    ETH_GetDMAOverflowStatus                 0x080085cd   Thumb Code    16  stm32f4x7_eth.o(.text)
    ETH_GetRxOverflowMissedFrameCounter      0x080085dd   Thumb Code    10  stm32f4x7_eth.o(.text)
    ETH_GetBufferUnavailableMissedFrameCounter 0x080085e7   Thumb Code     8  stm32f4x7_eth.o(.text)
    ETH_GetCurrentTxDescStartAddress         0x080085ef   Thumb Code     6  stm32f4x7_eth.o(.text)
    ETH_GetCurrentRxDescStartAddress         0x080085f5   Thumb Code     6  stm32f4x7_eth.o(.text)
    ETH_GetCurrentTxBufferAddress            0x080085fb   Thumb Code     6  stm32f4x7_eth.o(.text)
    ETH_GetCurrentRxBufferAddress            0x08008601   Thumb Code     6  stm32f4x7_eth.o(.text)
    ETH_ResumeDMATransmission                0x08008607   Thumb Code     8  stm32f4x7_eth.o(.text)
    ETH_ResumeDMAReception                   0x0800860f   Thumb Code     8  stm32f4x7_eth.o(.text)
    ETH_SetReceiveWatchdogTimer              0x08008617   Thumb Code     6  stm32f4x7_eth.o(.text)
    ETH_PHYLoopBackCmd                       0x0800861d   Thumb Code    44  stm32f4x7_eth.o(.text)
    ETH_ResetWakeUpFrameFilterRegisterPointer 0x08008649   Thumb Code    12  stm32f4x7_eth.o(.text)
    ETH_SetWakeUpFrameFilterRegister         0x08008655   Thumb Code    18  stm32f4x7_eth.o(.text)
    ETH_GlobalUnicastWakeUpCmd               0x08008667   Thumb Code    26  stm32f4x7_eth.o(.text)
    ETH_GetPMTFlagStatus                     0x08008681   Thumb Code    16  stm32f4x7_eth.o(.text)
    ETH_WakeUpFrameDetectionCmd              0x08008691   Thumb Code    26  stm32f4x7_eth.o(.text)
    ETH_MagicPacketDetectionCmd              0x080086ab   Thumb Code    26  stm32f4x7_eth.o(.text)
    ETH_PowerDownCmd                         0x080086c5   Thumb Code    26  stm32f4x7_eth.o(.text)
    ETH_MMCCounterFullPreset                 0x080086df   Thumb Code    12  stm32f4x7_eth.o(.text)
    ETH_MMCCounterHalfPreset                 0x080086eb   Thumb Code    20  stm32f4x7_eth.o(.text)
    ETH_MMCCounterFreezeCmd                  0x080086ff   Thumb Code    34  stm32f4x7_eth.o(.text)
    ETH_MMCResetOnReadCmd                    0x08008721   Thumb Code    34  stm32f4x7_eth.o(.text)
    ETH_MMCCounterRolloverCmd                0x08008743   Thumb Code    34  stm32f4x7_eth.o(.text)
    ETH_MMCCountersReset                     0x08008765   Thumb Code    12  stm32f4x7_eth.o(.text)
    ETH_MMCITConfig                          0x08008771   Thumb Code    62  stm32f4x7_eth.o(.text)
    ETH_GetMMCITStatus                       0x080087af   Thumb Code    50  stm32f4x7_eth.o(.text)
    ETH_GetMMCRegister                       0x080087e1   Thumb Code     6  stm32f4x7_eth.o(.text)
    netconn_new_with_proto_and_callback      0x080087f5   Thumb Code    66  api_lib.o(.text)
    netconn_delete                           0x08008837   Thumb Code    42  api_lib.o(.text)
    netconn_getaddr                          0x08008861   Thumb Code    48  api_lib.o(.text)
    netconn_bind                             0x08008891   Thumb Code    40  api_lib.o(.text)
    netconn_connect                          0x080088b9   Thumb Code    40  api_lib.o(.text)
    netconn_disconnect                       0x080088e1   Thumb Code    34  api_lib.o(.text)
    netconn_listen_with_backlog              0x08008903   Thumb Code    34  api_lib.o(.text)
    netconn_accept                           0x08008925   Thumb Code    44  api_lib.o(.text)
    netconn_recv                             0x08008951   Thumb Code   228  api_lib.o(.text)
    netconn_send                             0x08008a35   Thumb Code    36  api_lib.o(.text)
    netconn_sendto                           0x08008a59   Thumb Code    16  api_lib.o(.text)
    netconn_write                            0x08008a69   Thumb Code    54  api_lib.o(.text)
    netconn_close                            0x08008a9f   Thumb Code    34  api_lib.o(.text)
    netconn_free                             0x08008e6f   Thumb Code   108  api_msg.o(.text)
    netconn_alloc                            0x08008edb   Thumb Code   138  api_msg.o(.text)
    do_newconn                               0x08009049   Thumb Code    30  api_msg.o(.text)
    do_delconn                               0x08009067   Thumb Code   104  api_msg.o(.text)
    do_bind                                  0x080090cf   Thumb Code   100  api_msg.o(.text)
    do_connect                               0x08009161   Thumb Code   162  api_msg.o(.text)
    do_disconnect                            0x08009203   Thumb Code    34  api_msg.o(.text)
    do_listen                                0x08009225   Thumb Code   146  api_msg.o(.text)
    do_send                                  0x080092b7   Thumb Code   106  api_msg.o(.text)
    do_recv                                  0x08009321   Thumb Code    46  api_msg.o(.text)
    do_write                                 0x0800934f   Thumb Code    52  api_msg.o(.text)
    do_getaddr                               0x08009383   Thumb Code   136  api_msg.o(.text)
    do_close                                 0x0800940b   Thumb Code    34  api_msg.o(.text)
    netbuf_new                               0x08009435   Thumb Code    26  netbuf.o(.text)
    netbuf_delete                            0x0800944f   Thumb Code    36  netbuf.o(.text)
    netbuf_alloc                             0x08009473   Thumb Code    46  netbuf.o(.text)
    netbuf_free                              0x080094a1   Thumb Code    24  netbuf.o(.text)
    netbuf_ref                               0x080094b9   Thumb Code    66  netbuf.o(.text)
    netbuf_chain                             0x080094fb   Thumb Code    40  netbuf.o(.text)
    netbuf_data                              0x08009523   Thumb Code    48  netbuf.o(.text)
    netbuf_next                              0x08009553   Thumb Code    36  netbuf.o(.text)
    netbuf_first                             0x08009577   Thumb Code    10  netbuf.o(.text)
    tcp_timer_needed                         0x080095a9   Thumb Code    36  tcpip.o(.text)
    tcpip_input                              0x080096e1   Thumb Code    76  tcpip.o(.text)
    tcpip_callback_with_block                0x0800972d   Thumb Code    96  tcpip.o(.text)
    tcpip_timeout                            0x0800978d   Thumb Code    60  tcpip.o(.text)
    tcpip_untimeout                          0x080097c9   Thumb Code    54  tcpip.o(.text)
    tcpip_apimsg                             0x080097ff   Thumb Code    50  tcpip.o(.text)
    tcpip_init                               0x08009831   Thumb Code    44  tcpip.o(.text)
    pbuf_free_callback                       0x08009861   Thumb Code     8  tcpip.o(.text)
    mem_free_callback                        0x08009869   Thumb Code     8  tcpip.o(.text)
    udp_input                                0x080098a5   Thumb Code   408  udp.o(.text)
    udp_bind                                 0x08009a3d   Thumb Code    94  udp.o(.text)
    udp_sendto_if                            0x08009a9b   Thumb Code   182  udp.o(.text)
    udp_sendto                               0x08009b51   Thumb Code    40  udp.o(.text)
    udp_send                                 0x08009b79   Thumb Code     6  udp.o(.text)
    udp_connect                              0x08009b7f   Thumb Code    74  udp.o(.text)
    udp_disconnect                           0x08009bc9   Thumb Code    20  udp.o(.text)
    udp_recv                                 0x08009bdd   Thumb Code     6  udp.o(.text)
    udp_remove                               0x08009be3   Thumb Code    40  udp.o(.text)
    udp_new                                  0x08009c0b   Thumb Code    28  udp.o(.text)
    lwip_init                                0x08009c33   Thumb Code    26  init.o(.text)
    mem_init                                 0x08009c9b   Thumb Code    52  mem.o(.text)
    mem_free                                 0x08009ccf   Thumb Code    62  mem.o(.text)
    mem_realloc                              0x08009d0d   Thumb Code   228  mem.o(.text)
    mem_malloc                               0x08009df1   Thumb Code   198  mem.o(.text)
    mem_calloc                               0x08009eb7   Thumb Code    28  mem.o(.text)
    memp_init                                0x08009edd   Thumb Code    78  memp.o(.text)
    memp_malloc                              0x08009f2b   Thumb Code    30  memp.o(.text)
    memp_free                                0x08009f49   Thumb Code    20  memp.o(.text)
    netif_set_gw                             0x08009f65   Thumb Code    14  netif.o(.text)
    netif_set_netmask                        0x08009f73   Thumb Code    14  netif.o(.text)
    netif_set_ipaddr                         0x08009f81   Thumb Code    96  netif.o(.text)
    netif_set_addr                           0x08009fe1   Thumb Code    32  netif.o(.text)
    netif_add                                0x0800a001   Thumb Code    70  netif.o(.text)
    netif_set_default                        0x0800a047   Thumb Code     6  netif.o(.text)
    netif_remove                             0x0800a04d   Thumb Code    52  netif.o(.text)
    netif_find                               0x0800a081   Thumb Code    60  netif.o(.text)
    netif_set_up                             0x0800a0bd   Thumb Code    28  netif.o(.text)
    netif_set_down                           0x0800a0d9   Thumb Code    18  netif.o(.text)
    netif_is_up                              0x0800a0eb   Thumb Code    10  netif.o(.text)
    pbuf_free                                0x0800a101   Thumb Code    82  pbuf.o(.text)
    pbuf_alloc                               0x0800a153   Thumb Code   298  pbuf.o(.text)
    pbuf_realloc                             0x0800a27d   Thumb Code    78  pbuf.o(.text)
    pbuf_header                              0x0800a2cb   Thumb Code   104  pbuf.o(.text)
    pbuf_clen                                0x0800a333   Thumb Code    18  pbuf.o(.text)
    pbuf_ref                                 0x0800a345   Thumb Code    12  pbuf.o(.text)
    pbuf_cat                                 0x0800a351   Thumb Code    40  pbuf.o(.text)
    pbuf_chain                               0x0800a379   Thumb Code    18  pbuf.o(.text)
    pbuf_dechain                             0x0800a38b   Thumb Code    44  pbuf.o(.text)
    pbuf_copy                                0x0800a3b7   Thumb Code   148  pbuf.o(.text)
    pbuf_copy_partial                        0x0800a44b   Thumb Code   106  pbuf.o(.text)
    pbuf_take                                0x0800a4b5   Thumb Code    86  pbuf.o(.text)
    pbuf_coalesce                            0x0800a50b   Thumb Code    52  pbuf.o(.text)
    raw_input                                0x0800a541   Thumb Code    98  raw.o(.text)
    raw_bind                                 0x0800a5a3   Thumb Code    16  raw.o(.text)
    raw_connect                              0x0800a5b3   Thumb Code    16  raw.o(.text)
    raw_recv                                 0x0800a5c3   Thumb Code     6  raw.o(.text)
    raw_sendto                               0x0800a5c9   Thumb Code   144  raw.o(.text)
    raw_send                                 0x0800a659   Thumb Code     4  raw.o(.text)
    raw_remove                               0x0800a65d   Thumb Code    40  raw.o(.text)
    raw_new                                  0x0800a685   Thumb Code    40  raw.o(.text)
    sys_mbox_fetch                           0x0800a6b1   Thumb Code   106  sys.o(.text)
    sys_sem_wait                             0x0800a71b   Thumb Code    96  sys.o(.text)
    sys_timeout                              0x0800a77b   Thumb Code   112  sys.o(.text)
    sys_untimeout                            0x0800a7eb   Thumb Code    80  sys.o(.text)
    sys_sem_wait_timeout                     0x0800a847   Thumb Code    58  sys.o(.text)
    sys_msleep                               0x0800a881   Thumb Code    30  sys.o(.text)
    tcp_seg_free                             0x0800a8a5   Thumb Code    32  tcp.o(.text)
    tcp_segs_free                            0x0800a8c5   Thumb Code    26  tcp.o(.text)
    tcp_pcb_purge                            0x0800a8df   Thumb Code    48  tcp.o(.text)
    tcp_slowtmr                              0x0800a90f   Thumb Code   550  tcp.o(.text)
    tcp_pcb_remove                           0x0800ab35   Thumb Code    92  tcp.o(.text)
    tcp_close                                0x0800ab91   Thumb Code   204  tcp.o(.text)
    tcp_update_rcv_ann_wnd                   0x0800ac5d   Thumb Code    54  tcp.o(.text)
    tcp_recved                               0x0800ac93   Thumb Code    60  tcp.o(.text)
    tcp_recv_null                            0x0800accf   Thumb Code    54  tcp.o(.text)
    tcp_fasttmr                              0x0800ad05   Thumb Code    86  tcp.o(.text)
    tcp_tmr                                  0x0800ad5b   Thumb Code    26  tcp.o(.text)
    tcp_abandon                              0x0800ad75   Thumb Code   148  tcp.o(.text)
    tcp_bind                                 0x0800ae5f   Thumb Code   200  tcp.o(.text)
    tcp_listen_with_backlog                  0x0800af2d   Thumb Code   142  tcp.o(.text)
    tcp_eff_send_mss                         0x0800afbb   Thumb Code    32  tcp.o(.text)
    tcp_next_iss                             0x0800afdb   Thumb Code    12  tcp.o(.text)
    tcp_connect                              0x0800afe7   Thumb Code   202  tcp.o(.text)
    tcp_setprio                              0x0800b0b1   Thumb Code     4  tcp.o(.text)
    tcp_alloc                                0x0800b12b   Thumb Code   154  tcp.o(.text)
    tcp_new                                  0x0800b1c5   Thumb Code     4  tcp.o(.text)
    tcp_arg                                  0x0800b1c9   Thumb Code     4  tcp.o(.text)
    tcp_recv                                 0x0800b1cd   Thumb Code     6  tcp.o(.text)
    tcp_sent                                 0x0800b1d3   Thumb Code     6  tcp.o(.text)
    tcp_err                                  0x0800b1d9   Thumb Code     6  tcp.o(.text)
    tcp_accept                               0x0800b1df   Thumb Code     4  tcp.o(.text)
    tcp_poll                                 0x0800b1e3   Thumb Code    10  tcp.o(.text)
    tcp_debug_state_str                      0x0800b1ed   Thumb Code    10  tcp.o(.text)
    tcp_input                                0x0800bc67   Thumb Code   834  tcp_in.o(.text)
    tcp_enqueue                              0x0800c025   Thumb Code   858  tcp_out.o(.text)
    tcp_send_ctrl                            0x0800c37f   Thumb Code    20  tcp_out.o(.text)
    tcp_write                                0x0800c393   Thumb Code    46  tcp_out.o(.text)
    tcp_send_empty_ack                       0x0800c3c1   Thumb Code    86  tcp_out.o(.text)
    tcp_output                               0x0800c4c1   Thumb Code   416  tcp_out.o(.text)
    tcp_rst                                  0x0800c661   Thumb Code   158  tcp_out.o(.text)
    tcp_rexmit_rto                           0x0800c6ff   Thumb Code    44  tcp_out.o(.text)
    tcp_rexmit                               0x0800c72b   Thumb Code    70  tcp_out.o(.text)
    tcp_rexmit_fast                          0x0800c771   Thumb Code    96  tcp_out.o(.text)
    tcp_keepalive                            0x0800c7d1   Thumb Code    72  tcp_out.o(.text)
    tcp_zero_window_probe                    0x0800c819   Thumb Code   174  tcp_out.o(.text)
    dhcp_renew                               0x0800cda5   Thumb Code   146  dhcp.o(.text)
    dhcp_coarse_tmr                          0x0800ceef   Thumb Code    58  dhcp.o(.text)
    dhcp_release                             0x0800cfd3   Thumb Code   178  dhcp.o(.text)
    dhcp_fine_tmr                            0x0800d205   Thumb Code    46  dhcp.o(.text)
    dhcp_stop                                0x0800d32f   Thumb Code    48  dhcp.o(.text)
    dhcp_start                               0x0800d4c7   Thumb Code   162  dhcp.o(.text)
    dhcp_inform                              0x0800d569   Thumb Code   150  dhcp.o(.text)
    dhcp_network_changed                     0x0800d5ff   Thumb Code    68  dhcp.o(.text)
    dhcp_arp_reply                           0x0800d6c5   Thumb Code    28  dhcp.o(.text)
    autoip_init                              0x0800d6ed   Thumb Code     2  autoip.o(.text)
    autoip_start                             0x0800d77b   Thumb Code    96  autoip.o(.text)
    autoip_network_changed                   0x0800d875   Thumb Code    32  autoip.o(.text)
    autoip_stop                              0x0800d895   Thumb Code    16  autoip.o(.text)
    autoip_tmr                               0x0800d8a5   Thumb Code   204  autoip.o(.text)
    autoip_arp_reply                         0x0800d971   Thumb Code   140  autoip.o(.text)
    icmp_input                               0x0800da1d   Thumb Code   324  icmp.o(.text)
    icmp_dest_unreach                        0x0800dbc9   Thumb Code     6  icmp.o(.text)
    htonl                                    0x0800dbd1   Thumb Code    24  inet.o(.text)
    inet_aton                                0x0800dbe9   Thumb Code   276  inet.o(.text)
    inet_addr                                0x0800dcfd   Thumb Code    20  inet.o(.text)
    inet_ntoa                                0x0800dd11   Thumb Code    92  inet.o(.text)
    htons                                    0x0800dd6d   Thumb Code    10  inet.o(.text)
    ntohs                                    0x0800dd77   Thumb Code     2  inet.o(.text)
    ntohl                                    0x0800dd79   Thumb Code     2  inet.o(.text)
    inet_chksum_pseudo                       0x0800ddbb   Thumb Code   134  inet_chksum.o(.text)
    inet_chksum                              0x0800de41   Thumb Code    12  inet_chksum.o(.text)
    inet_chksum_pbuf                         0x0800de4d   Thumb Code    72  inet_chksum.o(.text)
    ip_route                                 0x0800de95   Thumb Code    62  ip.o(.text)
    ip_input                                 0x0800ded3   Thumb Code   426  ip.o(.text)
    ip_output_if                             0x0800e07d   Thumb Code   186  ip.o(.text)
    ip_output                                0x0800e137   Thumb Code    52  ip.o(.text)
    ip_addr_isbroadcast                      0x0800e179   Thumb Code    62  ip_addr.o(.text)
    etharp_tmr                               0x0800e1b9   Thumb Code    50  etharp.o(.text)
    etharp_find_addr                         0x0800e379   Thumb Code    44  etharp.o(.text)
    etharp_ip_input                          0x0800e3a5   Thumb Code    40  etharp.o(.text)
    etharp_arp_input                         0x0800e3cd   Thumb Code   296  etharp.o(.text)
    etharp_raw                               0x0800e4f5   Thumb Code   192  etharp.o(.text)
    etharp_request                           0x0800e5b5   Thumb Code    32  etharp.o(.text)
    etharp_query                             0x0800e5d5   Thumb Code   140  etharp.o(.text)
    etharp_output                            0x0800e661   Thumb Code   180  etharp.o(.text)
    ethernet_input                           0x0800e715   Thumb Code    82  etharp.o(.text)
    ethernetif_init                          0x0800e94b   Thumb Code    42  ethernetif.o(.text)
    sys_mbox_new                             0x0800e9ad   Thumb Code     8  sys_arch.o(.text)
    sys_mbox_free                            0x0800e9b5   Thumb Code    20  sys_arch.o(.text)
    sys_mbox_post                            0x0800e9c9   Thumb Code    26  sys_arch.o(.text)
    sys_mbox_trypost                         0x0800e9e3   Thumb Code    26  sys_arch.o(.text)
    sys_arch_mbox_fetch                      0x0800e9fd   Thumb Code    84  sys_arch.o(.text)
    sys_arch_mbox_tryfetch                   0x0800ea51   Thumb Code    30  sys_arch.o(.text)
    sys_sem_new                              0x0800ea6f   Thumb Code    54  sys_arch.o(.text)
    sys_arch_sem_wait                        0x0800eaa5   Thumb Code    74  sys_arch.o(.text)
    sys_sem_signal                           0x0800eaef   Thumb Code    10  sys_arch.o(.text)
    sys_sem_free                             0x0800eaf9   Thumb Code     4  sys_arch.o(.text)
    sys_init                                 0x0800eafd   Thumb Code    28  sys_arch.o(.text)
    sys_arch_timeouts                        0x0800eb19   Thumb Code    38  sys_arch.o(.text)
    sys_thread_new                           0x0800eb3f   Thumb Code    76  sys_arch.o(.text)
    sys_arch_protect                         0x0800eb8b   Thumb Code    10  sys_arch.o(.text)
    sys_arch_unprotect                       0x0800eb95   Thumb Code     4  sys_arch.o(.text)
    sys_assert                               0x0800eb99   Thumb Code     6  sys_arch.o(.text)
    vListInitialise                          0x0800eba9   Thumb Code    22  list.o(.text)
    vListInitialiseItem                      0x0800ebbf   Thumb Code     6  list.o(.text)
    vListInsertEnd                           0x0800ebc5   Thumb Code    28  list.o(.text)
    vListInsert                              0x0800ebe1   Thumb Code    48  list.o(.text)
    vListRemove                              0x0800ec11   Thumb Code    36  list.o(.text)
    xQueueCreate                             0x0800ec35   Thumb Code    96  queue.o(.text)
    xQueueGenericSend                        0x0800ed73   Thumb Code   200  queue.o(.text)
    xQueueCreateMutex                        0x0800ee3b   Thumb Code    68  queue.o(.text)
    xQueueCreateCountingSemaphore            0x0800ee7f   Thumb Code    18  queue.o(.text)
    xQueueGenericSendFromISR                 0x0800ee91   Thumb Code    82  queue.o(.text)
    xQueueGenericReceive                     0x0800ef25   Thumb Code   260  queue.o(.text)
    xQueueReceiveFromISR                     0x0800f029   Thumb Code    78  queue.o(.text)
    uxQueueMessagesWaiting                   0x0800f077   Thumb Code    18  queue.o(.text)
    uxQueueMessagesWaitingFromISR            0x0800f089   Thumb Code     4  queue.o(.text)
    vQueueDelete                             0x0800f08d   Thumb Code    20  queue.o(.text)
    xQueueIsQueueEmptyFromISR                0x0800f0a1   Thumb Code    14  queue.o(.text)
    xQueueIsQueueFullFromISR                 0x0800f0af   Thumb Code    16  queue.o(.text)
    xTaskGenericCreate                       0x0800f179   Thumb Code   208  tasks.o(.text)
    vTaskDelete                              0x0800f249   Thumb Code    90  tasks.o(.text)
    vTaskIncrementTick                       0x0800f2a3   Thumb Code   118  tasks.o(.text)
    xTaskResumeAll                           0x0800f319   Thumb Code   168  tasks.o(.text)
    vTaskSuspendAll                          0x0800f3c1   Thumb Code    10  tasks.o(.text)
    vTaskDelay                               0x0800f3cb   Thumb Code    78  tasks.o(.text)
    uxTaskPriorityGet                        0x0800f419   Thumb Code    24  tasks.o(.text)
    vTaskPrioritySet                         0x0800f431   Thumb Code   156  tasks.o(.text)
    vTaskStartScheduler                      0x0800f547   Thumb Code    50  tasks.o(.text)
    vTaskEndScheduler                        0x0800f579   Thumb Code    20  tasks.o(.text)
    xTaskGetTickCount                        0x0800f58d   Thumb Code    18  tasks.o(.text)
    xTaskGetTickCountFromISR                 0x0800f59f   Thumb Code     6  tasks.o(.text)
    uxTaskGetNumberOfTasks                   0x0800f5a5   Thumb Code     6  tasks.o(.text)
    vTaskList                                0x0800f627   Thumb Code   114  tasks.o(.text)
    vTaskStartTrace                          0x0800f699   Thumb Code    34  tasks.o(.text)
    ulTaskEndTrace                           0x0800f6bb   Thumb Code    24  tasks.o(.text)
    vTaskSwitchContext                       0x0800f6d3   Thumb Code   138  tasks.o(.text)
    vTaskPlaceOnEventList                    0x0800f75d   Thumb Code    64  tasks.o(.text)
    xTaskRemoveFromEventList                 0x0800f79d   Thumb Code    96  tasks.o(.text)
    vTaskSetTimeOutState                     0x0800f7fd   Thumb Code    12  tasks.o(.text)
    xTaskCheckForTimeOut                     0x0800f809   Thumb Code    72  tasks.o(.text)
    vTaskMissedYield                         0x0800f851   Thumb Code     8  tasks.o(.text)
    xTaskGetCurrentTaskHandle                0x0800f859   Thumb Code     6  tasks.o(.text)
    vTaskPriorityInherit                     0x0800f85f   Thumb Code    92  tasks.o(.text)
    vTaskPriorityDisinherit                  0x0800f8bb   Thumb Code   112  tasks.o(.text)
    pxPortInitialiseStack                    0x0800f935   Thumb Code    20  port.o(.text)
    xPortStartScheduler                      0x0800f957   Thumb Code    38  port.o(.text)
    vPortEndScheduler                        0x0800f97d   Thumb Code     2  port.o(.text)
    vPortYieldFromISR                        0x0800f97f   Thumb Code    12  port.o(.text)
    vPortEnterCritical                       0x0800f98b   Thumb Code    16  port.o(.text)
    vPortExitCritical                        0x0800f99b   Thumb Code    18  port.o(.text)
    xPortSysTickHandler                      0x0800f9ad   Thumb Code    28  port.o(.text)
    pvPortMalloc                             0x0800f9d5   Thumb Code   172  heap_2.o(.text)
    vPortFree                                0x0800fa81   Thumb Code    58  heap_2.o(.text)
    xPortGetFreeHeapSize                     0x0800fabb   Thumb Code     6  heap_2.o(.text)
    vPortInitialiseBlocks                    0x0800fac1   Thumb Code     2  heap_2.o(.text)
    Reset_Handler                            0x0800facd   Thumb Code     8  startup_stm32f4xx.o(.text)
    ADC_IRQHandler                           0x0800fae7   Thumb Code     0  startup_stm32f4xx.o(.text)
    CAN1_RX0_IRQHandler                      0x0800fae7   Thumb Code     0  startup_stm32f4xx.o(.text)
    CAN1_RX1_IRQHandler                      0x0800fae7   Thumb Code     0  startup_stm32f4xx.o(.text)
    CAN1_SCE_IRQHandler                      0x0800fae7   Thumb Code     0  startup_stm32f4xx.o(.text)
    CAN1_TX_IRQHandler                       0x0800fae7   Thumb Code     0  startup_stm32f4xx.o(.text)
    CAN2_RX0_IRQHandler                      0x0800fae7   Thumb Code     0  startup_stm32f4xx.o(.text)
    CAN2_RX1_IRQHandler                      0x0800fae7   Thumb Code     0  startup_stm32f4xx.o(.text)
    CAN2_SCE_IRQHandler                      0x0800fae7   Thumb Code     0  startup_stm32f4xx.o(.text)
    CAN2_TX_IRQHandler                       0x0800fae7   Thumb Code     0  startup_stm32f4xx.o(.text)
    CRYP_IRQHandler                          0x0800fae7   Thumb Code     0  startup_stm32f4xx.o(.text)
    DCMI_IRQHandler                          0x0800fae7   Thumb Code     0  startup_stm32f4xx.o(.text)
    ETH_WKUP_IRQHandler                      0x0800fae7   Thumb Code     0  startup_stm32f4xx.o(.text)
    EXTI2_IRQHandler                         0x0800fae7   Thumb Code     0  startup_stm32f4xx.o(.text)
    EXTI3_IRQHandler                         0x0800fae7   Thumb Code     0  startup_stm32f4xx.o(.text)
    EXTI4_IRQHandler                         0x0800fae7   Thumb Code     0  startup_stm32f4xx.o(.text)
    EXTI9_5_IRQHandler                       0x0800fae7   Thumb Code     0  startup_stm32f4xx.o(.text)
    FLASH_IRQHandler                         0x0800fae7   Thumb Code     0  startup_stm32f4xx.o(.text)
    FPU_IRQHandler                           0x0800fae7   Thumb Code     0  startup_stm32f4xx.o(.text)
    FSMC_IRQHandler                          0x0800fae7   Thumb Code     0  startup_stm32f4xx.o(.text)
    HASH_RNG_IRQHandler                      0x0800fae7   Thumb Code     0  startup_stm32f4xx.o(.text)
    I2C1_ER_IRQHandler                       0x0800fae7   Thumb Code     0  startup_stm32f4xx.o(.text)
    I2C1_EV_IRQHandler                       0x0800fae7   Thumb Code     0  startup_stm32f4xx.o(.text)
    I2C2_ER_IRQHandler                       0x0800fae7   Thumb Code     0  startup_stm32f4xx.o(.text)
    I2C2_EV_IRQHandler                       0x0800fae7   Thumb Code     0  startup_stm32f4xx.o(.text)
    I2C3_ER_IRQHandler                       0x0800fae7   Thumb Code     0  startup_stm32f4xx.o(.text)
    I2C3_EV_IRQHandler                       0x0800fae7   Thumb Code     0  startup_stm32f4xx.o(.text)
    OTG_FS_IRQHandler                        0x0800fae7   Thumb Code     0  startup_stm32f4xx.o(.text)
    OTG_FS_WKUP_IRQHandler                   0x0800fae7   Thumb Code     0  startup_stm32f4xx.o(.text)
    OTG_HS_EP1_IN_IRQHandler                 0x0800fae7   Thumb Code     0  startup_stm32f4xx.o(.text)
    OTG_HS_EP1_OUT_IRQHandler                0x0800fae7   Thumb Code     0  startup_stm32f4xx.o(.text)
    OTG_HS_IRQHandler                        0x0800fae7   Thumb Code     0  startup_stm32f4xx.o(.text)
    OTG_HS_WKUP_IRQHandler                   0x0800fae7   Thumb Code     0  startup_stm32f4xx.o(.text)
    PVD_IRQHandler                           0x0800fae7   Thumb Code     0  startup_stm32f4xx.o(.text)
    RCC_IRQHandler                           0x0800fae7   Thumb Code     0  startup_stm32f4xx.o(.text)
    RTC_Alarm_IRQHandler                     0x0800fae7   Thumb Code     0  startup_stm32f4xx.o(.text)
    RTC_WKUP_IRQHandler                      0x0800fae7   Thumb Code     0  startup_stm32f4xx.o(.text)
    SDIO_IRQHandler                          0x0800fae7   Thumb Code     0  startup_stm32f4xx.o(.text)
    SPI1_IRQHandler                          0x0800fae7   Thumb Code     0  startup_stm32f4xx.o(.text)
    SPI2_IRQHandler                          0x0800fae7   Thumb Code     0  startup_stm32f4xx.o(.text)
    SPI3_IRQHandler                          0x0800fae7   Thumb Code     0  startup_stm32f4xx.o(.text)
    TAMP_STAMP_IRQHandler                    0x0800fae7   Thumb Code     0  startup_stm32f4xx.o(.text)
    TIM1_BRK_TIM9_IRQHandler                 0x0800fae7   Thumb Code     0  startup_stm32f4xx.o(.text)
    TIM1_CC_IRQHandler                       0x0800fae7   Thumb Code     0  startup_stm32f4xx.o(.text)
    TIM1_TRG_COM_TIM11_IRQHandler            0x0800fae7   Thumb Code     0  startup_stm32f4xx.o(.text)
    TIM1_UP_TIM10_IRQHandler                 0x0800fae7   Thumb Code     0  startup_stm32f4xx.o(.text)
    TIM2_IRQHandler                          0x0800fae7   Thumb Code     0  startup_stm32f4xx.o(.text)
    TIM4_IRQHandler                          0x0800fae7   Thumb Code     0  startup_stm32f4xx.o(.text)
    TIM5_IRQHandler                          0x0800fae7   Thumb Code     0  startup_stm32f4xx.o(.text)
    TIM6_DAC_IRQHandler                      0x0800fae7   Thumb Code     0  startup_stm32f4xx.o(.text)
    TIM7_IRQHandler                          0x0800fae7   Thumb Code     0  startup_stm32f4xx.o(.text)
    TIM8_BRK_TIM12_IRQHandler                0x0800fae7   Thumb Code     0  startup_stm32f4xx.o(.text)
    TIM8_CC_IRQHandler                       0x0800fae7   Thumb Code     0  startup_stm32f4xx.o(.text)
    TIM8_TRG_COM_TIM14_IRQHandler            0x0800fae7   Thumb Code     0  startup_stm32f4xx.o(.text)
    TIM8_UP_TIM13_IRQHandler                 0x0800fae7   Thumb Code     0  startup_stm32f4xx.o(.text)
    WWDG_IRQHandler                          0x0800fae7   Thumb Code     0  startup_stm32f4xx.o(.text)
    __aeabi_memcpy                           0x0800faf1   Thumb Code    36  memcpya.o(.text)
    __aeabi_memcpy4                          0x0800faf1   Thumb Code     0  memcpya.o(.text)
    __aeabi_memcpy8                          0x0800faf1   Thumb Code     0  memcpya.o(.text)
    __aeabi_memset                           0x0800fb15   Thumb Code    14  memseta.o(.text)
    __aeabi_memset4                          0x0800fb15   Thumb Code     0  memseta.o(.text)
    __aeabi_memset8                          0x0800fb15   Thumb Code     0  memseta.o(.text)
    __aeabi_memclr                           0x0800fb23   Thumb Code     4  memseta.o(.text)
    __aeabi_memclr4                          0x0800fb23   Thumb Code     0  memseta.o(.text)
    __aeabi_memclr8                          0x0800fb23   Thumb Code     0  memseta.o(.text)
    _memset$wrapper                          0x0800fb27   Thumb Code    18  memseta.o(.text)
    strcat                                   0x0800fb39   Thumb Code    24  strcat.o(.text)
    strncpy                                  0x0800fb51   Thumb Code    24  strncpy.o(.text)
    strlen                                   0x0800fb69   Thumb Code    14  strlen.o(.text)
    strcmp                                   0x0800fb77   Thumb Code    28  strcmp.o(.text)
    memcmp                                   0x0800fb93   Thumb Code    26  memcmp.o(.text)
    strncmp                                  0x0800fbad   Thumb Code    30  strncmp.o(.text)
    __aeabi_i2d                              0x0800fbcb   Thumb Code    34  dflti.o(.text)
    __aeabi_ui2d                             0x0800fbed   Thumb Code    26  dfltui.o(.text)
    __aeabi_cdcmpeq                          0x0800fc09   Thumb Code     0  cdcmple.o(.text)
    __aeabi_cdcmple                          0x0800fc09   Thumb Code    48  cdcmple.o(.text)
    __aeabi_cdrcmple                         0x0800fc39   Thumb Code    48  cdrcmple.o(.text)
    __aeabi_uidiv                            0x0800fc69   Thumb Code     0  uidiv.o(.text)
    __aeabi_uidivmod                         0x0800fc69   Thumb Code    44  uidiv.o(.text)
    __aeabi_uldivmod                         0x0800fc95   Thumb Code    98  uldiv.o(.text)
    __I$use$fp                               0x0800fcf7   Thumb Code     0  iusefp.o(.text)
    _double_round                            0x0800fcf7   Thumb Code    30  depilogue.o(.text)
    _double_epilogue                         0x0800fd15   Thumb Code   156  depilogue.o(.text)
    __aeabi_dadd                             0x0800fdb1   Thumb Code   322  dadd.o(.text)
    __aeabi_dsub                             0x0800fef3   Thumb Code     6  dadd.o(.text)
    __aeabi_drsub                            0x0800fef9   Thumb Code     6  dadd.o(.text)
    __aeabi_dmul                             0x0800feff   Thumb Code   228  dmul.o(.text)
    __aeabi_ddiv                             0x0800ffe3   Thumb Code   222  ddiv.o(.text)
    __aeabi_d2ulz                            0x080100c1   Thumb Code    48  dfixul.o(.text)
    __scatterload                            0x080100f1   Thumb Code    28  init.o(.text)
    __scatterload_rt2                        0x080100f1   Thumb Code     0  init.o(.text)
    __aeabi_llsl                             0x08010115   Thumb Code    30  llshl.o(.text)
    _ll_shift_l                              0x08010115   Thumb Code     0  llshl.o(.text)
    __aeabi_llsr                             0x08010133   Thumb Code    32  llushr.o(.text)
    _ll_ushift_r                             0x08010133   Thumb Code     0  llushr.o(.text)
    __aeabi_lasr                             0x08010153   Thumb Code    36  llsshr.o(.text)
    _ll_sshift_r                             0x08010153   Thumb Code     0  llsshr.o(.text)
    __decompress                             0x08010177   Thumb Code     0  __dczerorl2.o(.text)
    __decompress1                            0x08010177   Thumb Code    86  __dczerorl2.o(.text)
    __0printf$3                              0x080101cd   Thumb Code    22  printf3.o(i.__0printf$3)
    __1printf$3                              0x080101cd   Thumb Code     0  printf3.o(i.__0printf$3)
    __2printf                                0x080101cd   Thumb Code     0  printf3.o(i.__0printf$3)
    __0sprintf$3                             0x080101ed   Thumb Code    34  printf3.o(i.__0sprintf$3)
    __1sprintf$3                             0x080101ed   Thumb Code     0  printf3.o(i.__0sprintf$3)
    __2sprintf                               0x080101ed   Thumb Code     0  printf3.o(i.__0sprintf$3)
    __0vsnprintf                             0x08010215   Thumb Code    40  printfa.o(i.__0vsnprintf)
    __1vsnprintf                             0x08010215   Thumb Code     0  printfa.o(i.__0vsnprintf)
    __2vsnprintf                             0x08010215   Thumb Code     0  printfa.o(i.__0vsnprintf)
    __c89vsnprintf                           0x08010215   Thumb Code     0  printfa.o(i.__0vsnprintf)
    vsnprintf                                0x08010215   Thumb Code     0  printfa.o(i.__0vsnprintf)
    __scatterload_copy                       0x08010241   Thumb Code    14  handlers.o(i.__scatterload_copy)
    __scatterload_null                       0x0801024f   Thumb Code     2  handlers.o(i.__scatterload_null)
    __scatterload_zeroinit                   0x08010251   Thumb Code    14  handlers.o(i.__scatterload_zeroinit)
    dst_port                                 0x08010cea   Data           2  netconf.o(.constdata)
    file__STM32F4x7_files_logo_jpg           0x0801b5fc   Data          20  fs.o(.constdata)
    file__STM32F4x7_files_ST_gif             0x0801b610   Data          20  fs.o(.constdata)
    file__STM32F4x7_files_stm32_jpg          0x0801b624   Data          20  fs.o(.constdata)
    file__404_html                           0x0801b638   Data          20  fs.o(.constdata)
    file__STM32F4x7_html                     0x0801b64c   Data          20  fs.o(.constdata)
    CUSTOM_COM_TX_PIN                        0x0801bc9c   Data           8  custom_stm32f4_board.o(.constdata)
    CUSTOM_COM_RX_PIN                        0x0801bca4   Data           8  custom_stm32f4_board.o(.constdata)
    CUSTOM_COM_TX_PIN_SOURCE                 0x0801bcac   Data           8  custom_stm32f4_board.o(.constdata)
    CUSTOM_COM_RX_PIN_SOURCE                 0x0801bcb4   Data           8  custom_stm32f4_board.o(.constdata)
    CUSTOM_COM_TX_AF                         0x0801bcbc   Data           8  custom_stm32f4_board.o(.constdata)
    CUSTOM_COM_RX_AF                         0x0801bcc4   Data           8  custom_stm32f4_board.o(.constdata)
    CUSTOM_COM_USART_CLK                     0x0801bccc   Data          16  custom_stm32f4_board.o(.constdata)
    CUSTOM_COM_TX_PORT_CLK                   0x0801bcdc   Data          16  custom_stm32f4_board.o(.constdata)
    CUSTOM_COM_RX_PORT_CLK                   0x0801bcec   Data          16  custom_stm32f4_board.o(.constdata)
    ASCII16x24_Table                         0x0801bd10   Data        4560  stm32f4_discovery_lcd.o(.constdata)
    BUTTON_PORT_SOURCE                       0x0801cee0   Data           1  stm32f4_discovery.o(.constdata)
    BUTTON_PIN_SOURCE                        0x0801cee1   Data           1  stm32f4_discovery.o(.constdata)
    BUTTON_IRQn                              0x0801cee2   Data           1  stm32f4_discovery.o(.constdata)
    BUTTON_PIN                               0x0801cee4   Data           2  stm32f4_discovery.o(.constdata)
    BUTTON_EXTI_LINE                         0x0801cee6   Data           2  stm32f4_discovery.o(.constdata)
    BUTTON_CLK                               0x0801cee8   Data           4  stm32f4_discovery.o(.constdata)
    COM_TX_PIN                               0x0801ceec   Data           4  stm32f4_discovery.o(.constdata)
    COM_RX_PIN                               0x0801cef0   Data           4  stm32f4_discovery.o(.constdata)
    COM_TX_PIN_SOURCE                        0x0801cef4   Data           4  stm32f4_discovery.o(.constdata)
    COM_RX_PIN_SOURCE                        0x0801cef8   Data           4  stm32f4_discovery.o(.constdata)
    COM_TX_AF                                0x0801cefc   Data           4  stm32f4_discovery.o(.constdata)
    COM_RX_AF                                0x0801cf00   Data           4  stm32f4_discovery.o(.constdata)
    GPIO_PIN                                 0x0801cf04   Data           8  stm32f4_discovery.o(.constdata)
    COM_USART_CLK                            0x0801cf0c   Data           8  stm32f4_discovery.o(.constdata)
    COM_TX_PORT_CLK                          0x0801cf14   Data           8  stm32f4_discovery.o(.constdata)
    COM_RX_PORT_CLK                          0x0801cf1c   Data           8  stm32f4_discovery.o(.constdata)
    GPIO_CLK                                 0x0801cf24   Data          16  stm32f4_discovery.o(.constdata)
    tcp_persist_backoff                      0x0801cf64   Data           7  tcp.o(.constdata)
    tcp_backoff                              0x0801cf6b   Data          13  tcp.o(.constdata)
    ip_addr_any                              0x0801cf78   Data           4  ip_addr.o(.constdata)
    ip_addr_broadcast                        0x0801cf7c   Data           4  ip_addr.o(.constdata)
    ethbroadcast                             0x0801cf80   Data           6  etharp.o(.constdata)
    ethzero                                  0x0801cf86   Data           6  etharp.o(.constdata)
    Region$$Table$$Base                      0x0801d004   Number         0  anon$$obj.o(Region$$Table)
    Region$$Table$$Limit                     0x0801d024   Number         0  anon$$obj.o(Region$$Table)
    command                                  0x20000000   Data           1  main.o(.data)
    process_command_xHandle                  0x20000004   Data           4  main.o(.data)
    field_xHandle                            0x20000008   Data           4  main.o(.data)
    exti_xSemaphore                          0x2000000c   Data           4  main.o(.data)
    pwm_xSemaphore                           0x20000010   Data           4  main.o(.data)
    uart_A1_xSemaphore                       0x20000014   Data           4  main.o(.data)
    uart_A2_xSemaphore                       0x20000018   Data           4  main.o(.data)
    uart_A3_xSemaphore                       0x2000001c   Data           4  main.o(.data)
    time_origin                              0x20000020   Data           4  main.o(.data)
    SystemCoreClock                          0x20000024   Data           4  system_stm32f4xx.o(.data)
    AHBPrescTable                            0x20000028   Data          16  system_stm32f4xx.o(.data)
    pwm_count                                0x20000038   Data           4  stm32f4xx_it.o(.data)
    pcb                                      0x2000003c   Data           4  netconf.o(.data)
    dst_addr                                 0x20000040   Data           4  netconf.o(.data)
    p                                        0x20000044   Data           4  netconf.o(.data)
    EthInitStatus                            0x20000048   Data           4  stm32f4x7_eth_bsp.o(.data)
    nPageHits                                0x2000004c   Data           4  httpserver-netconn.o(.data)
    CUSTOM_COM_USART                         0x20000050   Data          16  custom_stm32f4_board.o(.data)
    CUSTOM_COM_TX_PORT                       0x20000060   Data          16  custom_stm32f4_board.o(.data)
    CUSTOM_COM_RX_PORT                       0x20000070   Data          16  custom_stm32f4_board.o(.data)
    TM_USART1                                0x20000080   Data          16  tm_stm32f4_usart.o(.data)
    TM_USART2                                0x20000090   Data          16  tm_stm32f4_usart.o(.data)
    TM_USART3                                0x200000a0   Data          16  tm_stm32f4_usart.o(.data)
    TM_UART4                                 0x200000b0   Data          16  tm_stm32f4_usart.o(.data)
    TM_UART5                                 0x200000c0   Data          16  tm_stm32f4_usart.o(.data)
    TM_USART6                                0x200000d0   Data          16  tm_stm32f4_usart.o(.data)
    Font16x24                                0x20000118   Data           8  stm32f4_discovery_lcd.o(.data)
    BUTTON_PORT                              0x20000120   Data           4  stm32f4_discovery.o(.data)
    COM_USART                                0x20000124   Data           8  stm32f4_discovery.o(.data)
    COM_TX_PORT                              0x2000012c   Data           8  stm32f4_discovery.o(.data)
    COM_RX_PORT                              0x20000134   Data           8  stm32f4_discovery.o(.data)
    GPIO_PORT                                0x2000013c   Data          16  stm32f4_discovery.o(.data)
    DMATxDescToSet                           0x2000015c   Data           4  stm32f4x7_eth.o(.data)
    DMARxDescToGet                           0x20000160   Data           4  stm32f4x7_eth.o(.data)
    DMA_RX_FRAME_infos                       0x20000164   Data           4  stm32f4x7_eth.o(.data)
    udp_pcbs                                 0x20000178   Data           4  udp.o(.data)
    netif_list                               0x20000190   Data           4  netif.o(.data)
    netif_default                            0x20000194   Data           4  netif.o(.data)
    tcp_ticks                                0x200001a4   Data           4  tcp.o(.data)
    tcp_bound_pcbs                           0x200001a8   Data           4  tcp.o(.data)
    tcp_listen_pcbs                          0x200001ac   Data           4  tcp.o(.data)
    tcp_active_pcbs                          0x200001b0   Data           4  tcp.o(.data)
    tcp_tw_pcbs                              0x200001b4   Data           4  tcp.o(.data)
    tcp_tmp_pcb                              0x200001b8   Data           4  tcp.o(.data)
    tcp_state_str                            0x200001bc   Data          44  tcp.o(.data)
    tcp_input_pcb                            0x20000200   Data           4  tcp_in.o(.data)
    current_netif                            0x2000020c   Data           4  ip.o(.data)
    current_header                           0x20000210   Data           4  ip.o(.data)
    s_xSemaphore                             0x2000021c   Data           4  ethernetif.o(.data)
    pxCurrentTCB                             0x20000228   Data           4  tasks.o(.data)
    __stdout                                 0x20000290   Data           4  stdout.o(.data)
    USART_InitStructure                      0x20000294   Data          16  main.o(.bss)
    ETH_recv_buffer                          0x200002a4   Data         128  main.o(.bss)
    UART_send_buffer                         0x20000324   Data          16  main.o(.bss)
    UART_recv_buffer                         0x20000334   Data          16  main.o(.bss)
    UART_field_buffer                        0x20000344   Data          16  main.o(.bss)
    xnetif                                   0x20000354   Data          56  netconf.o(.bss)
    fs_memory                                0x2000038c   Data         240  fs.o(.bss)
    TM_USART1_Buffer                         0x2000047c   Data          32  tm_stm32f4_usart.o(.bss)
    TM_USART2_Buffer                         0x2000049c   Data          32  tm_stm32f4_usart.o(.bss)
    TM_USART3_Buffer                         0x200004bc   Data          32  tm_stm32f4_usart.o(.bss)
    TM_UART4_Buffer                          0x200004dc   Data          32  tm_stm32f4_usart.o(.bss)
    TM_UART5_Buffer                          0x200004fc   Data          32  tm_stm32f4_usart.o(.bss)
    TM_USART6_Buffer                         0x2000051c   Data          32  tm_stm32f4_usart.o(.bss)
    DMARxDscrTab                             0x20000590   Data         160  stm32f4x7_eth.o(.bss)
    DMATxDscrTab                             0x20000630   Data         160  stm32f4x7_eth.o(.bss)
    Rx_Buff                                  0x200006d0   Data        7620  stm32f4x7_eth.o(.bss)
    Tx_Buff                                  0x20002494   Data        7620  stm32f4x7_eth.o(.bss)
    RX_Frame_Descriptor                      0x20004258   Data          12  stm32f4x7_eth.o(.bss)
    __initial_sp                             0x20010200   Data           0  startup_stm32f4xx.o(STACK)



==============================================================================

Memory Map of the image

  Image Entry point : 0x08000189

  Load Region LR_IROM1 (Base: 0x08000000, Size: 0x0001d2b8, Max: 0x00100000, ABSOLUTE, COMPRESSED[0x0001d0e0])

    Execution Region ER_IROM1 (Exec base: 0x08000000, Load base: 0x08000000, Size: 0x0001d024, Max: 0x00100000, ABSOLUTE)

    Exec Addr    Load Addr    Size         Type   Attr      Idx    E Section Name        Object

    0x08000000   0x08000000   0x00000188   Data   RO         1562    RESET               startup_stm32f4xx.o
    0x08000188   0x08000188   0x00000000   Code   RO         1567  * .ARM.Collect$$$$00000000  mc_w.l(entry.o)
    0x08000188   0x08000188   0x00000004   Code   RO         1857    .ARM.Collect$$$$00000001  mc_w.l(entry2.o)
    0x0800018c   0x0800018c   0x00000004   Code   RO         1860    .ARM.Collect$$$$00000004  mc_w.l(entry5.o)
    0x08000190   0x08000190   0x00000000   Code   RO         1862    .ARM.Collect$$$$00000008  mc_w.l(entry7b.o)
    0x08000190   0x08000190   0x00000000   Code   RO         1864    .ARM.Collect$$$$0000000A  mc_w.l(entry8b.o)
    0x08000190   0x08000190   0x00000008   Code   RO         1865    .ARM.Collect$$$$0000000B  mc_w.l(entry9a.o)
    0x08000198   0x08000198   0x00000000   Code   RO         1867    .ARM.Collect$$$$0000000D  mc_w.l(entry10a.o)
    0x08000198   0x08000198   0x00000000   Code   RO         1869    .ARM.Collect$$$$0000000F  mc_w.l(entry11a.o)
    0x08000198   0x08000198   0x00000004   Code   RO         1858    .ARM.Collect$$$$00002712  mc_w.l(entry2.o)
    0x0800019c   0x0800019c   0x00000088   Code   RO         1527    .emb_text           port.o
    0x08000224   0x08000224   0x00002980   Code   RO            2    .text               main.o
    0x08002ba4   0x08002ba4   0x00000184   Code   RO          295    .text               system_stm32f4xx.o
    0x08002d28   0x08002d28   0x000002d8   Code   RO          317    .text               stm32f4xx_it.o
    0x08003000   0x08003000   0x00000098   Code   RO          353    .text               netconf.o
    0x08003098   0x08003098   0x00000248   Code   RO          412    .text               stm32f4x7_eth_bsp.o
    0x080032e0   0x080032e0   0x000000dc   Code   RO          430    .text               fs.o
    0x080033bc   0x080033bc   0x000003e8   Code   RO          464    .text               httpserver-netconn.o
    0x080037a4   0x080037a4   0x0000047c   Code   RO          491    .text               custom_stm32f4_board.o
    0x08003c20   0x08003c20   0x00000214   Code   RO          512    .text               tm_stm32f4_dma.o
    0x08003e34   0x08003e34   0x000006e0   Code   RO          534    .text               tm_stm32f4_usart.o
    0x08004514   0x08004514   0x0000018c   Code   RO          559    .text               tm_stm32f4_usart_dma.o
    0x080046a0   0x080046a0   0x000002c0   Code   RO          581    .text               tm_stm32f4_gpio.o
    0x08004960   0x08004960   0x00000e0c   Code   RO          599    .text               stm32f4_discovery_lcd.o
    0x0800576c   0x0800576c   0x0000043c   Code   RO          631    .text               stm32f4_discovery.o
    0x08005ba8   0x08005ba8   0x000000ec   Code   RO          652    .text               stm32f4xx_exti.o
    0x08005c94   0x08005c94   0x000004b4   Code   RO          668    .text               stm32f4xx_fsmc.o
    0x08006148   0x08006148   0x00000224   Code   RO          684    .text               stm32f4xx_gpio.o
    0x0800636c   0x0800636c   0x00000434   Code   RO          700    .text               stm32f4xx_rcc.o
    0x080067a0   0x080067a0   0x000001bc   Code   RO          718    .text               stm32f4xx_sdio.o
    0x0800695c   0x0800695c   0x00000070   Code   RO          734    .text               stm32f4xx_syscfg.o
    0x080069cc   0x080069cc   0x000003b4   Code   RO          750    .text               stm32f4xx_usart.o
    0x08006d80   0x08006d80   0x000000bc   Code   RO          766    .text               misc.o
    0x08006e3c   0x08006e3c   0x00000344   Code   RO          798    .text               stm32f4xx_dma.o
    0x08007180   0x08007180   0x00000ac2   Code   RO          814    .text               stm32f4xx_tim.o
    0x08007c42   0x08007c42   0x00000002   PAD
    0x08007c44   0x08007c44   0x00000bb0   Code   RO          830    .text               stm32f4x7_eth.o
    0x080087f4   0x080087f4   0x000002f8   Code   RO          854    .text               api_lib.o
    0x08008aec   0x08008aec   0x00000948   Code   RO          885    .text               api_msg.o
    0x08009434   0x08009434   0x0000014c   Code   RO          915    .text               netbuf.o
    0x08009580   0x08009580   0x00000324   Code   RO          948    .text               tcpip.o
    0x080098a4   0x080098a4   0x0000038c   Code   RO          995    .text               udp.o
    0x08009c30   0x08009c30   0x0000001c   Code   RO         1036    .text               init.o
    0x08009c4c   0x08009c4c   0x00000290   Code   RO         1065    .text               mem.o
    0x08009edc   0x08009edc   0x00000088   Code   RO         1080    .text               memp.o
    0x08009f64   0x08009f64   0x0000019c   Code   RO         1109    .text               netif.o
    0x0800a100   0x0800a100   0x0000043e   Code   RO         1131    .text               pbuf.o
    0x0800a53e   0x0800a53e   0x00000002   PAD
    0x0800a540   0x0800a540   0x00000170   Code   RO         1143    .text               raw.o
    0x0800a6b0   0x0800a6b0   0x000001f4   Code   RO         1163    .text               sys.o
    0x0800a8a4   0x0800a8a4   0x0000095c   Code   RO         1184    .text               tcp.o
    0x0800b200   0x0800b200   0x00000da8   Code   RO         1205    .text               tcp_in.o
    0x0800bfa8   0x0800bfa8   0x0000091e   Code   RO         1225    .text               tcp_out.o
    0x0800c8c6   0x0800c8c6   0x00000002   PAD
    0x0800c8c8   0x0800c8c8   0x00000e24   Code   RO         1243    .text               dhcp.o
    0x0800d6ec   0x0800d6ec   0x00000330   Code   RO         1256    .text               autoip.o
    0x0800da1c   0x0800da1c   0x000001b2   Code   RO         1271    .text               icmp.o
    0x0800dbce   0x0800dbce   0x00000002   PAD
    0x0800dbd0   0x0800dbd0   0x000001b0   Code   RO         1289    .text               inet.o
    0x0800dd80   0x0800dd80   0x00000114   Code   RO         1302    .text               inet_chksum.o
    0x0800de94   0x0800de94   0x000002e4   Code   RO         1314    .text               ip.o
    0x0800e178   0x0800e178   0x0000003e   Code   RO         1332    .text               ip_addr.o
    0x0800e1b6   0x0800e1b6   0x00000002   PAD
    0x0800e1b8   0x0800e1b8   0x000005b8   Code   RO         1361    .text               etharp.o
    0x0800e770   0x0800e770   0x0000023c   Code   RO         1397    .text               ethernetif.o
    0x0800e9ac   0x0800e9ac   0x000001fc   Code   RO         1429    .text               sys_arch.o
    0x0800eba8   0x0800eba8   0x0000008c   Code   RO         1472    .text               list.o
    0x0800ec34   0x0800ec34   0x0000048a   Code   RO         1490    .text               queue.o
    0x0800f0be   0x0800f0be   0x00000002   PAD
    0x0800f0c0   0x0800f0c0   0x00000874   Code   RO         1505    .text               tasks.o
    0x0800f934   0x0800f934   0x000000a0   Code   RO         1528    .text               port.o
    0x0800f9d4   0x0800f9d4   0x000000f8   Code   RO         1545    .text               heap_2.o
    0x0800facc   0x0800facc   0x00000024   Code   RO         1563    .text               startup_stm32f4xx.o
    0x0800faf0   0x0800faf0   0x00000024   Code   RO         1570    .text               mc_w.l(memcpya.o)
    0x0800fb14   0x0800fb14   0x00000024   Code   RO         1572    .text               mc_w.l(memseta.o)
    0x0800fb38   0x0800fb38   0x00000018   Code   RO         1574    .text               mc_w.l(strcat.o)
    0x0800fb50   0x0800fb50   0x00000018   Code   RO         1576    .text               mc_w.l(strncpy.o)
    0x0800fb68   0x0800fb68   0x0000000e   Code   RO         1578    .text               mc_w.l(strlen.o)
    0x0800fb76   0x0800fb76   0x0000001c   Code   RO         1580    .text               mc_w.l(strcmp.o)
    0x0800fb92   0x0800fb92   0x0000001a   Code   RO         1582    .text               mc_w.l(memcmp.o)
    0x0800fbac   0x0800fbac   0x0000001e   Code   RO         1584    .text               mc_w.l(strncmp.o)
    0x0800fbca   0x0800fbca   0x00000022   Code   RO         1849    .text               mf_w.l(dflti.o)
    0x0800fbec   0x0800fbec   0x0000001a   Code   RO         1851    .text               mf_w.l(dfltui.o)
    0x0800fc06   0x0800fc06   0x00000002   PAD
    0x0800fc08   0x0800fc08   0x00000030   Code   RO         1853    .text               mf_w.l(cdcmple.o)
    0x0800fc38   0x0800fc38   0x00000030   Code   RO         1855    .text               mf_w.l(cdrcmple.o)
    0x0800fc68   0x0800fc68   0x0000002c   Code   RO         1872    .text               mc_w.l(uidiv.o)
    0x0800fc94   0x0800fc94   0x00000062   Code   RO         1874    .text               mc_w.l(uldiv.o)
    0x0800fcf6   0x0800fcf6   0x00000000   Code   RO         1876    .text               mc_w.l(iusefp.o)
    0x0800fcf6   0x0800fcf6   0x000000ba   Code   RO         1877    .text               mf_w.l(depilogue.o)
    0x0800fdb0   0x0800fdb0   0x0000014e   Code   RO         1879    .text               mf_w.l(dadd.o)
    0x0800fefe   0x0800fefe   0x000000e4   Code   RO         1881    .text               mf_w.l(dmul.o)
    0x0800ffe2   0x0800ffe2   0x000000de   Code   RO         1883    .text               mf_w.l(ddiv.o)
    0x080100c0   0x080100c0   0x00000030   Code   RO         1885    .text               mf_w.l(dfixul.o)
    0x080100f0   0x080100f0   0x00000024   Code   RO         1887    .text               mc_w.l(init.o)
    0x08010114   0x08010114   0x0000001e   Code   RO         1889    .text               mc_w.l(llshl.o)
    0x08010132   0x08010132   0x00000020   Code   RO         1891    .text               mc_w.l(llushr.o)
    0x08010152   0x08010152   0x00000024   Code   RO         1893    .text               mc_w.l(llsshr.o)
    0x08010176   0x08010176   0x00000056   Code   RO         1903    .text               mc_w.l(__dczerorl2.o)
    0x080101cc   0x080101cc   0x00000020   Code   RO         1677    i.__0printf$3       mc_w.l(printf3.o)
    0x080101ec   0x080101ec   0x00000028   Code   RO         1679    i.__0sprintf$3      mc_w.l(printf3.o)
    0x08010214   0x08010214   0x0000002c   Code   RO         1826    i.__0vsnprintf      mc_w.l(printfa.o)
    0x08010240   0x08010240   0x0000000e   Code   RO         1897    i.__scatterload_copy  mc_w.l(handlers.o)
    0x0801024e   0x0801024e   0x00000002   Code   RO         1898    i.__scatterload_null  mc_w.l(handlers.o)
    0x08010250   0x08010250   0x0000000e   Code   RO         1899    i.__scatterload_zeroinit  mc_w.l(handlers.o)
    0x0801025e   0x0801025e   0x00000002   PAD
    0x08010260   0x08010260   0x00000184   Code   RO         1828    i._fp_digits        mc_w.l(printfa.o)
    0x080103e4   0x080103e4   0x000001b8   Code   RO         1684    i._printf_core      mc_w.l(printf3.o)
    0x0801059c   0x0801059c   0x000006dc   Code   RO         1829    i._printf_core      mc_w.l(printfa.o)
    0x08010c78   0x08010c78   0x00000024   Code   RO         1830    i._printf_post_padding  mc_w.l(printfa.o)
    0x08010c9c   0x08010c9c   0x0000002e   Code   RO         1831    i._printf_pre_padding  mc_w.l(printfa.o)
    0x08010cca   0x08010cca   0x00000016   Code   RO         1832    i._snputc           mc_w.l(printfa.o)
    0x08010ce0   0x08010ce0   0x0000000a   Code   RO         1686    i._sputc            mc_w.l(printf3.o)
    0x08010cea   0x08010cea   0x00000002   Data   RO          355    .constdata          netconf.o
    0x08010cec   0x08010cec   0x00000c57   Data   RO          432    .constdata          fs.o
    0x08011943   0x08011943   0x00000aba   Data   RO          433    .constdata          fs.o
    0x080123fd   0x080123fd   0x0000665d   Data   RO          434    .constdata          fs.o
    0x08018a5a   0x08018a5a   0x000004db   Data   RO          435    .constdata          fs.o
    0x08018f35   0x08018f35   0x000026c4   Data   RO          436    .constdata          fs.o
    0x0801b5f9   0x0801b5f9   0x00000003   PAD
    0x0801b5fc   0x0801b5fc   0x00000014   Data   RO          437    .constdata          fs.o
    0x0801b610   0x0801b610   0x00000014   Data   RO          438    .constdata          fs.o
    0x0801b624   0x0801b624   0x00000014   Data   RO          439    .constdata          fs.o
    0x0801b638   0x0801b638   0x00000014   Data   RO          440    .constdata          fs.o
    0x0801b64c   0x0801b64c   0x00000014   Data   RO          441    .constdata          fs.o
    0x0801b660   0x0801b660   0x0000063c   Data   RO          465    .constdata          httpserver-netconn.o
    0x0801bc9c   0x0801bc9c   0x00000060   Data   RO          492    .constdata          custom_stm32f4_board.o
    0x0801bcfc   0x0801bcfc   0x00000014   Data   RO          513    .constdata          tm_stm32f4_dma.o
    0x0801bd10   0x0801bd10   0x000011d0   Data   RO          600    .constdata          stm32f4_discovery_lcd.o
    0x0801cee0   0x0801cee0   0x00000054   Data   RO          632    .constdata          stm32f4_discovery.o
    0x0801cf34   0x0801cf34   0x00000030   Data   RO         1082    .constdata          memp.o
    0x0801cf64   0x0801cf64   0x00000014   Data   RO         1185    .constdata          tcp.o
    0x0801cf78   0x0801cf78   0x00000004   Data   RO         1333    .constdata          ip_addr.o
    0x0801cf7c   0x0801cf7c   0x00000004   Data   RO         1334    .constdata          ip_addr.o
    0x0801cf80   0x0801cf80   0x0000000c   Data   RO         1363    .constdata          etharp.o
    0x0801cf8c   0x0801cf8c   0x00000075   Data   RO         1186    .conststring        tcp.o
    0x0801d001   0x0801d001   0x00000003   PAD
    0x0801d004   0x0801d004   0x00000020   Data   RO         1895    Region$$Table       anon$$obj.o


    Execution Region RW_IRAM1 (Exec base: 0x20000000, Load base: 0x0801d024, Size: 0x00010200, Max: 0x00020000, ABSOLUTE, COMPRESSED[0x000000bc])

    Exec Addr    Load Addr    Size         Type   Attr      Idx    E Section Name        Object

    0x20000000   COMPRESSED   0x00000024   Data   RW            5    .data               main.o
    0x20000024   COMPRESSED   0x00000014   Data   RW          296    .data               system_stm32f4xx.o
    0x20000038   COMPRESSED   0x00000004   Data   RW          318    .data               stm32f4xx_it.o
    0x2000003c   COMPRESSED   0x00000008   Data   RW          357    .data               netconf.o
    0x20000044   COMPRESSED   0x00000004   Data   RW          358    .data               netconf.o
    0x20000048   COMPRESSED   0x00000004   Data   RW          413    .data               stm32f4x7_eth_bsp.o
    0x2000004c   COMPRESSED   0x00000004   Data   RW          466    .data               httpserver-netconn.o
    0x20000050   COMPRESSED   0x00000030   Data   RW          493    .data               custom_stm32f4_board.o
    0x20000080   COMPRESSED   0x00000060   Data   RW          541    .data               tm_stm32f4_usart.o
    0x200000e0   COMPRESSED   0x00000030   Data   RW          561    .data               tm_stm32f4_usart_dma.o
    0x20000110   COMPRESSED   0x00000010   Data   RW          604    .data               stm32f4_discovery_lcd.o
    0x20000120   COMPRESSED   0x0000002c   Data   RW          633    .data               stm32f4_discovery.o
    0x2000014c   COMPRESSED   0x00000010   Data   RW          701    .data               stm32f4xx_rcc.o
    0x2000015c   COMPRESSED   0x0000000c   Data   RW          836    .data               stm32f4x7_eth.o
    0x20000168   COMPRESSED   0x00000010   Data   RW          949    .data               tcpip.o
    0x20000178   COMPRESSED   0x00000004   Data   RW          996    .data               udp.o
    0x2000017c   COMPRESSED   0x00000010   Data   RW         1067    .data               mem.o
    0x2000018c   COMPRESSED   0x0000000c   Data   RW         1110    .data               netif.o
    0x20000198   COMPRESSED   0x00000004   Data   RW         1144    .data               raw.o
    0x2000019c   COMPRESSED   0x0000004c   Data   RW         1187    .data               tcp.o
    0x200001e8   COMPRESSED   0x0000001c   Data   RW         1207    .data               tcp_in.o
    0x20000204   COMPRESSED   0x00000004   Data   RW         1244    .data               dhcp.o
    0x20000208   COMPRESSED   0x0000000c   Data   RW         1315    .data               ip.o
    0x20000214   COMPRESSED   0x00000001   Data   RW         1364    .data               etharp.o
    0x20000215   COMPRESSED   0x00000003   PAD
    0x20000218   COMPRESSED   0x0000000c   Data   RW         1398    .data               ethernetif.o
    0x20000224   COMPRESSED   0x00000002   Data   RW         1431    .data               sys_arch.o
    0x20000226   COMPRESSED   0x00000002   PAD
    0x20000228   COMPRESSED   0x0000004c   Data   RW         1507    .data               tasks.o
    0x20000274   COMPRESSED   0x00000004   Data   RW         1529    .data               port.o
    0x20000278   COMPRESSED   0x00000018   Data   RW         1547    .data               heap_2.o
    0x20000290   COMPRESSED   0x00000004   Data   RW         1871    .data               mc_w.l(stdout.o)
    0x20000294        -       0x000000c0   Zero   RW            3    .bss                main.o
    0x20000354        -       0x00000038   Zero   RW          354    .bss                netconf.o
    0x2000038c        -       0x000000f0   Zero   RW          431    .bss                fs.o
    0x2000047c        -       0x00000020   Zero   RW          535    .bss                tm_stm32f4_usart.o
    0x2000049c        -       0x00000020   Zero   RW          536    .bss                tm_stm32f4_usart.o
    0x200004bc        -       0x00000020   Zero   RW          537    .bss                tm_stm32f4_usart.o
    0x200004dc        -       0x00000020   Zero   RW          538    .bss                tm_stm32f4_usart.o
    0x200004fc        -       0x00000020   Zero   RW          539    .bss                tm_stm32f4_usart.o
    0x2000051c        -       0x00000020   Zero   RW          540    .bss                tm_stm32f4_usart.o
    0x2000053c        -       0x0000003c   Zero   RW          560    .bss                tm_stm32f4_usart_dma.o
    0x20000578        -       0x00000016   Zero   RW          582    .bss                tm_stm32f4_gpio.o
    0x2000058e   COMPRESSED   0x00000002   PAD
    0x20000590        -       0x000000a0   Zero   RW          831    .bss                stm32f4x7_eth.o
    0x20000630        -       0x000000a0   Zero   RW          832    .bss                stm32f4x7_eth.o
    0x200006d0        -       0x00001dc4   Zero   RW          833    .bss                stm32f4x7_eth.o
    0x20002494        -       0x00001dc4   Zero   RW          834    .bss                stm32f4x7_eth.o
    0x20004258        -       0x0000000c   Zero   RW          835    .bss                stm32f4x7_eth.o
    0x20004264        -       0x00001414   Zero   RW         1066    .bss                mem.o
    0x20005678        -       0x00002b83   Zero   RW         1081    .bss                memp.o
    0x200081fb   COMPRESSED   0x00000001   PAD
    0x200081fc        -       0x00000014   Zero   RW         1206    .bss                tcp_in.o
    0x20008210        -       0x00000010   Zero   RW         1290    .bss                inet.o
    0x20008220        -       0x000000a0   Zero   RW         1362    .bss                etharp.o
    0x200082c0        -       0x00000030   Zero   RW         1430    .bss                sys_arch.o
    0x200082f0        -       0x0000010e   Zero   RW         1506    .bss                tasks.o
    0x200083fe   COMPRESSED   0x00000002   PAD
    0x20008400        -       0x00003c00   Zero   RW         1546    .bss                heap_2.o
    0x2000c000        -       0x00004200   Zero   RW         1560    STACK               startup_stm32f4xx.o


==============================================================================

Image component sizes


      Code (inc. data)   RO Data    RW Data    ZI Data      Debug   Object Name

       760         44          0          0          0      18127   api_lib.o
      2376         32          0          0          0       9399   api_msg.o
       816         32          0          0          0       4686   autoip.o
      1148         42         96         48          0       3854   custom_stm32f4_board.o
      3620         48          0          4          0      12877   dhcp.o
      1464         24         12          1        160       9494   etharp.o
       572         56          0         12          0       4086   ethernetif.o
       220         10      43377          0        240       5101   fs.o
       248         10          0         24      15360       3848   heap_2.o
      1000        464       1596          4          0       8492   httpserver-netconn.o
       434          0          0          0          0       2787   icmp.o
       432         12          0          0         16       3404   inet.o
       276          0          0          0          0       2894   inet_chksum.o
        28          0          0          0          0       1971   init.o
       740         14          0         12          0       6574   ip.o
        62          0          8          0          0       5965   ip_addr.o
       140          0          0          0          0       3493   list.o
     10624        544          0         36        192     420697   main.o
       656         10          0         16       5140       4270   mem.o
       136          8         48          0      11139       2770   memp.o
       188         14          0          0          0       2189   misc.o
       332          0          0          0          0       3481   netbuf.o
       152         32          2         12         56       8436   netconf.o
       412         12          0         12          0       5856   netif.o
      1086          0          0          0          0       6088   pbuf.o
       296         24          0          4          0       2841   port.o
      1162          0          0          0          0       8225   queue.o
       368          4          0          4          0       3985   raw.o
        36          8        392          0      16896        816   startup_stm32f4xx.o
      1084         30         84         44          0       5259   stm32f4_discovery.o
      3596         46       4560         16          0      15062   stm32f4_discovery_lcd.o
      2992         90          0         12      15572      21276   stm32f4x7_eth.o
       584         64          0          4          0       1981   stm32f4x7_eth_bsp.o
       836         34          0          0          0       7113   stm32f4xx_dma.o
       236         10          0          0          0       2675   stm32f4xx_exti.o
      1204          8          0          0          0       6251   stm32f4xx_fsmc.o
       548         36          0          0          0       4677   stm32f4xx_gpio.o
       728         52          0          4          0       3992   stm32f4xx_it.o
      1076         44          0         16          0      12019   stm32f4xx_rcc.o
       444         16          0          0          0       7616   stm32f4xx_sdio.o
       112         16          0          0          0       1679   stm32f4xx_syscfg.o
      2754         60          0          0          0      25004   stm32f4xx_tim.o
       948         24          0          0          0       8708   stm32f4xx_usart.o
       500          6          0          0          0       3696   sys.o
       508         10          0          2         48       5746   sys_arch.o
       388         36          0         20          0       1987   system_stm32f4xx.o
      2164         62          0         76        270      13933   tasks.o
      2396         46        137         76          0      18916   tcp.o
      3496         66          0         28         20      14144   tcp_in.o
      2334         12          0          0          0       7858   tcp_out.o
       804         58          0         16          0      15685   tcpip.o
       532         18         20          0          0      24005   tm_stm32f4_dma.o
       704         14          0          0         22       5516   tm_stm32f4_gpio.o
      1760         80          0         96        192       9399   tm_stm32f4_usart.o
       396         40          0         48         60       4095   tm_stm32f4_usart_dma.o
       908         10          0          4          0      14455   udp.o

    ----------------------------------------------------------------------
     63828       2432      50370        656      65388     839453   Object Totals
         0          0         32          0          0          0   (incl. Generated)
        12          0          6          5          5          0   (incl. Padding)

    ----------------------------------------------------------------------

      Code (inc. data)   RO Data    RW Data    ZI Data      Debug   Library Member Name

        86          0          0          0          0          0   __dczerorl2.o
         0          0          0          0          0          0   entry.o
         0          0          0          0          0          0   entry10a.o
         0          0          0          0          0          0   entry11a.o
         8          4          0          0          0          0   entry2.o
         4          0          0          0          0          0   entry5.o
         0          0          0          0          0          0   entry7b.o
         0          0          0          0          0          0   entry8b.o
         8          4          0          0          0          0   entry9a.o
        30          0          0          0          0          0   handlers.o
        36          8          0          0          0         68   init.o
         0          0          0          0          0          0   iusefp.o
        30          0          0          0          0         68   llshl.o
        36          0          0          0          0         68   llsshr.o
        32          0          0          0          0         68   llushr.o
        26          0          0          0          0         80   memcmp.o
        36          0          0          0          0         68   memcpya.o
        36          0          0          0          0        108   memseta.o
       522         20          0          0          0        336   printf3.o
      2292         84          0          0          0        516   printfa.o
         0          0          0          4          0          0   stdout.o
        24          0          0          0          0         68   strcat.o
        28          0          0          0          0         76   strcmp.o
        14          0          0          0          0         68   strlen.o
        30          0          0          0          0         80   strncmp.o
        24          0          0          0          0         76   strncpy.o
        44          0          0          0          0         80   uidiv.o
        98          0          0          0          0         92   uldiv.o
        48          0          0          0          0         68   cdcmple.o
        48          0          0          0          0         68   cdrcmple.o
       334          0          0          0          0        148   dadd.o
       222          0          0          0          0        100   ddiv.o
       186          0          0          0          0        176   depilogue.o
        48          0          0          0          0         68   dfixul.o
        34          0          0          0          0         76   dflti.o
        26          0          0          0          0         76   dfltui.o
       228          0          0          0          0         96   dmul.o

    ----------------------------------------------------------------------
      4622        120          0          4          0       2796   Library Totals
         4          0          0          0          0          0   (incl. Padding)

    ----------------------------------------------------------------------

      Code (inc. data)   RO Data    RW Data    ZI Data      Debug   Library Name

      3444        120          0          4          0       1920   mc_w.l
      1174          0          0          0          0        876   mf_w.l

    ----------------------------------------------------------------------
      4622        120          0          4          0       2796   Library Totals

    ----------------------------------------------------------------------

==============================================================================


      Code (inc. data)   RO Data    RW Data    ZI Data      Debug   

     68450       2552      50370        660      65388     834837   Grand Totals
     68450       2552      50370        188      65388     834837   ELF Image Totals (compressed)
     68450       2552      50370        188          0          0   ROM Totals

==============================================================================

    Total RO  Size (Code + RO Data)               118820 ( 116.04kB)
    Total RW  Size (RW Data + ZI Data)             66048 (  64.50kB)
    Total ROM Size (Code + RO Data + RW Data)     119008 ( 116.22kB)

==============================================================================

