<html>
<body>
<pre>
<h1>µVision Build Log</h1>
<h2>Tool Versions:</h2>
IDE-Version: ¦ÌVision V5.26.2.0
Copyright (C) 2018 ARM Ltd and ARM Germany GmbH. All rights reserved.
License Information: Trancemania Wang, Microsoft, LIC=BUURY-ICWJ6-NNTAF-6ATBQ-QY6S8-JPVF3
 
Tool Versions:
Toolchain:       MDK-ARM Plus  Version: 5.26.2.0
Toolchain Path:  D:\Program FIles\Keil_v5\ARM\ARMCC\Bin
C Compiler:      Armcc.exe V5.06 update 6 (build 750)
Assembler:       Armasm.exe V5.06 update 6 (build 750)
Linker/Locator:  ArmLink.exe V5.06 update 6 (build 750)
Library Manager: ArmAr.exe V5.06 update 6 (build 750)
Hex Converter:   FromElf.exe V5.06 update 6 (build 750)
CPU DLL:         SARMCM3.DLL V5.26.2.0
Dialog DLL:      DCM.DLL V1.17.2.0
Target DLL:      STLink\ST-LINKIII-KEIL_SWO.dll V3.0.5.0
Dialog DLL:      TCM.DLL V1.36.1.0
 
<h2>Project:</h2>
E:\github\proj_xtr_keil\More_STM32F4xx_Ethernet_Example\Project\FreeRTOS\httpserver_netconn\MDK-ARM\Project.uvproj
Project File Date:  12/15/2020

<h2>Output:</h2>
*** Using Compiler 'V5.06 update 6 (build 750)', folder: 'D:\Program FIles\Keil_v5\ARM\ARMCC\Bin'
Build target 'Discover-More'
compiling main.c...
..\src\main.c(282): warning:  #177-D: variable "buffer"  was declared but never referenced
  	uint8_t buffer[128];
..\src\main.c: 1 warning, 0 errors
linking...
Program Size: Code=69414 RO-data=50370 RW-data=660 ZI-data=65388  
FromELF: creating hex file...
".\Discover-More\Project.axf" - 0 Error(s), 1 Warning(s).
Build Time Elapsed:  00:00:04
</pre>
</body>
</html>
