Component: ARM Compiler 5.06 update 6 (build 750) Tool: armlink [4d35ed]

==============================================================================

Section Cross References

    main.o(.text) refers to stm32f4xx_usart.o(.text) for USART_GetFlagStatus
    main.o(.text) refers to queue.o(.text) for xQueueGenericSendFromISR
    main.o(.text) refers to stm32f4_discovery.o(.text) for STM_EVAL_LEDToggle
    main.o(.text) refers to tasks.o(.text) for vTaskDelay
    main.o(.text) refers to custom_stm32f4_board.o(.text) for CUSTOM_GPIO_Init
    main.o(.text) refers to tm_stm32f4_usart_dma.o(.text) for TM_USART_DMA_Init
    main.o(.text) refers to stm32f4x7_eth_bsp.o(.text) for ETH_BSP_Config
    main.o(.text) refers to netconf.o(.text) for LwIP_Init
    main.o(.text) refers to httpserver-netconn.o(.text) for http_server_netconn_init
    main.o(.text) refers to stm32f4xx_tim.o(.text) for TIM_SetCompare1
    main.o(.text) refers to stm32f4xx_gpio.o(.text) for GPIO_SetBits
    main.o(.text) refers to main.o(.bss) for .bss
    main.o(.text) refers to main.o(.data) for .data
    main.o(.text) refers to memcpya.o(.text) for __aeabi_memcpy4
    main.o(.text) refers to pbuf.o(.text) for pbuf_free
    main.o(.text) refers to printfa.o(i.__0vsnprintf) for __c89vsnprintf
    main.o(.text) refers to udp.o(.text) for udp_sendto_if
    main.o(.text) refers to netconf.o(.data) for p
    main.o(.text) refers to netconf.o(.bss) for xnetif
    main.o(.text) refers to netconf.o(.constdata) for dst_port
    main.o(.text) refers to netconf.o(.data) for dst_addr
    system_stm32f4xx.o(.text) refers to system_stm32f4xx.o(.data) for .data
    stm32f4xx_it.o(.text) refers to port.o(.text) for xPortSysTickHandler
    stm32f4xx_it.o(.text) refers to stm32f4x7_eth.o(.text) for ETH_GetDMAFlagStatus
    stm32f4xx_it.o(.text) refers to queue.o(.text) for xQueueGenericSendFromISR
    stm32f4xx_it.o(.text) refers to stm32f4xx_exti.o(.text) for EXTI_GetITStatus
    stm32f4xx_it.o(.text) refers to stm32f4xx_gpio.o(.text) for GPIO_ReadInputDataBit
    stm32f4xx_it.o(.text) refers to stm32f4xx_tim.o(.text) for TIM_GetITStatus
    stm32f4xx_it.o(.text) refers to ethernetif.o(.data) for s_xSemaphore
    stm32f4xx_it.o(.text) refers to main.o(.data) for exti_xSemaphore
    stm32f4xx_it.o(.text) refers to stm32f4xx_it.o(.data) for .data
    netconf.o(.text) refers to tcpip.o(.text) for tcpip_init
    netconf.o(.text) refers to netif.o(.text) for netif_add
    netconf.o(.text) refers to dhcp.o(.text) for dhcp_start
    netconf.o(.text) refers to inet.o(.text) for htonl
    netconf.o(.text) refers to udp.o(.text) for udp_new
    netconf.o(.text) refers to tasks.o(.text) for vTaskDelete
    netconf.o(.text) refers to ethernetif.o(.text) for ethernetif_init
    netconf.o(.text) refers to netconf.o(.bss) for .bss
    netconf.o(.text) refers to netconf.o(.data) for .data
    netconf.o(.text) refers to ip_addr.o(.constdata) for ip_addr_any
    netconf.o(.text) refers to main.o(.text) for udp_recv_fn
    stm32f4x7_eth_bsp.o(.text) refers to stm32f4xx_rcc.o(.text) for RCC_AHB1PeriphClockCmd
    stm32f4x7_eth_bsp.o(.text) refers to stm32f4x7_eth.o(.text) for ETH_DeInit
    stm32f4x7_eth_bsp.o(.text) refers to misc.o(.text) for NVIC_PriorityGroupConfig
    stm32f4x7_eth_bsp.o(.text) refers to stm32f4xx_syscfg.o(.text) for SYSCFG_ETH_MediaInterfaceConfig
    stm32f4x7_eth_bsp.o(.text) refers to stm32f4xx_gpio.o(.text) for GPIO_Init
    stm32f4x7_eth_bsp.o(.text) refers to stm32f4_discovery_lcd.o(.text) for LCD_SetTextColor
    stm32f4x7_eth_bsp.o(.text) refers to stm32f4x7_eth_bsp.o(.data) for .data
    fs.o(.text) refers to strcmp.o(.text) for strcmp
    fs.o(.text) refers to memcpya.o(.text) for __aeabi_memcpy
    fs.o(.text) refers to fs.o(.bss) for .bss
    fs.o(.text) refers to fs.o(.constdata) for .constdata
    fs.o(.constdata) refers to fs.o(.constdata) for data__STM32F4x7_files_logo_jpg
    fs.o(.constdata) refers to fs.o(.constdata) for file__STM32F4x7_files_logo_jpg
    fs.o(.constdata) refers to fs.o(.constdata) for data__STM32F4x7_files_ST_gif
    fs.o(.constdata) refers to fs.o(.constdata) for file__STM32F4x7_files_ST_gif
    fs.o(.constdata) refers to fs.o(.constdata) for data__STM32F4x7_files_stm32_jpg
    fs.o(.constdata) refers to fs.o(.constdata) for file__STM32F4x7_files_stm32_jpg
    fs.o(.constdata) refers to fs.o(.constdata) for data__404_html
    fs.o(.constdata) refers to fs.o(.constdata) for file__404_html
    fs.o(.constdata) refers to fs.o(.constdata) for data__STM32F4x7_html
    httpserver-netconn.o(.text) refers to memseta.o(.text) for __aeabi_memclr4
    httpserver-netconn.o(.text) refers to printf3.o(i.__0sprintf$3) for __2sprintf
    httpserver-netconn.o(.text) refers to strcat.o(.text) for strcat
    httpserver-netconn.o(.text) refers to strlen.o(.text) for strlen
    httpserver-netconn.o(.text) refers to tasks.o(.text) for vTaskList
    httpserver-netconn.o(.text) refers to api_lib.o(.text) for netconn_write
[...]
    USART_IrDAConfig                         0x080049c1   Thumb Code    16  stm32f4xx_usart.o(.text)
    USART_IrDACmd                            0x080049d1   Thumb Code    24  stm32f4xx_usart.o(.text)
    USART_DMACmd                             0x080049e9   Thumb Code    20  stm32f4xx_usart.o(.text)
    USART_ITConfig                           0x080049fd   Thumb Code    54  stm32f4xx_usart.o(.text)
    USART_GetFlagStatus                      0x08004a33   Thumb Code    14  stm32f4xx_usart.o(.text)
    USART_ClearFlag                          0x08004a41   Thumb Code     8  stm32f4xx_usart.o(.text)
    USART_GetITStatus                        0x08004a49   Thumb Code    64  stm32f4xx_usart.o(.text)
    USART_ClearITPendingBit                  0x08004a89   Thumb Code    16  stm32f4xx_usart.o(.text)
    NVIC_PriorityGroupConfig                 0x08004ab1   Thumb Code    10  misc.o(.text)
    NVIC_Init                                0x08004abb   Thumb Code    98  misc.o(.text)
    NVIC_SetVectorTable                      0x08004b1d   Thumb Code    14  misc.o(.text)
    NVIC_SystemLPConfig                      0x08004b2b   Thumb Code    24  misc.o(.text)
    SysTick_CLKSourceConfig                  0x08004b43   Thumb Code    28  misc.o(.text)
    DMA_DeInit                               0x08004b6d   Thumb Code   278  stm32f4xx_dma.o(.text)
    DMA_Init                                 0x08004c83   Thumb Code    80  stm32f4xx_dma.o(.text)
    DMA_StructInit                           0x08004cd3   Thumb Code    34  stm32f4xx_dma.o(.text)
    DMA_Cmd                                  0x08004cf5   Thumb Code    24  stm32f4xx_dma.o(.text)
    DMA_PeriphIncOffsetSizeConfig            0x08004d0d   Thumb Code    24  stm32f4xx_dma.o(.text)
    DMA_FlowControllerConfig                 0x08004d25   Thumb Code    24  stm32f4xx_dma.o(.text)
    DMA_SetCurrDataCounter                   0x08004d3d   Thumb Code     4  stm32f4xx_dma.o(.text)
    DMA_GetCurrDataCounter                   0x08004d41   Thumb Code     6  stm32f4xx_dma.o(.text)
    DMA_DoubleBufferModeConfig               0x08004d47   Thumb Code    26  stm32f4xx_dma.o(.text)
    DMA_DoubleBufferModeCmd                  0x08004d61   Thumb Code    24  stm32f4xx_dma.o(.text)
    DMA_MemoryTargetConfig                   0x08004d79   Thumb Code    12  stm32f4xx_dma.o(.text)
    DMA_GetCurrentMemoryTarget               0x08004d85   Thumb Code    14  stm32f4xx_dma.o(.text)
    DMA_GetCmdStatus                         0x08004d93   Thumb Code    14  stm32f4xx_dma.o(.text)
    DMA_GetFIFOStatus                        0x08004da1   Thumb Code     8  stm32f4xx_dma.o(.text)
    DMA_GetFlagStatus                        0x08004da9   Thumb Code    42  stm32f4xx_dma.o(.text)
    DMA_ClearFlag                            0x08004dd3   Thumb Code    34  stm32f4xx_dma.o(.text)
    DMA_ITConfig                             0x08004df5   Thumb Code    50  stm32f4xx_dma.o(.text)
    DMA_GetITStatus                          0x08004e27   Thumb Code    70  stm32f4xx_dma.o(.text)
    DMA_ClearITPendingBit                    0x08004e6d   Thumb Code    34  stm32f4xx_dma.o(.text)
    TIM_DeInit                               0x08004eb1   Thumb Code   376  stm32f4xx_tim.o(.text)
    TIM_TimeBaseInit                         0x08005029   Thumb Code    96  stm32f4xx_tim.o(.text)
    TIM_TimeBaseStructInit                   0x08005089   Thumb Code    18  stm32f4xx_tim.o(.text)
    TIM_PrescalerConfig                      0x0800509b   Thumb Code     6  stm32f4xx_tim.o(.text)
    TIM_CounterModeConfig                    0x080050a1   Thumb Code    12  stm32f4xx_tim.o(.text)
    TIM_SetCounter                           0x080050ad   Thumb Code     4  stm32f4xx_tim.o(.text)
    TIM_SetAutoreload                        0x080050b1   Thumb Code     4  stm32f4xx_tim.o(.text)
    TIM_GetCounter                           0x080050b5   Thumb Code     4  stm32f4xx_tim.o(.text)
    TIM_GetPrescaler                         0x080050b9   Thumb Code     4  stm32f4xx_tim.o(.text)
    TIM_UpdateDisableConfig                  0x080050bd   Thumb Code    24  stm32f4xx_tim.o(.text)
    TIM_UpdateRequestConfig                  0x080050d5   Thumb Code    24  stm32f4xx_tim.o(.text)
    TIM_ARRPreloadConfig                     0x080050ed   Thumb Code    24  stm32f4xx_tim.o(.text)
    TIM_SelectOnePulseMode                   0x08005105   Thumb Code    16  stm32f4xx_tim.o(.text)
    TIM_SetClockDivision                     0x08005115   Thumb Code    16  stm32f4xx_tim.o(.text)
    TIM_Cmd                                  0x08005125   Thumb Code    24  stm32f4xx_tim.o(.text)
    TIM_OC1Init                              0x0800513d   Thumb Code    96  stm32f4xx_tim.o(.text)
    TIM_OC2Init                              0x0800519d   Thumb Code   128  stm32f4xx_tim.o(.text)
    TIM_OC3Init                              0x0800521d   Thumb Code   176  stm32f4xx_tim.o(.text)
    TIM_OC4Init                              0x080052cd   Thumb Code    92  stm32f4xx_tim.o(.text)
    TIM_OCStructInit                         0x08005329   Thumb Code    20  stm32f4xx_tim.o(.text)
    TIM_SelectOCxM                           0x0800533d   Thumb Code    80  stm32f4xx_tim.o(.text)
    TIM_SetCompare1                          0x0800538d   Thumb Code     4  stm32f4xx_tim.o(.text)
    TIM_SetCompare2                          0x08005391   Thumb Code     4  stm32f4xx_tim.o(.text)
    TIM_SetCompare3                          0x08005395   Thumb Code     4  stm32f4xx_tim.o(.text)
    TIM_SetCompare4                          0x08005399   Thumb Code     4  stm32f4xx_tim.o(.text)
    TIM_ForcedOC1Config                      0x0800539d   Thumb Code    12  stm32f4xx_tim.o(.text)
    TIM_ForcedOC2Config                      0x080053a9   Thumb Code    20  stm32f4xx_tim.o(.text)
    TIM_ForcedOC3Config                      0x080053bd   Thumb Code    12  stm32f4xx_tim.o(.text)
    TIM_ForcedOC4Config                      0x080053c9   Thumb Code    20  stm32f4xx_tim.o(.text)
    TIM_OC1PreloadConfig                     0x080053dd   Thumb Code    12  stm32f4xx_tim.o(.text)
    TIM_OC2PreloadConfig                     0x080053e9   Thumb Code    20  stm32f4xx_tim.o(.text)
    TIM_OC3PreloadConfig                     0x080053fd   Thumb Code    12  stm32f4xx_tim.o(.text)
    TIM_OC4PreloadConfig                     0x08005409   Thumb Code    20  stm32f4xx_tim.o(.text)
    TIM_OC1FastConfig                        0x0800541d   Thumb Code    12  stm32f4xx_tim.o(.text)
    TIM_OC2FastConfig                        0x08005429   Thumb Code    20  stm32f4xx_tim.o(.text)
    TIM_OC3FastConfig                        0x0800543d   Thumb Code    12  stm32f4xx_tim.o(.text)
    TIM_OC4FastConfig                        0x08005449   Thumb Code    20  stm32f4xx_tim.o(.text)
    TIM_ClearOC1Ref                          0x0800545d   Thumb Code    12  stm32f4xx_tim.o(.text)
    TIM_ClearOC2Ref                          0x08005469   Thumb Code    20  stm32f4xx_tim.o(.text)
    TIM_ClearOC3Ref                          0x0800547d   Thumb Code    12  stm32f4xx_tim.o(.text)
    TIM_ClearOC4Ref                          0x08005489   Thumb Code    20  stm32f4xx_tim.o(.text)
    TIM_OC1PolarityConfig                    0x0800549d   Thumb Code    12  stm32f4xx_tim.o(.text)
    TIM_OC1NPolarityConfig                   0x080054a9   Thumb Code    12  stm32f4xx_tim.o(.text)
    TIM_OC2PolarityConfig                    0x080054b5   Thumb Code    20  stm32f4xx_tim.o(.text)
    TIM_OC2NPolarityConfig                   0x080054c9   Thumb Code    20  stm32f4xx_tim.o(.text)
    TIM_OC3PolarityConfig                    0x080054dd   Thumb Code    20  stm32f4xx_tim.o(.text)
    TIM_OC3NPolarityConfig                   0x080054f1   Thumb Code    20  stm32f4xx_tim.o(.text)
    TIM_OC4PolarityConfig                    0x08005505   Thumb Code    20  stm32f4xx_tim.o(.text)
    TIM_CCxCmd                               0x08005519   Thumb Code    22  stm32f4xx_tim.o(.text)
    TIM_CCxNCmd                              0x0800552f   Thumb Code    22  stm32f4xx_tim.o(.text)
    TIM_SetIC4Prescaler                      0x08005545   Thumb Code    24  stm32f4xx_tim.o(.text)
    TIM_SetIC3Prescaler                      0x08005593   Thumb Code    16  stm32f4xx_tim.o(.text)
    TIM_SetIC2Prescaler                      0x080055d5   Thumb Code    24  stm32f4xx_tim.o(.text)
    TIM_SetIC1Prescaler                      0x08005623   Thumb Code    16  stm32f4xx_tim.o(.text)
    TIM_ICInit                               0x08005661   Thumb Code    90  stm32f4xx_tim.o(.text)
    TIM_ICStructInit                         0x080056bb   Thumb Code    16  stm32f4xx_tim.o(.text)
    TIM_PWMIConfig                           0x080056cb   Thumb Code   116  stm32f4xx_tim.o(.text)
    TIM_GetCapture1                          0x0800573f   Thumb Code     4  stm32f4xx_tim.o(.text)
    TIM_GetCapture2                          0x08005743   Thumb Code     4  stm32f4xx_tim.o(.text)
    TIM_GetCapture3                          0x08005747   Thumb Code     4  stm32f4xx_tim.o(.text)
    TIM_GetCapture4                          0x0800574b   Thumb Code     4  stm32f4xx_tim.o(.text)
    TIM_BDTRConfig                           0x0800574f   Thumb Code    34  stm32f4xx_tim.o(.text)
    TIM_BDTRStructInit                       0x08005771   Thumb Code    18  stm32f4xx_tim.o(.text)
    TIM_CtrlPWMOutputs                       0x08005783   Thumb Code    28  stm32f4xx_tim.o(.text)
    TIM_SelectCOM                            0x0800579f   Thumb Code    24  stm32f4xx_tim.o(.text)
    TIM_CCPreloadControl                     0x080057b7   Thumb Code    24  stm32f4xx_tim.o(.text)
    TIM_ITConfig                             0x080057cf   Thumb Code    20  stm32f4xx_tim.o(.text)
    TIM_GenerateEvent                        0x080057e3   Thumb Code     4  stm32f4xx_tim.o(.text)
    TIM_GetFlagStatus                        0x080057e7   Thumb Code    14  stm32f4xx_tim.o(.text)
    TIM_ClearFlag                            0x080057f5   Thumb Code     6  stm32f4xx_tim.o(.text)
    TIM_GetITStatus                          0x080057fb   Thumb Code    24  stm32f4xx_tim.o(.text)
    TIM_ClearITPendingBit                    0x08005813   Thumb Code     6  stm32f4xx_tim.o(.text)
    TIM_DMAConfig                            0x08005819   Thumb Code     8  stm32f4xx_tim.o(.text)
    TIM_DMACmd                               0x08005821   Thumb Code    20  stm32f4xx_tim.o(.text)
    TIM_SelectCCDMA                          0x08005835   Thumb Code    24  stm32f4xx_tim.o(.text)
    TIM_InternalClockConfig                  0x0800584d   Thumb Code    10  stm32f4xx_tim.o(.text)
    TIM_SelectInputTrigger                   0x08005857   Thumb Code    12  stm32f4xx_tim.o(.text)
    TIM_ITRxExternalClockConfig              0x08005863   Thumb Code    20  stm32f4xx_tim.o(.text)
    TIM_TIxExternalClockConfig               0x08005877   Thumb Code    48  stm32f4xx_tim.o(.text)
    TIM_ETRConfig                            0x080058a7   Thumb Code    24  stm32f4xx_tim.o(.text)
    TIM_ETRClockMode1Config                  0x080058bf   Thumb Code    32  stm32f4xx_tim.o(.text)
    TIM_ETRClockMode2Config                  0x080058df   Thumb Code    20  stm32f4xx_tim.o(.text)
    TIM_SelectOutputTrigger                  0x080058f3   Thumb Code    16  stm32f4xx_tim.o(.text)
    TIM_SelectSlaveMode                      0x08005903   Thumb Code    16  stm32f4xx_tim.o(.text)
    TIM_SelectMasterSlaveMode                0x08005913   Thumb Code    16  stm32f4xx_tim.o(.text)
    TIM_EncoderInterfaceConfig               0x08005923   Thumb Code    50  stm32f4xx_tim.o(.text)
    TIM_SelectHallSensor                     0x08005955   Thumb Code    24  stm32f4xx_tim.o(.text)
    TIM_RemapConfig                          0x0800596d   Thumb Code     6  stm32f4xx_tim.o(.text)
    ETH_DeInit                               0x0800598d   Thumb Code    24  stm32f4x7_eth.o(.text)
    ETH_StructInit                           0x080059a5   Thumb Code   154  stm32f4x7_eth.o(.text)
    ETH_WritePHYRegister                     0x08005a3f   Thumb Code    80  stm32f4x7_eth.o(.text)
    ETH_ReadPHYRegister                      0x08005a8f   Thumb Code    80  stm32f4x7_eth.o(.text)
    ETH_Init                                 0x08005adf   Thumb Code   560  stm32f4x7_eth.o(.text)
    ETH_DMAReceptionCmd                      0x08005d0f   Thumb Code    26  stm32f4x7_eth.o(.text)
    ETH_DMATransmissionCmd                   0x08005d29   Thumb Code    26  stm32f4x7_eth.o(.text)
    ETH_MACReceptionCmd                      0x08005d43   Thumb Code    26  stm32f4x7_eth.o(.text)
    ETH_FlushTransmitFIFO                    0x08005d5d   Thumb Code    12  stm32f4x7_eth.o(.text)
    ETH_MACTransmissionCmd                   0x08005d69   Thumb Code    26  stm32f4x7_eth.o(.text)
    ETH_Start                                0x08005d83   Thumb Code    32  stm32f4x7_eth.o(.text)
    ETH_GetFlowControlBusyStatus             0x08005da3   Thumb Code    14  stm32f4x7_eth.o(.text)
    ETH_InitiatePauseControlFrame            0x08005db1   Thumb Code    12  stm32f4x7_eth.o(.text)
    ETH_BackPressureActivationCmd            0x08005dbd   Thumb Code    26  stm32f4x7_eth.o(.text)
    ETH_GetMACFlagStatus                     0x08005dd7   Thumb Code    16  stm32f4x7_eth.o(.text)
    ETH_GetMACITStatus                       0x08005de7   Thumb Code    16  stm32f4x7_eth.o(.text)
    ETH_MACITConfig                          0x08005df7   Thumb Code    22  stm32f4x7_eth.o(.text)
    ETH_MACAddressConfig                     0x08005e0d   Thumb Code    96  stm32f4x7_eth.o(.text)
    ETH_GetMACAddress                        0x08005e6d   Thumb Code    30  stm32f4x7_eth.o(.text)
    ETH_MACAddressPerfectFilterCmd           0x08005e8b   Thumb Code    28  stm32f4x7_eth.o(.text)
    ETH_MACAddressFilterConfig               0x08005ea7   Thumb Code    28  stm32f4x7_eth.o(.text)
    ETH_MACAddressMaskBytesFilterConfig      0x08005ec3   Thumb Code    20  stm32f4x7_eth.o(.text)
    ETH_Get_Received_Frame                   0x08005ed7   Thumb Code    56  stm32f4x7_eth.o(.text)
    ETH_Get_Received_Frame_interrupt         0x08005f0f   Thumb Code   156  stm32f4x7_eth.o(.text)
    ETH_Prepare_Transmit_Descriptors         0x08005fab   Thumb Code   166  stm32f4x7_eth.o(.text)
    ETH_DMARxDescChainInit                   0x08006051   Thumb Code    78  stm32f4x7_eth.o(.text)
    ETH_CheckFrameReceived                   0x0800609f   Thumb Code   100  stm32f4x7_eth.o(.text)
    ETH_DMATxDescChainInit                   0x08006103   Thumb Code    62  stm32f4x7_eth.o(.text)
    ETH_GetDMATxDescFlagStatus               0x08006141   Thumb Code    14  stm32f4x7_eth.o(.text)
    ETH_GetDMATxDescCollisionCount           0x0800614f   Thumb Code     8  stm32f4x7_eth.o(.text)
    ETH_SetDMATxDescOwnBit                   0x08006157   Thumb Code    10  stm32f4x7_eth.o(.text)
    ETH_DMATxDescTransmitITConfig            0x08006161   Thumb Code    24  stm32f4x7_eth.o(.text)
    ETH_DMATxDescFrameSegmentConfig          0x08006179   Thumb Code     8  stm32f4x7_eth.o(.text)
    ETH_DMATxDescChecksumInsertionConfig     0x08006181   Thumb Code     8  stm32f4x7_eth.o(.text)
    ETH_DMATxDescCRCCmd                      0x08006189   Thumb Code    24  stm32f4x7_eth.o(.text)
    ETH_DMATxDescSecondAddressChainedCmd     0x080061a1   Thumb Code    24  stm32f4x7_eth.o(.text)
    ETH_DMATxDescShortFramePaddingCmd        0x080061b9   Thumb Code    24  stm32f4x7_eth.o(.text)
    ETH_DMATxDescBufferSizeConfig            0x080061d1   Thumb Code    12  stm32f4x7_eth.o(.text)
    ETH_GetDMARxDescFlagStatus               0x080061dd   Thumb Code    14  stm32f4x7_eth.o(.text)
    ETH_GetDMAPTPRxDescExtendedFlagStatus    0x080061eb   Thumb Code    14  stm32f4x7_eth.o(.text)
    ETH_SetDMARxDescOwnBit                   0x080061f9   Thumb Code    10  stm32f4x7_eth.o(.text)
    ETH_GetDMARxDescFrameLength              0x08006203   Thumb Code     8  stm32f4x7_eth.o(.text)
    ETH_DMARxDescReceiveITConfig             0x0800620b   Thumb Code    22  stm32f4x7_eth.o(.text)
    ETH_GetDMARxDescBufferSize               0x08006221   Thumb Code    18  stm32f4x7_eth.o(.text)
    ETH_GetRxPktSize                         0x08006233   Thumb Code    50  stm32f4x7_eth.o(.text)
    ETH_EnhancedDescriptorCmd                0x08006265   Thumb Code    26  stm32f4x7_eth.o(.text)
    ETH_SoftwareReset                        0x0800627f   Thumb Code    12  stm32f4x7_eth.o(.text)
    ETH_GetSoftwareResetStatus               0x0800628b   Thumb Code    14  stm32f4x7_eth.o(.text)
    ETH_GetDMAFlagStatus                     0x08006299   Thumb Code    16  stm32f4x7_eth.o(.text)
    ETH_DMAClearFlag                         0x080062a9   Thumb Code     6  stm32f4x7_eth.o(.text)
    ETH_DMAITConfig                          0x080062af   Thumb Code    22  stm32f4x7_eth.o(.text)
    ETH_GetDMAITStatus                       0x080062c5   Thumb Code    16  stm32f4x7_eth.o(.text)
    ETH_DMAClearITPendingBit                 0x080062d5   Thumb Code     6  stm32f4x7_eth.o(.text)
    ETH_GetTransmitProcessState              0x080062db   Thumb Code    10  stm32f4x7_eth.o(.text)
    ETH_GetReceiveProcessState               0x080062e5   Thumb Code    10  stm32f4x7_eth.o(.text)
    ETH_GetFlushTransmitFIFOStatus           0x080062ef   Thumb Code    14  stm32f4x7_eth.o(.text)
    ETH_GetDMAOverflowStatus                 0x080062fd   Thumb Code    16  stm32f4x7_eth.o(.text)
    ETH_GetRxOverflowMissedFrameCounter      0x0800630d   Thumb Code    10  stm32f4x7_eth.o(.text)
    ETH_GetBufferUnavailableMissedFrameCounter 0x08006317   Thumb Code     8  stm32f4x7_eth.o(.text)
    ETH_GetCurrentTxDescStartAddress         0x0800631f   Thumb Code     6  stm32f4x7_eth.o(.text)
    ETH_GetCurrentRxDescStartAddress         0x08006325   Thumb Code     6  stm32f4x7_eth.o(.text)
    ETH_GetCurrentTxBufferAddress            0x0800632b   Thumb Code     6  stm32f4x7_eth.o(.text)
    ETH_GetCurrentRxBufferAddress            0x08006331   Thumb Code     6  stm32f4x7_eth.o(.text)
    ETH_ResumeDMATransmission                0x08006337   Thumb Code     8  stm32f4x7_eth.o(.text)
    ETH_ResumeDMAReception                   0x0800633f   Thumb Code     8  stm32f4x7_eth.o(.text)
    ETH_SetReceiveWatchdogTimer              0x08006347   Thumb Code     6  stm32f4x7_eth.o(.text)
    ETH_PHYLoopBackCmd                       0x0800634d   Thumb Code    44  stm32f4x7_eth.o(.text)
    ETH_ResetWakeUpFrameFilterRegisterPointer 0x08006379   Thumb Code    12  stm32f4x7_eth.o(.text)
    ETH_SetWakeUpFrameFilterRegister         0x08006385   Thumb Code    18  stm32f4x7_eth.o(.text)
    ETH_GlobalUnicastWakeUpCmd               0x08006397   Thumb Code    26  stm32f4x7_eth.o(.text)
    ETH_GetPMTFlagStatus                     0x080063b1   Thumb Code    16  stm32f4x7_eth.o(.text)
    ETH_WakeUpFrameDetectionCmd              0x080063c1   Thumb Code    26  stm32f4x7_eth.o(.text)
    ETH_MagicPacketDetectionCmd              0x080063db   Thumb Code    26  stm32f4x7_eth.o(.text)
    ETH_PowerDownCmd                         0x080063f5   Thumb Code    26  stm32f4x7_eth.o(.text)
    ETH_MMCCounterFullPreset                 0x0800640f   Thumb Code    12  stm32f4x7_eth.o(.text)
    ETH_MMCCounterHalfPreset                 0x0800641b   Thumb Code    20  stm32f4x7_eth.o(.text)
    ETH_MMCCounterFreezeCmd                  0x0800642f   Thumb Code    34  stm32f4x7_eth.o(.text)
    ETH_MMCResetOnReadCmd                    0x08006451   Thumb Code    34  stm32f4x7_eth.o(.text)
    ETH_MMCCounterRolloverCmd                0x08006473   Thumb Code    34  stm32f4x7_eth.o(.text)
    ETH_MMCCountersReset                     0x08006495   Thumb Code    12  stm32f4x7_eth.o(.text)
    ETH_MMCITConfig                          0x080064a1   Thumb Code    62  stm32f4x7_eth.o(.text)
    ETH_GetMMCITStatus                       0x080064df   Thumb Code    50  stm32f4x7_eth.o(.text)
    ETH_GetMMCRegister                       0x08006511   Thumb Code     6  stm32f4x7_eth.o(.text)
    netconn_new_with_proto_and_callback      0x08006525   Thumb Code    66  api_lib.o(.text)
    netconn_delete                           0x08006567   Thumb Code    42  api_lib.o(.text)
    netconn_getaddr                          0x08006591   Thumb Code    48  api_lib.o(.text)
    netconn_bind                             0x080065c1   Thumb Code    40  api_lib.o(.text)
    netconn_connect                          0x080065e9   Thumb Code    40  api_lib.o(.text)
    netconn_disconnect                       0x08006611   Thumb Code    34  api_lib.o(.text)
    netconn_listen_with_backlog              0x08006633   Thumb Code    34  api_lib.o(.text)
    netconn_accept                           0x08006655   Thumb Code    44  api_lib.o(.text)
    netconn_recv                             0x08006681   Thumb Code   228  api_lib.o(.text)
    netconn_send                             0x08006765   Thumb Code    36  api_lib.o(.text)
    netconn_sendto                           0x08006789   Thumb Code    16  api_lib.o(.text)
    netconn_write                            0x08006799   Thumb Code    54  api_lib.o(.text)
    netconn_close                            0x080067cf   Thumb Code    34  api_lib.o(.text)
    netconn_free                             0x08006b9f   Thumb Code   108  api_msg.o(.text)
    netconn_alloc                            0x08006c0b   Thumb Code   138  api_msg.o(.text)
    do_newconn                               0x08006d79   Thumb Code    30  api_msg.o(.text)
    do_delconn                               0x08006d97   Thumb Code   104  api_msg.o(.text)
    do_bind                                  0x08006dff   Thumb Code   100  api_msg.o(.text)
    do_connect                               0x08006e91   Thumb Code   162  api_msg.o(.text)
    do_disconnect                            0x08006f33   Thumb Code    34  api_msg.o(.text)
    do_listen                                0x08006f55   Thumb Code   146  api_msg.o(.text)
    do_send                                  0x08006fe7   Thumb Code   106  api_msg.o(.text)
    do_recv                                  0x08007051   Thumb Code    46  api_msg.o(.text)
    do_write                                 0x0800707f   Thumb Code    52  api_msg.o(.text)
    do_getaddr                               0x080070b3   Thumb Code   136  api_msg.o(.text)
    do_close                                 0x0800713b   Thumb Code    34  api_msg.o(.text)
    netbuf_new                               0x08007165   Thumb Code    26  netbuf.o(.text)
    netbuf_delete                            0x0800717f   Thumb Code    36  netbuf.o(.text)
    netbuf_alloc                             0x080071a3   Thumb Code    46  netbuf.o(.text)
    netbuf_free                              0x080071d1   Thumb Code    24  netbuf.o(.text)
    netbuf_ref                               0x080071e9   Thumb Code    66  netbuf.o(.text)
    netbuf_chain                             0x0800722b   Thumb Code    40  netbuf.o(.text)
    netbuf_data                              0x08007253   Thumb Code    48  netbuf.o(.text)
    netbuf_next                              0x08007283   Thumb Code    36  netbuf.o(.text)
    netbuf_first                             0x080072a7   Thumb Code    10  netbuf.o(.text)
    tcp_timer_needed                         0x080072d9   Thumb Code    36  tcpip.o(.text)
    tcpip_input                              0x08007411   Thumb Code    76  tcpip.o(.text)
    tcpip_callback_with_block                0x0800745d   Thumb Code    96  tcpip.o(.text)
    tcpip_timeout                            0x080074bd   Thumb Code    60  tcpip.o(.text)
    tcpip_untimeout                          0x080074f9   Thumb Code    54  tcpip.o(.text)
    tcpip_apimsg                             0x0800752f   Thumb Code    50  tcpip.o(.text)
    tcpip_init                               0x08007561   Thumb Code    44  tcpip.o(.text)
    pbuf_free_callback                       0x08007591   Thumb Code     8  tcpip.o(.text)
    mem_free_callback                        0x08007599   Thumb Code     8  tcpip.o(.text)
    udp_input                                0x080075d5   Thumb Code   408  udp.o(.text)
    udp_bind                                 0x0800776d   Thumb Code    94  udp.o(.text)
    udp_sendto_if                            0x080077cb   Thumb Code   182  udp.o(.text)
    udp_sendto                               0x08007881   Thumb Code    40  udp.o(.text)
    udp_send                                 0x080078a9   Thumb Code     6  udp.o(.text)
    udp_connect                              0x080078af   Thumb Code    74  udp.o(.text)
    udp_disconnect                           0x080078f9   Thumb Code    20  udp.o(.text)
    udp_recv                                 0x0800790d   Thumb Code     6  udp.o(.text)
    udp_remove                               0x08007913   Thumb Code    40  udp.o(.text)
    udp_new                                  0x0800793b   Thumb Code    28  udp.o(.text)
    lwip_init                                0x08007963   Thumb Code    26  init.o(.text)
    mem_init                                 0x080079cb   Thumb Code    52  mem.o(.text)
    mem_free                                 0x080079ff   Thumb Code    62  mem.o(.text)
    mem_realloc                              0x08007a3d   Thumb Code   228  mem.o(.text)
    mem_malloc                               0x08007b21   Thumb Code   198  mem.o(.text)
    mem_calloc                               0x08007be7   Thumb Code    28  mem.o(.text)
    memp_init                                0x08007c0d   Thumb Code    78  memp.o(.text)
    memp_malloc                              0x08007c5b   Thumb Code    30  memp.o(.text)
    memp_free                                0x08007c79   Thumb Code    20  memp.o(.text)
    netif_set_gw                             0x08007c95   Thumb Code    14  netif.o(.text)
    netif_set_netmask                        0x08007ca3   Thumb Code    14  netif.o(.text)
    netif_set_ipaddr                         0x08007cb1   Thumb Code    96  netif.o(.text)
    netif_set_addr                           0x08007d11   Thumb Code    32  netif.o(.text)
    netif_add                                0x08007d31   Thumb Code    70  netif.o(.text)
    netif_set_default                        0x08007d77   Thumb Code     6  netif.o(.text)
    netif_remove                             0x08007d7d   Thumb Code    52  netif.o(.text)
    netif_find                               0x08007db1   Thumb Code    60  netif.o(.text)
    netif_set_up                             0x08007ded   Thumb Code    28  netif.o(.text)
    netif_set_down                           0x08007e09   Thumb Code    18  netif.o(.text)
    netif_is_up                              0x08007e1b   Thumb Code    10  netif.o(.text)
    pbuf_free                                0x08007e31   Thumb Code    82  pbuf.o(.text)
    pbuf_alloc                               0x08007e83   Thumb Code   298  pbuf.o(.text)
    pbuf_realloc                             0x08007fad   Thumb Code    78  pbuf.o(.text)
    pbuf_header                              0x08007ffb   Thumb Code   104  pbuf.o(.text)
    pbuf_clen                                0x08008063   Thumb Code    18  pbuf.o(.text)
    pbuf_ref                                 0x08008075   Thumb Code    12  pbuf.o(.text)
    pbuf_cat                                 0x08008081   Thumb Code    40  pbuf.o(.text)
    pbuf_chain                               0x080080a9   Thumb Code    18  pbuf.o(.text)
    pbuf_dechain                             0x080080bb   Thumb Code    44  pbuf.o(.text)
    pbuf_copy                                0x080080e7   Thumb Code   148  pbuf.o(.text)
    pbuf_copy_partial                        0x0800817b   Thumb Code   106  pbuf.o(.text)
    pbuf_take                                0x080081e5   Thumb Code    86  pbuf.o(.text)
    pbuf_coalesce                            0x0800823b   Thumb Code    52  pbuf.o(.text)
    raw_input                                0x08008271   Thumb Code    98  raw.o(.text)
    raw_bind                                 0x080082d3   Thumb Code    16  raw.o(.text)
    raw_connect                              0x080082e3   Thumb Code    16  raw.o(.text)
    raw_recv                                 0x080082f3   Thumb Code     6  raw.o(.text)
    raw_sendto                               0x080082f9   Thumb Code   144  raw.o(.text)
    raw_send                                 0x08008389   Thumb Code     4  raw.o(.text)
    raw_remove                               0x0800838d   Thumb Code    40  raw.o(.text)
    raw_new                                  0x080083b5   Thumb Code    40  raw.o(.text)
    sys_mbox_fetch                           0x080083e1   Thumb Code   106  sys.o(.text)
    sys_sem_wait                             0x0800844b   Thumb Code    96  sys.o(.text)
    sys_timeout                              0x080084ab   Thumb Code   112  sys.o(.text)
    sys_untimeout                            0x0800851b   Thumb Code    80  sys.o(.text)
    sys_sem_wait_timeout                     0x08008577   Thumb Code    58  sys.o(.text)
    sys_msleep                               0x080085b1   Thumb Code    30  sys.o(.text)
    tcp_seg_free                             0x080085d5   Thumb Code    32  tcp.o(.text)
    tcp_segs_free                            0x080085f5   Thumb Code    26  tcp.o(.text)
    tcp_pcb_purge                            0x0800860f   Thumb Code    48  tcp.o(.text)
    tcp_slowtmr                              0x0800863f   Thumb Code   550  tcp.o(.text)
    tcp_pcb_remove                           0x08008865   Thumb Code    92  tcp.o(.text)
    tcp_close                                0x080088c1   Thumb Code   204  tcp.o(.text)
    tcp_update_rcv_ann_wnd                   0x0800898d   Thumb Code    54  tcp.o(.text)
    tcp_recved                               0x080089c3   Thumb Code    60  tcp.o(.text)
    tcp_recv_null                            0x080089ff   Thumb Code    54  tcp.o(.text)
    tcp_fasttmr                              0x08008a35   Thumb Code    86  tcp.o(.text)
    tcp_tmr                                  0x08008a8b   Thumb Code    26  tcp.o(.text)
    tcp_abandon                              0x08008aa5   Thumb Code   148  tcp.o(.text)
    tcp_bind                                 0x08008b8f   Thumb Code   200  tcp.o(.text)
    tcp_listen_with_backlog                  0x08008c5d   Thumb Code   142  tcp.o(.text)
    tcp_eff_send_mss                         0x08008ceb   Thumb Code    32  tcp.o(.text)
    tcp_next_iss                             0x08008d0b   Thumb Code    12  tcp.o(.text)
    tcp_connect                              0x08008d17   Thumb Code   202  tcp.o(.text)
    tcp_setprio                              0x08008de1   Thumb Code     4  tcp.o(.text)
    tcp_alloc                                0x08008e5b   Thumb Code   154  tcp.o(.text)
    tcp_new                                  0x08008ef5   Thumb Code     4  tcp.o(.text)
    tcp_arg                                  0x08008ef9   Thumb Code     4  tcp.o(.text)
    tcp_recv                                 0x08008efd   Thumb Code     6  tcp.o(.text)
    tcp_sent                                 0x08008f03   Thumb Code     6  tcp.o(.text)
    tcp_err                                  0x08008f09   Thumb Code     6  tcp.o(.text)
    tcp_accept                               0x08008f0f   Thumb Code     4  tcp.o(.text)
    tcp_poll                                 0x08008f13   Thumb Code    10  tcp.o(.text)
    tcp_debug_state_str                      0x08008f1d   Thumb Code    10  tcp.o(.text)
    tcp_input                                0x08009997   Thumb Code   834  tcp_in.o(.text)
    tcp_enqueue                              0x08009d55   Thumb Code   858  tcp_out.o(.text)
    tcp_send_ctrl                            0x0800a0af   Thumb Code    20  tcp_out.o(.text)
    tcp_write                                0x0800a0c3   Thumb Code    46  tcp_out.o(.text)
    tcp_send_empty_ack                       0x0800a0f1   Thumb Code    86  tcp_out.o(.text)
    tcp_output                               0x0800a1f1   Thumb Code   416  tcp_out.o(.text)
    tcp_rst                                  0x0800a391   Thumb Code   158  tcp_out.o(.text)
    tcp_rexmit_rto                           0x0800a42f   Thumb Code    44  tcp_out.o(.text)
    tcp_rexmit                               0x0800a45b   Thumb Code    70  tcp_out.o(.text)
    tcp_rexmit_fast                          0x0800a4a1   Thumb Code    96  tcp_out.o(.text)
    tcp_keepalive                            0x0800a501   Thumb Code    72  tcp_out.o(.text)
    tcp_zero_window_probe                    0x0800a549   Thumb Code   174  tcp_out.o(.text)
    dhcp_renew                               0x0800aad5   Thumb Code   146  dhcp.o(.text)
    dhcp_coarse_tmr                          0x0800ac1f   Thumb Code    58  dhcp.o(.text)
    dhcp_release                             0x0800ad03   Thumb Code   178  dhcp.o(.text)
    dhcp_fine_tmr                            0x0800af35   Thumb Code    46  dhcp.o(.text)
    dhcp_stop                                0x0800b05f   Thumb Code    48  dhcp.o(.text)
    dhcp_start                               0x0800b1f7   Thumb Code   162  dhcp.o(.text)
    dhcp_inform                              0x0800b299   Thumb Code   150  dhcp.o(.text)
    dhcp_network_changed                     0x0800b32f   Thumb Code    68  dhcp.o(.text)
    dhcp_arp_reply                           0x0800b3f5   Thumb Code    28  dhcp.o(.text)
    autoip_init                              0x0800b41d   Thumb Code     2  autoip.o(.text)
    autoip_start                             0x0800b4ab   Thumb Code    96  autoip.o(.text)
    autoip_network_changed                   0x0800b5a5   Thumb Code    32  autoip.o(.text)
    autoip_stop                              0x0800b5c5   Thumb Code    16  autoip.o(.text)
    autoip_tmr                               0x0800b5d5   Thumb Code   204  autoip.o(.text)
    autoip_arp_reply                         0x0800b6a1   Thumb Code   140  autoip.o(.text)
    icmp_input                               0x0800b74d   Thumb Code   324  icmp.o(.text)
    icmp_dest_unreach                        0x0800b8f9   Thumb Code     6  icmp.o(.text)
    htonl                                    0x0800b901   Thumb Code    24  inet.o(.text)
    inet_aton                                0x0800b919   Thumb Code   276  inet.o(.text)
    inet_addr                                0x0800ba2d   Thumb Code    20  inet.o(.text)
    inet_ntoa                                0x0800ba41   Thumb Code    92  inet.o(.text)
    htons                                    0x0800ba9d   Thumb Code    10  inet.o(.text)
    ntohs                                    0x0800baa7   Thumb Code     2  inet.o(.text)
    ntohl                                    0x0800baa9   Thumb Code     2  inet.o(.text)
    inet_chksum_pseudo                       0x0800baeb   Thumb Code   134  inet_chksum.o(.text)
    inet_chksum                              0x0800bb71   Thumb Code    12  inet_chksum.o(.text)
    inet_chksum_pbuf                         0x0800bb7d   Thumb Code    72  inet_chksum.o(.text)
    ip_route                                 0x0800bbc5   Thumb Code    62  ip.o(.text)
    ip_input                                 0x0800bc03   Thumb Code   426  ip.o(.text)
    ip_output_if                             0x0800bdad   Thumb Code   186  ip.o(.text)
    ip_output                                0x0800be67   Thumb Code    52  ip.o(.text)
    ip_addr_isbroadcast                      0x0800bea9   Thumb Code    62  ip_addr.o(.text)
    etharp_tmr                               0x0800bee9   Thumb Code    50  etharp.o(.text)
    etharp_find_addr                         0x0800c0a9   Thumb Code    44  etharp.o(.text)
    etharp_ip_input                          0x0800c0d5   Thumb Code    40  etharp.o(.text)
    etharp_arp_input                         0x0800c0fd   Thumb Code   296  etharp.o(.text)
    etharp_raw                               0x0800c225   Thumb Code   192  etharp.o(.text)
    etharp_request                           0x0800c2e5   Thumb Code    32  etharp.o(.text)
    etharp_query                             0x0800c305   Thumb Code   140  etharp.o(.text)
    etharp_output                            0x0800c391   Thumb Code   180  etharp.o(.text)
    ethernet_input                           0x0800c445   Thumb Code    82  etharp.o(.text)
    ethernetif_init                          0x0800c67b   Thumb Code    42  ethernetif.o(.text)
    sys_mbox_new                             0x0800c6dd   Thumb Code     8  sys_arch.o(.text)
    sys_mbox_free                            0x0800c6e5   Thumb Code    20  sys_arch.o(.text)
    sys_mbox_post                            0x0800c6f9   Thumb Code    26  sys_arch.o(.text)
    sys_mbox_trypost                         0x0800c713   Thumb Code    26  sys_arch.o(.text)
    sys_arch_mbox_fetch                      0x0800c72d   Thumb Code    84  sys_arch.o(.text)
    sys_arch_mbox_tryfetch                   0x0800c781   Thumb Code    30  sys_arch.o(.text)
    sys_sem_new                              0x0800c79f   Thumb Code    54  sys_arch.o(.text)
    sys_arch_sem_wait                        0x0800c7d5   Thumb Code    74  sys_arch.o(.text)
    sys_sem_signal                           0x0800c81f   Thumb Code    10  sys_arch.o(.text)
    sys_sem_free                             0x0800c829   Thumb Code     4  sys_arch.o(.text)
    sys_init                                 0x0800c82d   Thumb Code    28  sys_arch.o(.text)
    sys_arch_timeouts                        0x0800c849   Thumb Code    38  sys_arch.o(.text)
    sys_thread_new                           0x0800c86f   Thumb Code    76  sys_arch.o(.text)
    sys_arch_protect                         0x0800c8bb   Thumb Code    10  sys_arch.o(.text)
    sys_arch_unprotect                       0x0800c8c5   Thumb Code     4  sys_arch.o(.text)
    sys_assert                               0x0800c8c9   Thumb Code     6  sys_arch.o(.text)
    vListInitialise                          0x0800c8d9   Thumb Code    22  list.o(.text)
    vListInitialiseItem                      0x0800c8ef   Thumb Code     6  list.o(.text)
    vListInsertEnd                           0x0800c8f5   Thumb Code    28  list.o(.text)
    vListInsert                              0x0800c911   Thumb Code    48  list.o(.text)
    vListRemove                              0x0800c941   Thumb Code    36  list.o(.text)
    xQueueCreate                             0x0800c965   Thumb Code    96  queue.o(.text)
    xQueueGenericSend                        0x0800caa3   Thumb Code   200  queue.o(.text)
    xQueueCreateMutex                        0x0800cb6b   Thumb Code    68  queue.o(.text)
    xQueueCreateCountingSemaphore            0x0800cbaf   Thumb Code    18  queue.o(.text)
    xQueueGenericSendFromISR                 0x0800cbc1   Thumb Code    82  queue.o(.text)
    xQueueGenericReceive                     0x0800cc55   Thumb Code   260  queue.o(.text)
    xQueueReceiveFromISR                     0x0800cd59   Thumb Code    78  queue.o(.text)
    uxQueueMessagesWaiting                   0x0800cda7   Thumb Code    18  queue.o(.text)
    uxQueueMessagesWaitingFromISR            0x0800cdb9   Thumb Code     4  queue.o(.text)
    vQueueDelete                             0x0800cdbd   Thumb Code    20  queue.o(.text)
    xQueueIsQueueEmptyFromISR                0x0800cdd1   Thumb Code    14  queue.o(.text)
    xQueueIsQueueFullFromISR                 0x0800cddf   Thumb Code    16  queue.o(.text)
    xTaskGenericCreate                       0x0800cea9   Thumb Code   208  tasks.o(.text)
    vTaskDelete                              0x0800cf79   Thumb Code    90  tasks.o(.text)
    vTaskIncrementTick                       0x0800cfd3   Thumb Code   118  tasks.o(.text)
    xTaskResumeAll                           0x0800d049   Thumb Code   168  tasks.o(.text)
    vTaskSuspendAll                          0x0800d0f1   Thumb Code    10  tasks.o(.text)
    vTaskDelay                               0x0800d0fb   Thumb Code    78  tasks.o(.text)
    uxTaskPriorityGet                        0x0800d149   Thumb Code    24  tasks.o(.text)
    vTaskPrioritySet                         0x0800d161   Thumb Code   156  tasks.o(.text)
    vTaskStartScheduler                      0x0800d277   Thumb Code    50  tasks.o(.text)
    vTaskEndScheduler                        0x0800d2a9   Thumb Code    20  tasks.o(.text)
    xTaskGetTickCount                        0x0800d2bd   Thumb Code    18  tasks.o(.text)
    xTaskGetTickCountFromISR                 0x0800d2cf   Thumb Code     6  tasks.o(.text)
    uxTaskGetNumberOfTasks                   0x0800d2d5   Thumb Code     6  tasks.o(.text)
    vTaskList                                0x0800d357   Thumb Code   114  tasks.o(.text)
    vTaskStartTrace                          0x0800d3c9   Thumb Code    34  tasks.o(.text)
    ulTaskEndTrace                           0x0800d3eb   Thumb Code    24  tasks.o(.text)
    vTaskSwitchContext                       0x0800d403   Thumb Code   138  tasks.o(.text)
    vTaskPlaceOnEventList                    0x0800d48d   Thumb Code    64  tasks.o(.text)
    xTaskRemoveFromEventList                 0x0800d4cd   Thumb Code    96  tasks.o(.text)
    vTaskSetTimeOutState                     0x0800d52d   Thumb Code    12  tasks.o(.text)
    xTaskCheckForTimeOut                     0x0800d539   Thumb Code    72  tasks.o(.text)
    vTaskMissedYield                         0x0800d581   Thumb Code     8  tasks.o(.text)
    xTaskGetCurrentTaskHandle                0x0800d589   Thumb Code     6  tasks.o(.text)
    vTaskPriorityInherit                     0x0800d58f   Thumb Code    92  tasks.o(.text)
    vTaskPriorityDisinherit                  0x0800d5eb   Thumb Code   112  tasks.o(.text)
    pxPortInitialiseStack                    0x0800d665   Thumb Code    20  port.o(.text)
    xPortStartScheduler                      0x0800d687   Thumb Code    38  port.o(.text)
    vPortEndScheduler                        0x0800d6ad   Thumb Code     2  port.o(.text)
    vPortYieldFromISR                        0x0800d6af   Thumb Code    12  port.o(.text)
    vPortEnterCritical                       0x0800d6bb   Thumb Code    16  port.o(.text)
    vPortExitCritical                        0x0800d6cb   Thumb Code    18  port.o(.text)
    xPortSysTickHandler                      0x0800d6dd   Thumb Code    28  port.o(.text)
    pvPortMalloc                             0x0800d705   Thumb Code   172  heap_2.o(.text)
    vPortFree                                0x0800d7b1   Thumb Code    58  heap_2.o(.text)
    xPortGetFreeHeapSize                     0x0800d7eb   Thumb Code     6  heap_2.o(.text)
    vPortInitialiseBlocks                    0x0800d7f1   Thumb Code     2  heap_2.o(.text)
    Reset_Handler                            0x0800d7fd   Thumb Code     8  startup_stm32f4xx.o(.text)
    ADC_IRQHandler                           0x0800d817   Thumb Code     0  startup_stm32f4xx.o(.text)
    CAN1_RX0_IRQHandler                      0x0800d817   Thumb Code     0  startup_stm32f4xx.o(.text)
    CAN1_RX1_IRQHandler                      0x0800d817   Thumb Code     0  startup_stm32f4xx.o(.text)
    CAN1_SCE_IRQHandler                      0x0800d817   Thumb Code     0  startup_stm32f4xx.o(.text)
    CAN1_TX_IRQHandler                       0x0800d817   Thumb Code     0  startup_stm32f4xx.o(.text)
    CAN2_RX0_IRQHandler                      0x0800d817   Thumb Code     0  startup_stm32f4xx.o(.text)
    CAN2_RX1_IRQHandler                      0x0800d817   Thumb Code     0  startup_stm32f4xx.o(.text)
    CAN2_SCE_IRQHandler                      0x0800d817   Thumb Code     0  startup_stm32f4xx.o(.text)
    CAN2_TX_IRQHandler                       0x0800d817   Thumb Code     0  startup_stm32f4xx.o(.text)
    CRYP_IRQHandler                          0x0800d817   Thumb Code     0  startup_stm32f4xx.o(.text)
    DCMI_IRQHandler                          0x0800d817   Thumb Code     0  startup_stm32f4xx.o(.text)
    ETH_WKUP_IRQHandler                      0x0800d817   Thumb Code     0  startup_stm32f4xx.o(.text)
    EXTI2_IRQHandler                         0x0800d817   Thumb Code     0  startup_stm32f4xx.o(.text)
    EXTI3_IRQHandler                         0x0800d817   Thumb Code     0  startup_stm32f4xx.o(.text)
    EXTI4_IRQHandler                         0x0800d817   Thumb Code     0  startup_stm32f4xx.o(.text)
    EXTI9_5_IRQHandler                       0x0800d817   Thumb Code     0  startup_stm32f4xx.o(.text)
    FLASH_IRQHandler                         0x0800d817   Thumb Code     0  startup_stm32f4xx.o(.text)
    FPU_IRQHandler                           0x0800d817   Thumb Code     0  startup_stm32f4xx.o(.text)
    FSMC_IRQHandler                          0x0800d817   Thumb Code     0  startup_stm32f4xx.o(.text)
    HASH_RNG_IRQHandler                      0x0800d817   Thumb Code     0  startup_stm32f4xx.o(.text)
    I2C1_ER_IRQHandler                       0x0800d817   Thumb Code     0  startup_stm32f4xx.o(.text)
    I2C1_EV_IRQHandler                       0x0800d817   Thumb Code     0  startup_stm32f4xx.o(.text)
    I2C2_ER_IRQHandler                       0x0800d817   Thumb Code     0  startup_stm32f4xx.o(.text)
    I2C2_EV_IRQHandler                       0x0800d817   Thumb Code     0  startup_stm32f4xx.o(.text)
    I2C3_ER_IRQHandler                       0x0800d817   Thumb Code     0  startup_stm32f4xx.o(.text)
    I2C3_EV_IRQHandler                       0x0800d817   Thumb Code     0  startup_stm32f4xx.o(.text)
    OTG_FS_IRQHandler                        0x0800d817   Thumb Code     0  startup_stm32f4xx.o(.text)
    OTG_FS_WKUP_IRQHandler                   0x0800d817   Thumb Code     0  startup_stm32f4xx.o(.text)
    OTG_HS_EP1_IN_IRQHandler                 0x0800d817   Thumb Code     0  startup_stm32f4xx.o(.text)
    OTG_HS_EP1_OUT_IRQHandler                0x0800d817   Thumb Code     0  startup_stm32f4xx.o(.text)
    OTG_HS_IRQHandler                        0x0800d817   Thumb Code     0  startup_stm32f4xx.o(.text)
    OTG_HS_WKUP_IRQHandler                   0x0800d817   Thumb Code     0  startup_stm32f4xx.o(.text)
    PVD_IRQHandler                           0x0800d817   Thumb Code     0  startup_stm32f4xx.o(.text)
    RCC_IRQHandler                           0x0800d817   Thumb Code     0  startup_stm32f4xx.o(.text)
    RTC_Alarm_IRQHandler                     0x0800d817   Thumb Code     0  startup_stm32f4xx.o(.text)
    RTC_WKUP_IRQHandler                      0x0800d817   Thumb Code     0  startup_stm32f4xx.o(.text)
    SDIO_IRQHandler                          0x0800d817   Thumb Code     0  startup_stm32f4xx.o(.text)
    SPI1_IRQHandler                          0x0800d817   Thumb Code     0  startup_stm32f4xx.o(.text)
    SPI2_IRQHandler                          0x0800d817   Thumb Code     0  startup_stm32f4xx.o(.text)
    SPI3_IRQHandler                          0x0800d817   Thumb Code     0  startup_stm32f4xx.o(.text)
    TAMP_STAMP_IRQHandler                    0x0800d817   Thumb Code     0  startup_stm32f4xx.o(.text)
    TIM1_BRK_TIM9_IRQHandler                 0x0800d817   Thumb Code     0  startup_stm32f4xx.o(.text)
    TIM1_CC_IRQHandler                       0x0800d817   Thumb Code     0  startup_stm32f4xx.o(.text)
    TIM1_TRG_COM_TIM11_IRQHandler            0x0800d817   Thumb Code     0  startup_stm32f4xx.o(.text)
    TIM1_UP_TIM10_IRQHandler                 0x0800d817   Thumb Code     0  startup_stm32f4xx.o(.text)
    TIM2_IRQHandler                          0x0800d817   Thumb Code     0  startup_stm32f4xx.o(.text)
    TIM4_IRQHandler                          0x0800d817   Thumb Code     0  startup_stm32f4xx.o(.text)
    TIM5_IRQHandler                          0x0800d817   Thumb Code     0  startup_stm32f4xx.o(.text)
    TIM6_DAC_IRQHandler                      0x0800d817   Thumb Code     0  startup_stm32f4xx.o(.text)
    TIM7_IRQHandler                          0x0800d817   Thumb Code     0  startup_stm32f4xx.o(.text)
    TIM8_BRK_TIM12_IRQHandler                0x0800d817   Thumb Code     0  startup_stm32f4xx.o(.text)
    TIM8_CC_IRQHandler                       0x0800d817   Thumb Code     0  startup_stm32f4xx.o(.text)
    TIM8_TRG_COM_TIM14_IRQHandler            0x0800d817   Thumb Code     0  startup_stm32f4xx.o(.text)
    TIM8_UP_TIM13_IRQHandler                 0x0800d817   Thumb Code     0  startup_stm32f4xx.o(.text)
    WWDG_IRQHandler                          0x0800d817   Thumb Code     0  startup_stm32f4xx.o(.text)
    __aeabi_memcpy                           0x0800d821   Thumb Code    36  memcpya.o(.text)
    __aeabi_memcpy4                          0x0800d821   Thumb Code     0  memcpya.o(.text)
    __aeabi_memcpy8                          0x0800d821   Thumb Code     0  memcpya.o(.text)
    __aeabi_memset                           0x0800d845   Thumb Code    14  memseta.o(.text)
    __aeabi_memset4                          0x0800d845   Thumb Code     0  memseta.o(.text)
    __aeabi_memset8                          0x0800d845   Thumb Code     0  memseta.o(.text)
    __aeabi_memclr                           0x0800d853   Thumb Code     4  memseta.o(.text)
    __aeabi_memclr4                          0x0800d853   Thumb Code     0  memseta.o(.text)
    __aeabi_memclr8                          0x0800d853   Thumb Code     0  memseta.o(.text)
    _memset$wrapper                          0x0800d857   Thumb Code    18  memseta.o(.text)
    strcat                                   0x0800d869   Thumb Code    24  strcat.o(.text)
    strncpy                                  0x0800d881   Thumb Code    24  strncpy.o(.text)
    strlen                                   0x0800d899   Thumb Code    14  strlen.o(.text)
    strcmp                                   0x0800d8a7   Thumb Code    28  strcmp.o(.text)
    memcmp                                   0x0800d8c3   Thumb Code    26  memcmp.o(.text)
    strncmp                                  0x0800d8dd   Thumb Code    30  strncmp.o(.text)
    __aeabi_i2d                              0x0800d8fb   Thumb Code    34  dflti.o(.text)
    __aeabi_ui2d                             0x0800d91d   Thumb Code    26  dfltui.o(.text)
    __aeabi_cdcmpeq                          0x0800d939   Thumb Code     0  cdcmple.o(.text)
    __aeabi_cdcmple                          0x0800d939   Thumb Code    48  cdcmple.o(.text)
    __aeabi_cdrcmple                         0x0800d969   Thumb Code    48  cdrcmple.o(.text)
    __aeabi_uidiv                            0x0800d999   Thumb Code     0  uidiv.o(.text)
    __aeabi_uidivmod                         0x0800d999   Thumb Code    44  uidiv.o(.text)
    __aeabi_uldivmod                         0x0800d9c5   Thumb Code    98  uldiv.o(.text)
    __I$use$fp                               0x0800da27   Thumb Code     0  iusefp.o(.text)
    _double_round                            0x0800da27   Thumb Code    30  depilogue.o(.text)
    _double_epilogue                         0x0800da45   Thumb Code   156  depilogue.o(.text)
    __aeabi_dadd                             0x0800dae1   Thumb Code   322  dadd.o(.text)
    __aeabi_dsub                             0x0800dc23   Thumb Code     6  dadd.o(.text)
    __aeabi_drsub                            0x0800dc29   Thumb Code     6  dadd.o(.text)
    __aeabi_dmul                             0x0800dc2f   Thumb Code   228  dmul.o(.text)
    __aeabi_ddiv                             0x0800dd13   Thumb Code   222  ddiv.o(.text)
    __aeabi_d2ulz                            0x0800ddf1   Thumb Code    48  dfixul.o(.text)
    __scatterload                            0x0800de21   Thumb Code    28  init.o(.text)
    __scatterload_rt2                        0x0800de21   Thumb Code     0  init.o(.text)
    __aeabi_llsl                             0x0800de45   Thumb Code    30  llshl.o(.text)
    _ll_shift_l                              0x0800de45   Thumb Code     0  llshl.o(.text)
    __aeabi_llsr                             0x0800de63   Thumb Code    32  llushr.o(.text)
    _ll_ushift_r                             0x0800de63   Thumb Code     0  llushr.o(.text)
    __aeabi_lasr                             0x0800de83   Thumb Code    36  llsshr.o(.text)
    _ll_sshift_r                             0x0800de83   Thumb Code     0  llsshr.o(.text)
    __decompress                             0x0800dea7   Thumb Code     0  __dczerorl2.o(.text)
    __decompress1                            0x0800dea7   Thumb Code    86  __dczerorl2.o(.text)
    __0printf$3                              0x0800defd   Thumb Code    22  printf3.o(i.__0printf$3)
    __1printf$3                              0x0800defd   Thumb Code     0  printf3.o(i.__0printf$3)
    __2printf                                0x0800defd   Thumb Code     0  printf3.o(i.__0printf$3)
    __0sprintf$3                             0x0800df1d   Thumb Code    34  printf3.o(i.__0sprintf$3)
    __1sprintf$3                             0x0800df1d   Thumb Code     0  printf3.o(i.__0sprintf$3)
    __2sprintf                               0x0800df1d   Thumb Code     0  printf3.o(i.__0sprintf$3)
    __0vsnprintf                             0x0800df45   Thumb Code    40  printfa.o(i.__0vsnprintf)
    __1vsnprintf                             0x0800df45   Thumb Code     0  printfa.o(i.__0vsnprintf)
    __2vsnprintf                             0x0800df45   Thumb Code     0  printfa.o(i.__0vsnprintf)
    __c89vsnprintf                           0x0800df45   Thumb Code     0  printfa.o(i.__0vsnprintf)
    vsnprintf                                0x0800df45   Thumb Code     0  printfa.o(i.__0vsnprintf)
    __scatterload_copy                       0x0800df71   Thumb Code    14  handlers.o(i.__scatterload_copy)
    __scatterload_null                       0x0800df7f   Thumb Code     2  handlers.o(i.__scatterload_null)
    __scatterload_zeroinit                   0x0800df81   Thumb Code    14  handlers.o(i.__scatterload_zeroinit)
    dst_port                                 0x0800ea1a   Data           2  netconf.o(.constdata)
    file__STM32F4x7_files_logo_jpg           0x0801932c   Data          20  fs.o(.constdata)
    file__STM32F4x7_files_ST_gif             0x08019340   Data          20  fs.o(.constdata)
    file__STM32F4x7_files_stm32_jpg          0x08019354   Data          20  fs.o(.constdata)
    file__404_html                           0x08019368   Data          20  fs.o(.constdata)
    file__STM32F4x7_html                     0x0801937c   Data          20  fs.o(.constdata)
    CUSTOM_COM_TX_PIN                        0x080199cc   Data           8  custom_stm32f4_board.o(.constdata)
    CUSTOM_COM_RX_PIN                        0x080199d4   Data           8  custom_stm32f4_board.o(.constdata)
    CUSTOM_COM_TX_PIN_SOURCE                 0x080199dc   Data           8  custom_stm32f4_board.o(.constdata)
    CUSTOM_COM_RX_PIN_SOURCE                 0x080199e4   Data           8  custom_stm32f4_board.o(.constdata)
    CUSTOM_COM_TX_AF                         0x080199ec   Data           8  custom_stm32f4_board.o(.constdata)
    CUSTOM_COM_RX_AF                         0x080199f4   Data           8  custom_stm32f4_board.o(.constdata)
    CUSTOM_COM_USART_CLK                     0x080199fc   Data          16  custom_stm32f4_board.o(.constdata)
    CUSTOM_COM_TX_PORT_CLK                   0x08019a0c   Data          16  custom_stm32f4_board.o(.constdata)
    CUSTOM_COM_RX_PORT_CLK                   0x08019a1c   Data          16  custom_stm32f4_board.o(.constdata)
    ASCII16x24_Table                         0x08019a40   Data        4560  stm32f4_discovery_lcd.o(.constdata)
    BUTTON_PORT_SOURCE                       0x0801ac10   Data           1  stm32f4_discovery.o(.constdata)
    BUTTON_PIN_SOURCE                        0x0801ac11   Data           1  stm32f4_discovery.o(.constdata)
    BUTTON_IRQn                              0x0801ac12   Data           1  stm32f4_discovery.o(.constdata)
    BUTTON_PIN                               0x0801ac14   Data           2  stm32f4_discovery.o(.constdata)
    BUTTON_EXTI_LINE                         0x0801ac16   Data           2  stm32f4_discovery.o(.constdata)
    BUTTON_CLK                               0x0801ac18   Data           4  stm32f4_discovery.o(.constdata)
    COM_TX_PIN                               0x0801ac1c   Data           4  stm32f4_discovery.o(.constdata)
    COM_RX_PIN                               0x0801ac20   Data           4  stm32f4_discovery.o(.constdata)
    COM_TX_PIN_SOURCE                        0x0801ac24   Data           4  stm32f4_discovery.o(.constdata)
    COM_RX_PIN_SOURCE                        0x0801ac28   Data           4  stm32f4_discovery.o(.constdata)
    COM_TX_AF                                0x0801ac2c   Data           4  stm32f4_discovery.o(.constdata)
    COM_RX_AF                                0x0801ac30   Data           4  stm32f4_discovery.o(.constdata)
    GPIO_PIN                                 0x0801ac34   Data           8  stm32f4_discovery.o(.constdata)
    COM_USART_CLK                            0x0801ac3c   Data           8  stm32f4_discovery.o(.constdata)
    COM_TX_PORT_CLK                          0x0801ac44   Data           8  stm32f4_discovery.o(.constdata)
    COM_RX_PORT_CLK                          0x0801ac4c   Data           8  stm32f4_discovery.o(.constdata)
    GPIO_CLK                                 0x0801ac54   Data          16  stm32f4_discovery.o(.constdata)
    tcp_persist_backoff                      0x0801ac94   Data           7  tcp.o(.constdata)
    tcp_backoff                              0x0801ac9b   Data          13  tcp.o(.constdata)
    ip_addr_any                              0x0801aca8   Data           4  ip_addr.o(.constdata)
    ip_addr_broadcast                        0x0801acac   Data           4  ip_addr.o(.constdata)
    ethbroadcast                             0x0801acb0   Data           6  etharp.o(.constdata)
    ethzero                                  0x0801acb6   Data           6  etharp.o(.constdata)
    Region$$Table$$Base                      0x0801ad34   Number         0  anon$$obj.o(Region$$Table)
    Region$$Table$$Limit                     0x0801ad54   Number         0  anon$$obj.o(Region$$Table)
    command                                  0x20000000   Data           1  main.o(.data)
    process_command_xHandle                  0x20000004   Data           4  main.o(.data)
    field_xHandle                            0x20000008   Data           4  main.o(.data)
    exti_xSemaphore                          0x2000000c   Data           4  main.o(.data)
    pwm_xSemaphore                           0x20000010   Data           4  main.o(.data)
    uart_A1_xSemaphore                       0x20000014   Data           4  main.o(.data)
    uart_A2_xSemaphore                       0x20000018   Data           4  main.o(.data)
    uart_A3_xSemaphore                       0x2000001c   Data           4  main.o(.data)
    time_origin                              0x20000020   Data           4  main.o(.data)
    SystemCoreClock                          0x20000024   Data           4  system_stm32f4xx.o(.data)
    AHBPrescTable                            0x20000028   Data          16  system_stm32f4xx.o(.data)
    pwm_count                                0x20000038   Data           4  stm32f4xx_it.o(.data)
    pcb                                      0x2000003c   Data           4  netconf.o(.data)
    dst_addr                                 0x20000040   Data           4  netconf.o(.data)
    p                                        0x20000044   Data           4  netconf.o(.data)
    EthInitStatus                            0x20000048   Data           4  stm32f4x7_eth_bsp.o(.data)
    nPageHits                                0x2000004c   Data           4  httpserver-netconn.o(.data)
    CUSTOM_COM_USART                         0x20000050   Data          16  custom_stm32f4_board.o(.data)
    CUSTOM_COM_TX_PORT                       0x20000060   Data          16  custom_stm32f4_board.o(.data)
    CUSTOM_COM_RX_PORT                       0x20000070   Data          16  custom_stm32f4_board.o(.data)
    TM_USART1                                0x20000080   Data          16  tm_stm32f4_usart.o(.data)
    TM_USART2                                0x20000090   Data          16  tm_stm32f4_usart.o(.data)
    TM_USART3                                0x200000a0   Data          16  tm_stm32f4_usart.o(.data)
    TM_UART4                                 0x200000b0   Data          16  tm_stm32f4_usart.o(.data)
    TM_UART5                                 0x200000c0   Data          16  tm_stm32f4_usart.o(.data)
    TM_USART6                                0x200000d0   Data          16  tm_stm32f4_usart.o(.data)
    Font16x24                                0x20000118   Data           8  stm32f4_discovery_lcd.o(.data)
    BUTTON_PORT                              0x20000120   Data           4  stm32f4_discovery.o(.data)
    COM_USART                                0x20000124   Data           8  stm32f4_discovery.o(.data)
    COM_TX_PORT                              0x2000012c   Data           8  stm32f4_discovery.o(.data)
    COM_RX_PORT                              0x20000134   Data           8  stm32f4_discovery.o(.data)
    GPIO_PORT                                0x2000013c   Data          16  stm32f4_discovery.o(.data)
    DMATxDescToSet                           0x2000015c   Data           4  stm32f4x7_eth.o(.data)
    DMARxDescToGet                           0x20000160   Data           4  stm32f4x7_eth.o(.data)
    DMA_RX_FRAME_infos                       0x20000164   Data           4  stm32f4x7_eth.o(.data)
    udp_pcbs                                 0x20000178   Data           4  udp.o(.data)
    netif_list                               0x20000190   Data           4  netif.o(.data)
    netif_default                            0x20000194   Data           4  netif.o(.data)
    tcp_ticks                                0x200001a4   Data           4  tcp.o(.data)
    tcp_bound_pcbs                           0x200001a8   Data           4  tcp.o(.data)
    tcp_listen_pcbs                          0x200001ac   Data           4  tcp.o(.data)
    tcp_active_pcbs                          0x200001b0   Data           4  tcp.o(.data)
    tcp_tw_pcbs                              0x200001b4   Data           4  tcp.o(.data)
    tcp_tmp_pcb                              0x200001b8   Data           4  tcp.o(.data)
    tcp_state_str                            0x200001bc   Data          44  tcp.o(.data)
    tcp_input_pcb                            0x20000200   Data           4  tcp_in.o(.data)
    current_netif                            0x2000020c   Data           4  ip.o(.data)
    current_header                           0x20000210   Data           4  ip.o(.data)
    s_xSemaphore                             0x2000021c   Data           4  ethernetif.o(.data)
    pxCurrentTCB                             0x20000228   Data           4  tasks.o(.data)
    __stdout                                 0x20000290   Data           4  stdout.o(.data)
    USART_InitStructure                      0x20000294   Data          16  main.o(.bss)
    ETH_recv_buffer                          0x200002a4   Data         128  main.o(.bss)
    UART_send_buffer                         0x20000324   Data          16  main.o(.bss)
    UART_recv_buffer                         0x20000334   Data          16  main.o(.bss)
    UART_field_buffer                        0x20000344   Data          16  main.o(.bss)
    xnetif                                   0x20000354   Data          56  netconf.o(.bss)
    fs_memory                                0x2000038c   Data         240  fs.o(.bss)
    TM_USART1_Buffer                         0x2000047c   Data          32  tm_stm32f4_usart.o(.bss)
    TM_USART2_Buffer                         0x2000049c   Data          32  tm_stm32f4_usart.o(.bss)
    TM_USART3_Buffer                         0x200004bc   Data          32  tm_stm32f4_usart.o(.bss)
    TM_UART4_Buffer                          0x200004dc   Data          32  tm_stm32f4_usart.o(.bss)
    TM_UART5_Buffer                          0x200004fc   Data          32  tm_stm32f4_usart.o(.bss)
    TM_USART6_Buffer                         0x2000051c   Data          32  tm_stm32f4_usart.o(.bss)
    DMARxDscrTab                             0x20000590   Data         160  stm32f4x7_eth.o(.bss)
    DMATxDscrTab                             0x20000630   Data         160  stm32f4x7_eth.o(.bss)
    Rx_Buff                                  0x200006d0   Data        7620  stm32f4x7_eth.o(.bss)
    Tx_Buff                                  0x20002494   Data        7620  stm32f4x7_eth.o(.bss)
    RX_Frame_Descriptor                      0x20004258   Data          12  stm32f4x7_eth.o(.bss)
    __initial_sp                             0x20010200   Data           0  startup_stm32f4xx.o(STACK)



==============================================================================

Memory Map of the image

  Image Entry point : 0x08000189

  Load Region LR_IROM1 (Base: 0x08000000, Size: 0x0001afe8, Max: 0x00100000, ABSOLUTE, COMPRESSED[0x0001ae10])

    Execution Region ER_IROM1 (Exec base: 0x08000000, Load base: 0x08000000, Size: 0x0001ad54, Max: 0x00100000, ABSOLUTE)

    Exec Addr    Load Addr    Size         Type   Attr      Idx    E Section Name        Object

    0x08000000   0x08000000   0x00000188   Data   RO         1562    RESET               startup_stm32f4xx.o
    0x08000188   0x08000188   0x00000000   Code   RO         1567  * .ARM.Collect$$$$00000000  mc_w.l(entry.o)
    0x08000188   0x08000188   0x00000004   Code   RO         1857    .ARM.Collect$$$$00000001  mc_w.l(entry2.o)
    0x0800018c   0x0800018c   0x00000004   Code   RO         1860    .ARM.Collect$$$$00000004  mc_w.l(entry5.o)
    0x08000190   0x08000190   0x00000000   Code   RO         1862    .ARM.Collect$$$$00000008  mc_w.l(entry7b.o)
    0x08000190   0x08000190   0x00000000   Code   RO         1864    .ARM.Collect$$$$0000000A  mc_w.l(entry8b.o)
    0x08000190   0x08000190   0x00000008   Code   RO         1865    .ARM.Collect$$$$0000000B  mc_w.l(entry9a.o)
    0x08000198   0x08000198   0x00000000   Code   RO         1867    .ARM.Collect$$$$0000000D  mc_w.l(entry10a.o)
    0x08000198   0x08000198   0x00000000   Code   RO         1869    .ARM.Collect$$$$0000000F  mc_w.l(entry11a.o)
    0x08000198   0x08000198   0x00000004   Code   RO         1858    .ARM.Collect$$$$00002712  mc_w.l(entry2.o)
    0x0800019c   0x0800019c   0x00000088   Code   RO         1527    .emb_text           port.o
    0x08000224   0x08000224   0x00000674   Code   RO            2    .text               main.o
    0x08000898   0x08000898   0x00000184   Code   RO          295    .text               system_stm32f4xx.o
    0x08000a1c   0x08000a1c   0x000002d8   Code   RO          317    .text               stm32f4xx_it.o
    0x08000cf4   0x08000cf4   0x00000118   Code   RO          353    .text               netconf.o
    0x08000e0c   0x08000e0c   0x00000248   Code   RO          412    .text               stm32f4x7_eth_bsp.o
    0x08001054   0x08001054   0x000000dc   Code   RO          430    .text               fs.o
    0x08001130   0x08001130   0x000003e8   Code   RO          464    .text               httpserver-netconn.o
    0x08001518   0x08001518   0x00000438   Code   RO          491    .text               custom_stm32f4_board.o
    0x08001950   0x08001950   0x00000214   Code   RO          512    .text               tm_stm32f4_dma.o
    0x08001b64   0x08001b64   0x000006e0   Code   RO          534    .text               tm_stm32f4_usart.o
    0x08002244   0x08002244   0x0000018c   Code   RO          559    .text               tm_stm32f4_usart_dma.o
    0x080023d0   0x080023d0   0x000002c0   Code   RO          581    .text               tm_stm32f4_gpio.o
    0x08002690   0x08002690   0x00000e0c   Code   RO          599    .text               stm32f4_discovery_lcd.o
    0x0800349c   0x0800349c   0x0000043c   Code   RO          631    .text               stm32f4_discovery.o
    0x080038d8   0x080038d8   0x000000ec   Code   RO          652    .text               stm32f4xx_exti.o
    0x080039c4   0x080039c4   0x000004b4   Code   RO          668    .text               stm32f4xx_fsmc.o
    0x08003e78   0x08003e78   0x00000224   Code   RO          684    .text               stm32f4xx_gpio.o
    0x0800409c   0x0800409c   0x00000434   Code   RO          700    .text               stm32f4xx_rcc.o
    0x080044d0   0x080044d0   0x000001bc   Code   RO          718    .text               stm32f4xx_sdio.o
    0x0800468c   0x0800468c   0x00000070   Code   RO          734    .text               stm32f4xx_syscfg.o
    0x080046fc   0x080046fc   0x000003b4   Code   RO          750    .text               stm32f4xx_usart.o
    0x08004ab0   0x08004ab0   0x000000bc   Code   RO          766    .text               misc.o
    0x08004b6c   0x08004b6c   0x00000344   Code   RO          798    .text               stm32f4xx_dma.o
    0x08004eb0   0x08004eb0   0x00000ac2   Code   RO          814    .text               stm32f4xx_tim.o
    0x08005972   0x08005972   0x00000002   PAD
    0x08005974   0x08005974   0x00000bb0   Code   RO          830    .text               stm32f4x7_eth.o
    0x08006524   0x08006524   0x000002f8   Code   RO          854    .text               api_lib.o
    0x0800681c   0x0800681c   0x00000948   Code   RO          885    .text               api_msg.o
    0x08007164   0x08007164   0x0000014c   Code   RO          915    .text               netbuf.o
    0x080072b0   0x080072b0   0x00000324   Code   RO          948    .text               tcpip.o
    0x080075d4   0x080075d4   0x0000038c   Code   RO          995    .text               udp.o
    0x08007960   0x08007960   0x0000001c   Code   RO         1036    .text               init.o
    0x0800797c   0x0800797c   0x00000290   Code   RO         1065    .text               mem.o
    0x08007c0c   0x08007c0c   0x00000088   Code   RO         1080    .text               memp.o
    0x08007c94   0x08007c94   0x0000019c   Code   RO         1109    .text               netif.o
    0x08007e30   0x08007e30   0x0000043e   Code   RO         1131    .text               pbuf.o
    0x0800826e   0x0800826e   0x00000002   PAD
    0x08008270   0x08008270   0x00000170   Code   RO         1143    .text               raw.o
    0x080083e0   0x080083e0   0x000001f4   Code   RO         1163    .text               sys.o
    0x080085d4   0x080085d4   0x0000095c   Code   RO         1184    .text               tcp.o
    0x08008f30   0x08008f30   0x00000da8   Code   RO         1205    .text               tcp_in.o
    0x08009cd8   0x08009cd8   0x0000091e   Code   RO         1225    .text               tcp_out.o
    0x0800a5f6   0x0800a5f6   0x00000002   PAD
    0x0800a5f8   0x0800a5f8   0x00000e24   Code   RO         1243    .text               dhcp.o
    0x0800b41c   0x0800b41c   0x00000330   Code   RO         1256    .text               autoip.o
    0x0800b74c   0x0800b74c   0x000001b2   Code   RO         1271    .text               icmp.o
    0x0800b8fe   0x0800b8fe   0x00000002   PAD
    0x0800b900   0x0800b900   0x000001b0   Code   RO         1289    .text               inet.o
    0x0800bab0   0x0800bab0   0x00000114   Code   RO         1302    .text               inet_chksum.o
    0x0800bbc4   0x0800bbc4   0x000002e4   Code   RO         1314    .text               ip.o
    0x0800bea8   0x0800bea8   0x0000003e   Code   RO         1332    .text               ip_addr.o
    0x0800bee6   0x0800bee6   0x00000002   PAD
    0x0800bee8   0x0800bee8   0x000005b8   Code   RO         1361    .text               etharp.o
    0x0800c4a0   0x0800c4a0   0x0000023c   Code   RO         1397    .text               ethernetif.o
    0x0800c6dc   0x0800c6dc   0x000001fc   Code   RO         1429    .text               sys_arch.o
    0x0800c8d8   0x0800c8d8   0x0000008c   Code   RO         1472    .text               list.o
    0x0800c964   0x0800c964   0x0000048a   Code   RO         1490    .text               queue.o
    0x0800cdee   0x0800cdee   0x00000002   PAD
    0x0800cdf0   0x0800cdf0   0x00000874   Code   RO         1505    .text               tasks.o
    0x0800d664   0x0800d664   0x000000a0   Code   RO         1528    .text               port.o
    0x0800d704   0x0800d704   0x000000f8   Code   RO         1545    .text               heap_2.o
    0x0800d7fc   0x0800d7fc   0x00000024   Code   RO         1563    .text               startup_stm32f4xx.o
    0x0800d820   0x0800d820   0x00000024   Code   RO         1570    .text               mc_w.l(memcpya.o)
    0x0800d844   0x0800d844   0x00000024   Code   RO         1572    .text               mc_w.l(memseta.o)
    0x0800d868   0x0800d868   0x00000018   Code   RO         1574    .text               mc_w.l(strcat.o)
    0x0800d880   0x0800d880   0x00000018   Code   RO         1576    .text               mc_w.l(strncpy.o)
    0x0800d898   0x0800d898   0x0000000e   Code   RO         1578    .text               mc_w.l(strlen.o)
    0x0800d8a6   0x0800d8a6   0x0000001c   Code   RO         1580    .text               mc_w.l(strcmp.o)
    0x0800d8c2   0x0800d8c2   0x0000001a   Code   RO         1582    .text               mc_w.l(memcmp.o)
    0x0800d8dc   0x0800d8dc   0x0000001e   Code   RO         1584    .text               mc_w.l(strncmp.o)
    0x0800d8fa   0x0800d8fa   0x00000022   Code   RO         1849    .text               mf_w.l(dflti.o)
    0x0800d91c   0x0800d91c   0x0000001a   Code   RO         1851    .text               mf_w.l(dfltui.o)
    0x0800d936   0x0800d936   0x00000002   PAD
    0x0800d938   0x0800d938   0x00000030   Code   RO         1853    .text               mf_w.l(cdcmple.o)
    0x0800d968   0x0800d968   0x00000030   Code   RO         1855    .text               mf_w.l(cdrcmple.o)
    0x0800d998   0x0800d998   0x0000002c   Code   RO         1872    .text               mc_w.l(uidiv.o)
    0x0800d9c4   0x0800d9c4   0x00000062   Code   RO         1874    .text               mc_w.l(uldiv.o)
    0x0800da26   0x0800da26   0x00000000   Code   RO         1876    .text               mc_w.l(iusefp.o)
    0x0800da26   0x0800da26   0x000000ba   Code   RO         1877    .text               mf_w.l(depilogue.o)
    0x0800dae0   0x0800dae0   0x0000014e   Code   RO         1879    .text               mf_w.l(dadd.o)
    0x0800dc2e   0x0800dc2e   0x000000e4   Code   RO         1881    .text               mf_w.l(dmul.o)
    0x0800dd12   0x0800dd12   0x000000de   Code   RO         1883    .text               mf_w.l(ddiv.o)
    0x0800ddf0   0x0800ddf0   0x00000030   Code   RO         1885    .text               mf_w.l(dfixul.o)
    0x0800de20   0x0800de20   0x00000024   Code   RO         1887    .text               mc_w.l(init.o)
    0x0800de44   0x0800de44   0x0000001e   Code   RO         1889    .text               mc_w.l(llshl.o)
    0x0800de62   0x0800de62   0x00000020   Code   RO         1891    .text               mc_w.l(llushr.o)
    0x0800de82   0x0800de82   0x00000024   Code   RO         1893    .text               mc_w.l(llsshr.o)
    0x0800dea6   0x0800dea6   0x00000056   Code   RO         1903    .text               mc_w.l(__dczerorl2.o)
    0x0800defc   0x0800defc   0x00000020   Code   RO         1677    i.__0printf$3       mc_w.l(printf3.o)
    0x0800df1c   0x0800df1c   0x00000028   Code   RO         1679    i.__0sprintf$3      mc_w.l(printf3.o)
    0x0800df44   0x0800df44   0x0000002c   Code   RO         1826    i.__0vsnprintf      mc_w.l(printfa.o)
    0x0800df70   0x0800df70   0x0000000e   Code   RO         1897    i.__scatterload_copy  mc_w.l(handlers.o)
    0x0800df7e   0x0800df7e   0x00000002   Code   RO         1898    i.__scatterload_null  mc_w.l(handlers.o)
    0x0800df80   0x0800df80   0x0000000e   Code   RO         1899    i.__scatterload_zeroinit  mc_w.l(handlers.o)
    0x0800df8e   0x0800df8e   0x00000002   PAD
    0x0800df90   0x0800df90   0x00000184   Code   RO         1828    i._fp_digits        mc_w.l(printfa.o)
    0x0800e114   0x0800e114   0x000001b8   Code   RO         1684    i._printf_core      mc_w.l(printf3.o)
    0x0800e2cc   0x0800e2cc   0x000006dc   Code   RO         1829    i._printf_core      mc_w.l(printfa.o)
    0x0800e9a8   0x0800e9a8   0x00000024   Code   RO         1830    i._printf_post_padding  mc_w.l(printfa.o)
    0x0800e9cc   0x0800e9cc   0x0000002e   Code   RO         1831    i._printf_pre_padding  mc_w.l(printfa.o)
    0x0800e9fa   0x0800e9fa   0x00000016   Code   RO         1832    i._snputc           mc_w.l(printfa.o)
    0x0800ea10   0x0800ea10   0x0000000a   Code   RO         1686    i._sputc            mc_w.l(printf3.o)
    0x0800ea1a   0x0800ea1a   0x00000002   Data   RO          355    .constdata          netconf.o
    0x0800ea1c   0x0800ea1c   0x00000c57   Data   RO          432    .constdata          fs.o
    0x0800f673   0x0800f673   0x00000aba   Data   RO          433    .constdata          fs.o
    0x0801012d   0x0801012d   0x0000665d   Data   RO          434    .constdata          fs.o
    0x0801678a   0x0801678a   0x000004db   Data   RO          435    .constdata          fs.o
    0x08016c65   0x08016c65   0x000026c4   Data   RO          436    .constdata          fs.o
    0x08019329   0x08019329   0x00000003   PAD
    0x0801932c   0x0801932c   0x00000014   Data   RO          437    .constdata          fs.o
    0x08019340   0x08019340   0x00000014   Data   RO          438    .constdata          fs.o
    0x08019354   0x08019354   0x00000014   Data   RO          439    .constdata          fs.o
    0x08019368   0x08019368   0x00000014   Data   RO          440    .constdata          fs.o
    0x0801937c   0x0801937c   0x00000014   Data   RO          441    .constdata          fs.o
    0x08019390   0x08019390   0x0000063c   Data   RO          465    .constdata          httpserver-netconn.o
    0x080199cc   0x080199cc   0x00000060   Data   RO          492    .constdata          custom_stm32f4_board.o
    0x08019a2c   0x08019a2c   0x00000014   Data   RO          513    .constdata          tm_stm32f4_dma.o
    0x08019a40   0x08019a40   0x000011d0   Data   RO          600    .constdata          stm32f4_discovery_lcd.o
    0x0801ac10   0x0801ac10   0x00000054   Data   RO          632    .constdata          stm32f4_discovery.o
    0x0801ac64   0x0801ac64   0x00000030   Data   RO         1082    .constdata          memp.o
    0x0801ac94   0x0801ac94   0x00000014   Data   RO         1185    .constdata          tcp.o
    0x0801aca8   0x0801aca8   0x00000004   Data   RO         1333    .constdata          ip_addr.o
    0x0801acac   0x0801acac   0x00000004   Data   RO         1334    .constdata          ip_addr.o
    0x0801acb0   0x0801acb0   0x0000000c   Data   RO         1363    .constdata          etharp.o
    0x0801acbc   0x0801acbc   0x00000075   Data   RO         1186    .conststring        tcp.o
    0x0801ad31   0x0801ad31   0x00000003   PAD
    0x0801ad34   0x0801ad34   0x00000020   Data   RO         1895    Region$$Table       anon$$obj.o


    Execution Region RW_IRAM1 (Exec base: 0x20000000, Load base: 0x0801ad54, Size: 0x00010200, Max: 0x00020000, ABSOLUTE, COMPRESSED[0x000000bc])

    Exec Addr    Load Addr    Size         Type   Attr      Idx    E Section Name        Object

    0x20000000   COMPRESSED   0x00000024   Data   RW            5    .data               main.o
    0x20000024   COMPRESSED   0x00000014   Data   RW          296    .data               system_stm32f4xx.o
    0x20000038   COMPRESSED   0x00000004   Data   RW          318    .data               stm32f4xx_it.o
    0x2000003c   COMPRESSED   0x00000008   Data   RW          357    .data               netconf.o
    0x20000044   COMPRESSED   0x00000004   Data   RW          358    .data               netconf.o
    0x20000048   COMPRESSED   0x00000004   Data   RW          413    .data               stm32f4x7_eth_bsp.o
    0x2000004c   COMPRESSED   0x00000004   Data   RW          466    .data               httpserver-netconn.o
    0x20000050   COMPRESSED   0x00000030   Data   RW          493    .data               custom_stm32f4_board.o
    0x20000080   COMPRESSED   0x00000060   Data   RW          541    .data               tm_stm32f4_usart.o
    0x200000e0   COMPRESSED   0x00000030   Data   RW          561    .data               tm_stm32f4_usart_dma.o
    0x20000110   COMPRESSED   0x00000010   Data   RW          604    .data               stm32f4_discovery_lcd.o
    0x20000120   COMPRESSED   0x0000002c   Data   RW          633    .data               stm32f4_discovery.o
    0x2000014c   COMPRESSED   0x00000010   Data   RW          701    .data               stm32f4xx_rcc.o
    0x2000015c   COMPRESSED   0x0000000c   Data   RW          836    .data               stm32f4x7_eth.o
    0x20000168   COMPRESSED   0x00000010   Data   RW          949    .data               tcpip.o
    0x20000178   COMPRESSED   0x00000004   Data   RW          996    .data               udp.o
    0x2000017c   COMPRESSED   0x00000010   Data   RW         1067    .data               mem.o
    0x2000018c   COMPRESSED   0x0000000c   Data   RW         1110    .data               netif.o
    0x20000198   COMPRESSED   0x00000004   Data   RW         1144    .data               raw.o
    0x2000019c   COMPRESSED   0x0000004c   Data   RW         1187    .data               tcp.o
    0x200001e8   COMPRESSED   0x0000001c   Data   RW         1207    .data               tcp_in.o
    0x20000204   COMPRESSED   0x00000004   Data   RW         1244    .data               dhcp.o
    0x20000208   COMPRESSED   0x0000000c   Data   RW         1315    .data               ip.o
    0x20000214   COMPRESSED   0x00000001   Data   RW         1364    .data               etharp.o
    0x20000215   COMPRESSED   0x00000003   PAD
    0x20000218   COMPRESSED   0x0000000c   Data   RW         1398    .data               ethernetif.o
    0x20000224   COMPRESSED   0x00000002   Data   RW         1431    .data               sys_arch.o
    0x20000226   COMPRESSED   0x00000002   PAD
    0x20000228   COMPRESSED   0x0000004c   Data   RW         1507    .data               tasks.o
    0x20000274   COMPRESSED   0x00000004   Data   RW         1529    .data               port.o
    0x20000278   COMPRESSED   0x00000018   Data   RW         1547    .data               heap_2.o
    0x20000290   COMPRESSED   0x00000004   Data   RW         1871    .data               mc_w.l(stdout.o)
    0x20000294        -       0x000000c0   Zero   RW            3    .bss                main.o
    0x20000354        -       0x00000038   Zero   RW          354    .bss                netconf.o
    0x2000038c        -       0x000000f0   Zero   RW          431    .bss                fs.o
    0x2000047c        -       0x00000020   Zero   RW          535    .bss                tm_stm32f4_usart.o
    0x2000049c        -       0x00000020   Zero   RW          536    .bss                tm_stm32f4_usart.o
    0x200004bc        -       0x00000020   Zero   RW          537    .bss                tm_stm32f4_usart.o
    0x200004dc        -       0x00000020   Zero   RW          538    .bss                tm_stm32f4_usart.o
    0x200004fc        -       0x00000020   Zero   RW          539    .bss                tm_stm32f4_usart.o
    0x2000051c        -       0x00000020   Zero   RW          540    .bss                tm_stm32f4_usart.o
    0x2000053c        -       0x0000003c   Zero   RW          560    .bss                tm_stm32f4_usart_dma.o
    0x20000578        -       0x00000016   Zero   RW          582    .bss                tm_stm32f4_gpio.o
    0x2000058e   COMPRESSED   0x00000002   PAD
    0x20000590        -       0x000000a0   Zero   RW          831    .bss                stm32f4x7_eth.o
    0x20000630        -       0x000000a0   Zero   RW          832    .bss                stm32f4x7_eth.o
    0x200006d0        -       0x00001dc4   Zero   RW          833    .bss                stm32f4x7_eth.o
    0x20002494        -       0x00001dc4   Zero   RW          834    .bss                stm32f4x7_eth.o
    0x20004258        -       0x0000000c   Zero   RW          835    .bss                stm32f4x7_eth.o
    0x20004264        -       0x00001414   Zero   RW         1066    .bss                mem.o
    0x20005678        -       0x00002b83   Zero   RW         1081    .bss                memp.o
    0x200081fb   COMPRESSED   0x00000001   PAD
    0x200081fc        -       0x00000014   Zero   RW         1206    .bss                tcp_in.o
    0x20008210        -       0x00000010   Zero   RW         1290    .bss                inet.o
    0x20008220        -       0x000000a0   Zero   RW         1362    .bss                etharp.o
    0x200082c0        -       0x00000030   Zero   RW         1430    .bss                sys_arch.o
    0x200082f0        -       0x0000010e   Zero   RW         1506    .bss                tasks.o
    0x200083fe   COMPRESSED   0x00000002   PAD
    0x20008400        -       0x00003c00   Zero   RW         1546    .bss                heap_2.o
    0x2000c000        -       0x00004200   Zero   RW         1560    STACK               startup_stm32f4xx.o


==============================================================================

Image component sizes


      Code (inc. data)   RO Data    RW Data    ZI Data      Debug   Object Name

       760         44          0          0          0      18127   api_lib.o
      2376         32          0          0          0       9399   api_msg.o
       816         32          0          0          0       4686   autoip.o
      1080         42         96         48          0       3802   custom_stm32f4_board.o
      3620         48          0          4          0      12877   dhcp.o
      1464         24         12          1        160       9494   etharp.o
       572         56          0         12          0       4086   ethernetif.o
       220         10      43377          0        240       5101   fs.o
       248         10          0         24      15360       3848   heap_2.o
      1000        464       1596          4          0       8492   httpserver-netconn.o
       434          0          0          0          0       2787   icmp.o
       432         12          0          0         16       3404   inet.o
       276          0          0          0          0       2894   inet_chksum.o
        28          0          0          0          0       1971   init.o
       740         14          0         12          0       6574   ip.o
        62          0          8          0          0       5965   ip_addr.o
       140          0          0          0          0       3493   list.o
      1652        126          0         36        192     413047   main.o
       656         10          0         16       5140       4270   mem.o
       136          8         48          0      11139       2770   memp.o
       188         14          0          0          0       2189   misc.o
       332          0          0          0          0       3481   netbuf.o
       280         32          2         12         56       8827   netconf.o
       412         12          0         12          0       5856   netif.o
      1086          0          0          0          0       6088   pbuf.o
       296         24          0          4          0       2841   port.o
      1162          0          0          0          0       8225   queue.o
       368          4          0          4          0       3985   raw.o
        36          8        392          0      16896        816   startup_stm32f4xx.o
      1084         30         84         44          0       5259   stm32f4_discovery.o
      3596         46       4560         16          0      15062   stm32f4_discovery_lcd.o
      2992         90          0         12      15572      21276   stm32f4x7_eth.o
       584         64          0          4          0       1981   stm32f4x7_eth_bsp.o
       836         34          0          0          0       7113   stm32f4xx_dma.o
       236         10          0          0          0       2675   stm32f4xx_exti.o
      1204          8          0          0          0       6251   stm32f4xx_fsmc.o
       548         36          0          0          0       4677   stm32f4xx_gpio.o
       728         52          0          4          0       3992   stm32f4xx_it.o
      1076         44          0         16          0      12019   stm32f4xx_rcc.o
       444         16          0          0          0       7616   stm32f4xx_sdio.o
       112         16          0          0          0       1679   stm32f4xx_syscfg.o
      2754         60          0          0          0      25004   stm32f4xx_tim.o
       948         24          0          0          0       8708   stm32f4xx_usart.o
       500          6          0          0          0       3696   sys.o
       508         10          0          2         48       5746   sys_arch.o
       388         36          0         20          0       1987   system_stm32f4xx.o
      2164         62          0         76        270      13933   tasks.o
      2396         46        137         76          0      18916   tcp.o
      3496         66          0         28         20      14144   tcp_in.o
      2334         12          0          0          0       7858   tcp_out.o
       804         58          0         16          0      15685   tcpip.o
       532         18         20          0          0      24005   tm_stm32f4_dma.o
       704         14          0          0         22       5516   tm_stm32f4_gpio.o
      1760         80          0         96        192       9399   tm_stm32f4_usart.o
       396         40          0         48         60       4095   tm_stm32f4_usart_dma.o
       908         10          0          4          0      14455   udp.o

    ----------------------------------------------------------------------
     54916       2014      50370        656      65388     832142   Object Totals
         0          0         32          0          0          0   (incl. Generated)
        12          0          6          5          5          0   (incl. Padding)

    ----------------------------------------------------------------------

      Code (inc. data)   RO Data    RW Data    ZI Data      Debug   Library Member Name

        86          0          0          0          0          0   __dczerorl2.o
         0          0          0          0          0          0   entry.o
         0          0          0          0          0          0   entry10a.o
         0          0          0          0          0          0   entry11a.o
         8          4          0          0          0          0   entry2.o
         4          0          0          0          0          0   entry5.o
         0          0          0          0          0          0   entry7b.o
         0          0          0          0          0          0   entry8b.o
         8          4          0          0          0          0   entry9a.o
        30          0          0          0          0          0   handlers.o
        36          8          0          0          0         68   init.o
         0          0          0          0          0          0   iusefp.o
        30          0          0          0          0         68   llshl.o
        36          0          0          0          0         68   llsshr.o
        32          0          0          0          0         68   llushr.o
        26          0          0          0          0         80   memcmp.o
        36          0          0          0          0         68   memcpya.o
        36          0          0          0          0        108   memseta.o
       522         20          0          0          0        336   printf3.o
      2292         84          0          0          0        516   printfa.o
         0          0          0          4          0          0   stdout.o
        24          0          0          0          0         68   strcat.o
        28          0          0          0          0         76   strcmp.o
        14          0          0          0          0         68   strlen.o
        30          0          0          0          0         80   strncmp.o
        24          0          0          0          0         76   strncpy.o
        44          0          0          0          0         80   uidiv.o
        98          0          0          0          0         92   uldiv.o
        48          0          0          0          0         68   cdcmple.o
        48          0          0          0          0         68   cdrcmple.o
       334          0          0          0          0        148   dadd.o
       222          0          0          0          0        100   ddiv.o
       186          0          0          0          0        176   depilogue.o
        48          0          0          0          0         68   dfixul.o
        34          0          0          0          0         76   dflti.o
        26          0          0          0          0         76   dfltui.o
       228          0          0          0          0         96   dmul.o

    ----------------------------------------------------------------------
      4622        120          0          4          0       2796   Library Totals
         4          0          0          0          0          0   (incl. Padding)

    ----------------------------------------------------------------------

      Code (inc. data)   RO Data    RW Data    ZI Data      Debug   Library Name

      3444        120          0          4          0       1920   mc_w.l
      1174          0          0          0          0        876   mf_w.l

    ----------------------------------------------------------------------
      4622        120          0          4          0       2796   Library Totals

    ----------------------------------------------------------------------

==============================================================================


      Code (inc. data)   RO Data    RW Data    ZI Data      Debug   

     59538       2134      50370        660      65388     827526   Grand Totals
     59538       2134      50370        188      65388     827526   ELF Image Totals (compressed)
     59538       2134      50370        188          0          0   ROM Totals

==============================================================================

    Total RO  Size (Code + RO Data)               109908 ( 107.33kB)
    Total RW  Size (RW Data + ZI Data)             66048 (  64.50kB)
    Total ROM Size (Code + RO Data + RW Data)     110096 ( 107.52kB)

==============================================================================

